## an ask that can't be answered here, two queued prompts, every overview fact
  composer ComposerView { mode: Send, activity: None }
  queue [QueuedRow { input_id: [113, 49], text: [Text("queued q1")], from_agent: None, steered: false, can_withdraw: true, can_send_now: true }, QueuedRow { input_id: [109, 49], text: [Text("queued m1")], from_agent: Some("reviewer"), steered: false, can_withdraw: true, can_send_now: true }]
  underway []
  refused []
  ask menu-1 Open body Unanswerable { reason: "a menu this build can't read" }
    choices []
  overview Overview { tasks: Some(TasksView { done: 1, total: 3, current: "Updating the copy", entries: [TaskLine { subject: "Read", mark: Done }, TaskLine { subject: "Update copy", mark: Current }, TaskLine { subject: "Test", mark: Todo }] }), jobs: [JobRow { step: Some("t1"), command: "npm run dev", started_at_ms: 1000 }, JobRow { step: Some("t2"), command: "cargo watch", started_at_ms: 2000 }], failed_servers: [ServerView { name: "github", error: "401", needs_auth: false }], usage_near_limit: Some(UsageView { blocked: false, windows: [UsageWindowView { label: FiveHour, used_percent: 91.0, resets_at_ms: Some(5), state: NearLimit }], credits: None }), changes: None }
  context Some(ContextView { used_tokens: 171000, window_tokens: Some(200000), percent: Some(85), near_full: true }) sign-in Some(SignInView { state: Expired, account: "me@example.com", message: "Log in again" })
## q1 sent now: it reads steered; my own prompt queued behind
  composer ComposerView { mode: Send, activity: None }
  queue [QueuedRow { input_id: [113, 49], text: [Text("queued q1")], from_agent: None, steered: true, can_withdraw: false, can_send_now: false }, QueuedRow { input_id: [109, 49], text: [Text("queued m1")], from_agent: Some("reviewer"), steered: false, can_withdraw: true, can_send_now: true }, QueuedRow { input_id: [113, 50], text: [Text("queued q2")], from_agent: None, steered: false, can_withdraw: true, can_send_now: true }]
  underway []
  refused []
  ask menu-1 Open body Unanswerable { reason: "a menu this build can't read" }
    choices []
  overview Overview { tasks: Some(TasksView { done: 1, total: 3, current: "Updating the copy", entries: [TaskLine { subject: "Read", mark: Done }, TaskLine { subject: "Update copy", mark: Current }, TaskLine { subject: "Test", mark: Todo }] }), jobs: [JobRow { step: Some("t1"), command: "npm run dev", started_at_ms: 1000 }, JobRow { step: Some("t2"), command: "cargo watch", started_at_ms: 2000 }], failed_servers: [ServerView { name: "github", error: "401", needs_auth: false }], usage_near_limit: Some(UsageView { blocked: false, windows: [UsageWindowView { label: FiveHour, used_percent: 91.0, resets_at_ms: Some(5), state: NearLimit }], credits: None }), changes: None }
  context Some(ContextView { used_tokens: 171000, window_tokens: Some(200000), percent: Some(85), near_full: true }) sign-in Some(SignInView { state: Expired, account: "me@example.com", message: "Log in again" })
## not confirmed (resend or discard), rejected with its reason, and one in flight
  composer ComposerView { mode: Send, activity: None }
  queue [QueuedRow { input_id: [113, 49], text: [Text("queued q1")], from_agent: None, steered: true, can_withdraw: false, can_send_now: false }, QueuedRow { input_id: [109, 49], text: [Text("queued m1")], from_agent: Some("reviewer"), steered: false, can_withdraw: true, can_send_now: true }, QueuedRow { input_id: [113, 50], text: [Text("queued q2")], from_agent: None, steered: false, can_withdraw: true, can_send_now: true }]
  underway [SentPrompt { input_id: [102, 108, 121, 105, 110, 103], text: [Text("in flight")], lands: Queue, underway: Sending { waiting: false } }, SentPrompt { input_id: [108, 111, 115, 116], text: [Text("did this land?")], lands: Queue, underway: MayNotHaveArrived }]
  refused [RefusedPrompt { input_id: [110, 111, 112, 101], reason: Draining }]
  ask menu-1 Open body Unanswerable { reason: "a menu this build can't read" }
    choices []
  overview Overview { tasks: Some(TasksView { done: 1, total: 3, current: "Updating the copy", entries: [TaskLine { subject: "Read", mark: Done }, TaskLine { subject: "Update copy", mark: Current }, TaskLine { subject: "Test", mark: Todo }] }), jobs: [JobRow { step: Some("t1"), command: "npm run dev", started_at_ms: 1000 }, JobRow { step: Some("t2"), command: "cargo watch", started_at_ms: 2000 }], failed_servers: [ServerView { name: "github", error: "401", needs_auth: false }], usage_near_limit: Some(UsageView { blocked: false, windows: [UsageWindowView { label: FiveHour, used_percent: 91.0, resets_at_ms: Some(5), state: NearLimit }], credits: None }), changes: None }
  context Some(ContextView { used_tokens: 171000, window_tokens: Some(200000), percent: Some(85), near_full: true }) sign-in Some(SignInView { state: Expired, account: "me@example.com", message: "Log in again" })
## exited: the ask is dismissed and the composer offers Resume
  composer ComposerView { mode: Resume, activity: None }
  queue [QueuedRow { input_id: [113, 49], text: [Text("queued q1")], from_agent: None, steered: true, can_withdraw: false, can_send_now: false }, QueuedRow { input_id: [109, 49], text: [Text("queued m1")], from_agent: Some("reviewer"), steered: false, can_withdraw: false, can_send_now: false }, QueuedRow { input_id: [113, 50], text: [Text("queued q2")], from_agent: None, steered: false, can_withdraw: false, can_send_now: false }]
  underway [SentPrompt { input_id: [102, 108, 121, 105, 110, 103], text: [Text("in flight")], lands: Queue, underway: Sending { waiting: false } }, SentPrompt { input_id: [108, 111, 115, 116], text: [Text("did this land?")], lands: Queue, underway: MayNotHaveArrived }]
  refused [RefusedPrompt { input_id: [110, 111, 112, 101], reason: Draining }]
  ask menu-1 Dismissed body Unanswerable { reason: "a menu this build can't read" }
    choices []
  overview Overview { tasks: Some(TasksView { done: 1, total: 3, current: "Updating the copy", entries: [TaskLine { subject: "Read", mark: Done }, TaskLine { subject: "Update copy", mark: Current }, TaskLine { subject: "Test", mark: Todo }] }), jobs: [JobRow { step: Some("t1"), command: "npm run dev", started_at_ms: 1000 }, JobRow { step: Some("t2"), command: "cargo watch", started_at_ms: 2000 }], failed_servers: [ServerView { name: "github", error: "401", needs_auth: false }], usage_near_limit: Some(UsageView { blocked: false, windows: [UsageWindowView { label: FiveHour, used_percent: 91.0, resets_at_ms: Some(5), state: NearLimit }], credits: None }), changes: None }
  context Some(ContextView { used_tokens: 171000, window_tokens: Some(200000), percent: Some(85), near_full: true }) sign-in Some(SignInView { state: Expired, account: "me@example.com", message: "Log in again" })
## resumed but detached: drafting continues, sending waits
  composer ComposerView { mode: Disabled(Detached), activity: None }
  queue [QueuedRow { input_id: [113, 49], text: [Text("queued q1")], from_agent: None, steered: true, can_withdraw: false, can_send_now: false }, QueuedRow { input_id: [109, 49], text: [Text("queued m1")], from_agent: Some("reviewer"), steered: false, can_withdraw: false, can_send_now: false }, QueuedRow { input_id: [113, 50], text: [Text("queued q2")], from_agent: None, steered: false, can_withdraw: false, can_send_now: false }]
  underway [SentPrompt { input_id: [108, 111, 115, 116], text: [Text("did this land?")], lands: Queue, underway: Sending { waiting: true } }, SentPrompt { input_id: [102, 108, 121, 105, 110, 103], text: [Text("in flight")], lands: Queue, underway: Sending { waiting: true } }]
  refused [RefusedPrompt { input_id: [110, 111, 112, 101], reason: Draining }]
  ask none
  overview Overview { tasks: Some(TasksView { done: 1, total: 3, current: "Updating the copy", entries: [TaskLine { subject: "Read", mark: Done }, TaskLine { subject: "Update copy", mark: Current }, TaskLine { subject: "Test", mark: Todo }] }), jobs: [JobRow { step: Some("t1"), command: "npm run dev", started_at_ms: 1000 }, JobRow { step: Some("t2"), command: "cargo watch", started_at_ms: 2000 }], failed_servers: [ServerView { name: "github", error: "401", needs_auth: false }], usage_near_limit: Some(UsageView { blocked: false, windows: [UsageWindowView { label: FiveHour, used_percent: 91.0, resets_at_ms: Some(5), state: NearLimit }], credits: None }), changes: None }
  context Some(ContextView { used_tokens: 171000, window_tokens: Some(200000), percent: Some(85), near_full: true }) sign-in Some(SignInView { state: Expired, account: "me@example.com", message: "Log in again" })
