## 0 initial
  composer Send activity=None queue=[] outbox=[]
## 1 input {"id":"p1","prompt":{"text":"first"}}
  composer Send activity=None queue=[QueuedRow { input_id: [112, 49], text: [Text("first")], from_agent: None, mine: true, steered: false, can_withdraw: true, can_send_now: true }] outbox=[]
## 2 fact {"channel":"hook","json":{"hook_event_name":"SessionStart","model":"claude-opus-5-5","session_id":"s1","source":"startup","transcript_path":"/t/s1.jsonl"}}
  row    1 boundary:1 Boundary { kind: Started, cause: "" }
  composer Send activity=Some(Working) queue=[] outbox=[]
## 3 fact {"channel":"transcript","json":{"message":{"content":"first","role":"user"},"origin":{"kind":"human"},"promptSource":"typed","sessionId":"s1","timestamp":"2027-01-15T08:00:00.010Z","type":"user","uuid":"u1"}}
  row    2 u1 Prompt { text: [Text("first")], steered: false }
## 4 input {"id":"p2","prompt":{"text":"second"}}
  composer Send activity=Some(Working) queue=[QueuedRow { input_id: [112, 50], text: [Text("second")], from_agent: None, mine: true, steered: false, can_withdraw: true, can_send_now: true }] outbox=[]
## 5 input {"id":"w1","withdraw":{"target":"p2"}}
  composer Send activity=Some(Working) queue=[] outbox=[]
## 10 fact {"channel":"transcript","json":{"message":{"content":[{"text":"[Request interrupted by user]","type":"text"}],"role":"user"},"sessionId":"s1","timestamp":"2027-01-15T08:00:00.020Z","type":"user","uuid":"u2"}}
  row    3 u2 Hidden collapsed
  row    4 turn:1 Stopped
  composer Send activity=None queue=[] outbox=[]
## 12 input {"id":"p3","prompt":{"text":"/compact"}}
  composer Send activity=Some(Working) queue=[] outbox=[OutboxRow { input_id: [112, 51], text: [Text("/compact")], state: Sending }]
## 13 fact {"channel":"transcript","json":{"message":{"content":"/compact","role":"user"},"sessionId":"s1","timestamp":"2027-01-15T08:00:00.030Z","type":"user","uuid":"u3"}}
  row    5 u3 SlashOutput { command: "/compact", args: "", output: "" }
  composer Send activity=Some(Working) queue=[] outbox=[]
## 14 fact {"channel":"hook","json":{"hook_event_name":"SessionStart","model":"claude-opus-5-5","session_id":"s1","source":"compact","transcript_path":"/t/s1.jsonl"}}
  row    6 boundary:2 Boundary { kind: Compacted, cause: "" }
  composer Send activity=None queue=[] outbox=[]
## 15 fact {"channel":"transcript","json":{"message":{"content":"<local-command-stdout>Compacted</local-command-stdout>","role":"user"},"sessionId":"s1","timestamp":"2027-01-15T08:00:00.040Z","type":"user","uuid":"u4"}}
  row    5 u3 SlashOutput { command: "/compact", args: "", output: "Compacted" }
## 17 input {"agent_message":{"envelope":"e1","from":"reviewer","text":"please look at the diff"},"id":"m1"}
  row    7 agent-message:6531 AgentMessage { from: "reviewer", kind: Message, text: "please look at the diff", to: "", sent: Unspecified, rejection: "" }
## 18 fact {"channel":"transcript","json":{"isMeta":true,"message":{"content":"Another Claude session sent a message:\n<cross-session-message from=\"amux\" from-name=\"reviewer\">\nplease look at the diff\n</cross-session-message>","role":"user"},"sessionId":"s1","timestamp":"2027-01-15T08:00:00.050Z","type":"user","uuid":"u5"}}
  composer Send activity=Some(Working) queue=[] outbox=[]
## 19 fact {"channel":"transcript","json":{"message":{"content":[{"text":"Looking.","type":"text"}],"id":"m5","model":"claude-opus-5-5","role":"assistant"},"sessionId":"s1","timestamp":"2027-01-15T08:00:00.060Z","type":"assistant","uuid":"a5"}}
  row    8 a5 Prose { text: [Text("Looking.")], streaming: false, working_note: false }
## 20 input {"agent_message":{"envelope":"e2","from":"reviewer","text":"and the tests"},"id":"m2"}
  row    9 agent-message:6532 AgentMessage { from: "reviewer", kind: Message, text: "and the tests", to: "", sent: Unspecified, rejection: "" }
## 22 fact {"channel":"transcript","json":{"durationMs":20,"sessionId":"s1","subtype":"turn_duration","timestamp":"2027-01-15T08:00:00.070Z","type":"system","uuid":"d5"}}
  row   10 turn:3 TurnEnd { duration_ms: Some(20), cost_usd: None, failed: false }
  composer Send activity=None queue=[] outbox=[]
== chat
     1 boundary:1 Boundary { kind: Started, cause: "" }
     2 u1 Prompt { text: [Text("first")], steered: false }
     3 u2 Hidden collapsed
     4 turn:1 Stopped
     5 u3 SlashOutput { command: "/compact", args: "", output: "Compacted" }
     6 boundary:2 Boundary { kind: Compacted, cause: "" }
     7 agent-message:6531 AgentMessage { from: "reviewer", kind: Message, text: "please look at the diff", to: "", sent: Unspecified, rejection: "" }
     8 a5 Prose { text: [Text("Looking.")], streaming: false, working_note: false }
     9 agent-message:6532 AgentMessage { from: "reviewer", kind: Message, text: "and the tests", to: "", sent: Unspecified, rejection: "" }
    10 turn:3 TurnEnd { duration_ms: Some(20), cost_usd: None, failed: false }
== strip Strip { tasks: None, context: None, model: Some("claude-opus-5-5"), effort: None, mode: None, usage: None, failed_servers: [], sign_in: None, background: None, working_on: None }
== settings
  model* reported claude-opus-5-5 "" efforts=[]
  mode: cycle to the next
  refused mode: Terminal Claude changes mode only by cycling through its modes.
