## 0 initial
  composer Send activity=None queue=[] underway=[] refused=[]
## 3 input {"id":"p1","prompt":{"text":"clean up"}}
  composer Send activity=Some(Working) queue=[] underway=[SentPrompt { input_id: [112, 49], text: [Text("clean up")], lands: Queue, underway: Sending { waiting: false } }] refused=[]
## 4 fact {"channel":"hook","json":{"hook_event_name":"SessionStart","model":"claude-opus-5-5","session_id":"s1","source":"startup","transcript_path":"/t/s1.jsonl"}}
  row    1 boundary:1 Boundary { kind: Started, cause: "" }
## 5 fact {"channel":"hook","json":{"hook_event_name":"PermissionRequest","permission_suggestions":[],"tool_input":{"command":"rm -rf build"},"tool_name":"Bash"}}
  ask ask:1 -> "" 1/1 Open
    choices AllowOnce*, Deny { stops: true }+note
    body Command { command: "rm -rf build", cwd: "", reason: "", description: "" }
  composer Send activity=None queue=[] underway=[SentPrompt { input_id: [112, 49], text: [Text("clean up")], lands: Queue, underway: Sending { waiting: false } }] refused=[]
## 6 fact {"channel":"transcript","json":{"message":{"content":"clean up","role":"user"},"origin":{"kind":"human"},"promptSource":"typed","sessionId":"s1","timestamp":"2027-01-15T08:00:00.010Z","type":"user","uuid":"u1"}}
  row    2 u1 Prompt { text: [Text("clean up")], steered: false }
  composer Send activity=None queue=[] underway=[] refused=[]
## 7 fact {"channel":"transcript","json":{"message":{"content":"never mind","role":"user"},"origin":{"kind":"human"},"promptSource":"typed","sessionId":"s1","timestamp":"2027-01-15T08:00:05.000Z","type":"user","uuid":"u2"}}
  row    3 u2 Prompt { text: [Text("never mind")], steered: false }
  ask none
  composer Send activity=Some(Working) queue=[] underway=[] refused=[]
== chat
     1 boundary:1 Boundary { kind: Started, cause: "" }
     2 u1 Prompt { text: [Text("clean up")], steered: false }
     3 u2 Prompt { text: [Text("never mind")], steered: false }
== overview Overview { tasks: None, jobs: [], failed_servers: [], usage_near_limit: None, changes: None }
== context None sign-in None
== settings
  model* reported claude-opus-5-5 "" efforts=[]
  permission  "default" "Ask" normal unsettable
  permission  "acceptEdits" "Accept edits" unsettable
  permission  "plan" "Plan" unsettable
  permission  "auto" "Auto" unsettable
  permission: cycle to the next
  refused permission: Terminal Claude changes permission only by cycling through its permissions.
  by typing: To change the model or effort, type /model <name> or /effort <level> in the composer.
