## 0 initial
  composer Send activity=None queue=[] outbox=[]
## 3 recorded 1: fact Transcript type=assistant uuid=fecf3c49-ef27-43f8-88ca-e3addea98097
  composer Send activity=Some(Working) queue=[] outbox=[]
## 11 recorded 9: fact Transcript type=assistant uuid=2fe54192-94de-47c9-8952-81cd5f90a77b
  row    1 toolu_0111yBonGHJL4YvNmE5Zm5iK FileChange { files: [FileRow { path: "/tmp/planner-probe/permission-request-target.txt", change: Created { lines: 1 }, added: 1, removed: 0 }], state: Running }
  composer Send activity=Some(Running { key: "toolu_0111yBonGHJL4YvNmE5Zm5iK" }) queue=[] outbox=[]
## 13 recorded 11: fact Transcript type=user uuid=28e06a2a-da3b-4238-a2e3-24ee0625ca69
  row    1 toolu_0111yBonGHJL4YvNmE5Zm5iK FileChange { files: [FileRow { path: "/tmp/planner-probe/permission-request-target.txt", change: Created { lines: 1 }, added: 1, removed: 0 }], state: Failed } attention
  composer Send activity=Some(Working) queue=[] outbox=[]
== chat
     1 toolu_0111yBonGHJL4YvNmE5Zm5iK FileChange { files: [FileRow { path: "/tmp/planner-probe/permission-request-target.txt", change: Created { lines: 1 }, added: 1, removed: 0 }], state: Failed } attention
== strip Strip { tasks: Some(TasksView { done: 0, total: 1, current: "Resuming from the live checklist" }), context: Some(ContextView { used_tokens: 10830, window_tokens: None, percent: None, in_strip: false }), model: Some("claude-haiku-4-5-20251001"), effort: None, mode: None, usage: None, failed_servers: [], sign_in: None, background: None, working_on: None }
== settings
  model* reported claude-haiku-4-5-20251001 "" efforts=[]
  mode: cycle to the next
  refused mode: Terminal Claude changes mode only by cycling through its modes.
  by typing: To change the model or effort, type /model <name> or /effort <level> in the composer.
