## 0 initial
  composer Send activity=None queue=[] outbox=[]
## 3 recorded 1: fact Hook hook_event_name=SessionStart
  row    1 boundary:1 Boundary { kind: Started, cause: "" }
## 13 recorded 11: fact Transcript type=user uuid=8633ad29-e7db-475f-9f54-cf9aa908e195
  row    2 8633ad29-e7db-475f-9f54-cf9aa908e195 Prompt { text: [Text("Use the Bash tool to run exactly: printf denied > denied.txt. Then stop.")], steered: false }
  composer Send activity=Some(Working) queue=[] outbox=[]
## 39 recorded 37: fact Hook hook_event_name=PreToolUse tool_use_id=toolu_01CDE89AMC7xR2jvcSMh2RsT
  row    3 toolu_01CDE89AMC7xR2jvcSMh2RsT Command { command: "printf denied > denied.txt", state: Running, exit_code: None, output_head: [], more_lines: 0, duration_ms: None }
  composer Send activity=Some(Running { key: "toolu_01CDE89AMC7xR2jvcSMh2RsT" }) queue=[] outbox=[]
## 41 recorded 39: fact Hook hook_event_name=PermissionRequest
  ask ask:1 -> "toolu_01CDE89AMC7xR2jvcSMh2RsT" 1/1 Open
    choices AllowOnce*, AllowAlways { subjects: [], directories: ["<MACHINE_PATH>"], mode: "", scope: Session, label: "" }, Deny { stops: true }+note
    body Command { command: "printf denied > denied.txt", cwd: "", reason: "", description: "Write \"denied\" to denied.txt" }
  composer Send activity=None queue=[] outbox=[]
## 43 recorded 41: fact Transcript type=assistant uuid=4dea177e-44ea-4480-a62d-76946d9fab36
  row    4 4dea177e-44ea-4480-a62d-76946d9fab36 Thinking { text: "", open: false, duration_ms: None }
## 47 recorded 45: fact Transcript type=user uuid=517eb65b-46bc-474f-8915-f00d50ac6d10
  row    3 toolu_01CDE89AMC7xR2jvcSMh2RsT Command { command: "printf denied > denied.txt", state: Denied, exit_code: None, output_head: ["The user doesn't want to proceed with this tool use. The tool use was rejected (eg. if it was a file edit, the new_string was NOT written to the file). STOP what you are doing and wait for the user to tell you how to proceed."], more_lines: 0, duration_ms: Some(361) }…
  ask none
  composer Send activity=Some(Working) queue=[] outbox=[]
## 50 recorded 48: fact Transcript type=user uuid=cbcedc43-9485-480d-a7d7-7914fab141d9
  row    5 cbcedc43-9485-480d-a7d7-7914fab141d9 Hidden collapsed
  row    6 turn:1 Stopped
  composer Send activity=None queue=[] outbox=[]
## 60 recorded 58: fact Transcript type=user uuid=bb9829a2-d4d0-4aa9-8f30-f3fbe430ccbc
  row    7 bb9829a2-d4d0-4aa9-8f30-f3fbe430ccbc Prompt { text: [Text("Use a read-only command instead")], steered: false }
  composer Send activity=Some(Working) queue=[] outbox=[]
== chat
     1 boundary:1 Boundary { kind: Started, cause: "" }
     2 8633ad29-e7db-475f-9f54-cf9aa908e195 Prompt { text: [Text("Use the Bash tool to run exactly: printf denied > denied.txt. Then stop.")], steered: false }
     3 toolu_01CDE89AMC7xR2jvcSMh2RsT Command { command: "printf denied > denied.txt", state: Denied, exit_code: None, output_head: ["The user doesn't want to proceed with this tool use. The tool use was rejected (eg. if it was a file edit, the new_string was NOT written to the file). STOP what you are doing and wait for the user to tell you how to proceed."], more_lines: 0, duration_ms: Some(361) }…
     4 4dea177e-44ea-4480-a62d-76946d9fab36 Thinking { text: "", open: false, duration_ms: None }
     5 cbcedc43-9485-480d-a7d7-7914fab141d9 Hidden collapsed
     6 turn:1 Stopped
     7 bb9829a2-d4d0-4aa9-8f30-f3fbe430ccbc Prompt { text: [Text("Use a read-only command instead")], steered: false }
== strip Strip { tasks: None, context: Some(ContextView { used_tokens: 36224, window_tokens: None, percent: None, in_strip: false }), model: Some("claude-haiku-4-5-20251001"), effort: None, mode: Some("default"), usage: None, failed_servers: [], sign_in: None, background: None, working_on: None }
== settings
  model* reported claude-haiku-4-5-20251001 "" efforts=[]
  mode* Claude("default")
  mode: cycle to the next
  refused mode: Terminal Claude changes mode only by cycling through its modes.
  by typing: To change the model or effort, type /model <name> or /effort <level> in the composer.
