## 0 initial
  composer Send activity=None queue=[] underway=[] refused=[]
## 3 recorded 1: fact Hook hook_event_name=SessionStart
  row    1 boundary:1 Boundary { kind: Started, cause: "" }
## 11 recorded 9: fact Transcript type=user uuid=1224baee-820a-4246-b67f-cfcfadf75a75
  row    2 1224baee-820a-4246-b67f-cfcfadf75a75 Prompt { text: [Text("Plan changing README.md's only line from CURRENT to UPDATED, then call ExitPlanMode. Do not ask questions.")], steered: false }
  composer Send activity=Some(Working) queue=[] underway=[] refused=[]
## 23 recorded 21: fact Hook hook_event_name=PreToolUse tool_use_id=toolu_01MXgmxQYQDSMgBP7xGgnaYC
  composer Send activity=Some(Running { key: "toolu_01MXgmxQYQDSMgBP7xGgnaYC" }) queue=[] underway=[] refused=[]
## 25 recorded 23: fact Hook hook_event_name=PostToolUse tool_use_id=toolu_01MXgmxQYQDSMgBP7xGgnaYC
  composer Send activity=Some(Working) queue=[] underway=[] refused=[]
## 27 recorded 25: fact Transcript type=assistant uuid=c642dc93-7f82-4701-ab64-d977ff7b6593
  row    3 c642dc93-7f82-4701-ab64-d977ff7b6593 Thinking { text: "", open: false, duration_ms: Some(3034) }
## 28 recorded 26: fact Transcript type=assistant uuid=815ec286-7f11-40e6-af31-7f8db532bb64
  row    4 toolu_01MXgmxQYQDSMgBP7xGgnaYC Command { command: "cat README.md 2>/dev/null || echo \"NOT FOUND\"", state: Running, exit_code: None, output_head: [], more_lines: 0, output_trimmed: false, output_tail: [], duration_ms: None } run[toolu_01MXgmxQYQDSMgBP7xGgnaYC..toolu_01MXgmxQYQDSMgBP7xGgnaYC x1 recent=0 live RunCounts { commands: 1, edits: 0, reads: 0, searches: 0, subagents: 0, other: 0 }]
  composer Send activity=Some(Running { key: "toolu_01MXgmxQYQDSMgBP7xGgnaYC" }) queue=[] underway=[] refused=[]
## 29 recorded 27: fact Transcript type=user uuid=aecfa0ae-e06d-4822-8670-aaa38098673e
  row    4 toolu_01MXgmxQYQDSMgBP7xGgnaYC Command { command: "cat README.md 2>/dev/null || echo \"NOT FOUND\"", state: Succeeded, exit_code: None, output_head: ["CURRENT"], more_lines: 0, output_trimmed: false, output_tail: ["CURRENT"], duration_ms: Some(538) } run[toolu_01MXgmxQYQDSMgBP7xGgnaYC..toolu_01MXgmxQYQDSMgBP7xGgnaYC x1 recent=0 live RunCounts { commands: 1, edits: 0, reads: 0, searches: 0, su…
  composer Send activity=Some(Working) queue=[] underway=[] refused=[]
## 44 recorded 42: fact Transcript type=assistant uuid=ee05acaa-d3b1-4310-8249-9fe53fdd2cf3
  row    5 ee05acaa-d3b1-4310-8249-9fe53fdd2cf3 Thinking { text: "", open: false, duration_ms: Some(2602) }
## 49 recorded 47: fact Hook hook_event_name=PreToolUse tool_use_id=toolu_01UbT2nWUMXVymiMwUBfmRiK
  composer Send activity=Some(Running { key: "toolu_01UbT2nWUMXVymiMwUBfmRiK" }) queue=[] underway=[] refused=[]
## 51 recorded 49: fact Hook hook_event_name=PostToolUse tool_use_id=toolu_01UbT2nWUMXVymiMwUBfmRiK
  composer Send activity=Some(Working) queue=[] underway=[] refused=[]
## 53 recorded 51: fact Transcript type=assistant uuid=dca5cd00-5feb-4899-b7b0-5595cfb28ce4
  row    4 toolu_01MXgmxQYQDSMgBP7xGgnaYC Command { command: "cat README.md 2>/dev/null || echo \"NOT FOUND\"", state: Succeeded, exit_code: None, output_head: ["CURRENT"], more_lines: 0, output_trimmed: false, output_tail: ["CURRENT"], duration_ms: Some(538) } run[toolu_01MXgmxQYQDSMgBP7xGgnaYC..toolu_01UbT2nWUMXVymiMwUBfmRiK x2 recent=1 live]
  row    5 ee05acaa-d3b1-4310-8249-9fe53fdd2cf3 Thinking { text: "", open: false, duration_ms: Some(2602) } run[toolu_01MXgmxQYQDSMgBP7xGgnaYC..toolu_01UbT2nWUMXVymiMwUBfmRiK x2 live] collapsed
  row    6 toolu_01UbT2nWUMXVymiMwUBfmRiK Explore { verb: Search, subject: "select:ExitPlanMode", state: Running } run[toolu_01MXgmxQYQDSMgBP7xGgnaYC..toolu_01UbT2nWUMXVymiMwUBfmRiK x2 recent=0 live RunCounts { commands: 1, edits: 0, reads: 0, searches: 1, subagents: 0, other: 0 }]
  composer Send activity=Some(Running { key: "toolu_01UbT2nWUMXVymiMwUBfmRiK" }) queue=[] underway=[] refused=[]
## 54 recorded 52: fact Transcript type=user uuid=9c8c7af2-331c-4011-9567-ecc760e5e77d
  row    6 toolu_01UbT2nWUMXVymiMwUBfmRiK Explore { verb: Search, subject: "select:ExitPlanMode", state: Succeeded } run[toolu_01MXgmxQYQDSMgBP7xGgnaYC..toolu_01UbT2nWUMXVymiMwUBfmRiK x2 recent=0 live RunCounts { commands: 1, edits: 0, reads: 0, searches: 1, subagents: 0, other: 0 }]
  composer Send activity=Some(Working) queue=[] underway=[] refused=[]
## 57 recorded 55: fact Hook hook_event_name=PreToolUse tool_use_id=toolu_01KRCAuhBR8hvUPHSRDAiB9p
  row    4 toolu_01MXgmxQYQDSMgBP7xGgnaYC Command { command: "cat README.md 2>/dev/null || echo \"NOT FOUND\"", state: Succeeded, exit_code: None, output_head: ["CURRENT"], more_lines: 0, output_trimmed: false, output_tail: ["CURRENT"], duration_ms: Some(538) } run[toolu_01MXgmxQYQDSMgBP7xGgnaYC..toolu_01UbT2nWUMXVymiMwUBfmRiK x2 recent=1] collapsed
  row    5 ee05acaa-d3b1-4310-8249-9fe53fdd2cf3 Thinking { text: "", open: false, duration_ms: Some(2602) } run[toolu_01MXgmxQYQDSMgBP7xGgnaYC..toolu_01UbT2nWUMXVymiMwUBfmRiK x2] collapsed
  row    6 toolu_01UbT2nWUMXVymiMwUBfmRiK Explore { verb: Search, subject: "select:ExitPlanMode", state: Succeeded } run[toolu_01MXgmxQYQDSMgBP7xGgnaYC..toolu_01UbT2nWUMXVymiMwUBfmRiK x2 recent=0 RunCounts { commands: 1, edits: 0, reads: 0, searches: 1, subagents: 0, other: 0 }]
  row    7 toolu_01KRCAuhBR8hvUPHSRDAiB9p Ask(Plan { title: Some("Context"), body: "\nThe user wants README.md's single line of content changed from `CURRENT` to `UPDATED`. This is a trivial, isolated one-line edit.\n\n# Plan\n\n- Edit `README.md`, replacing its only line `CURRENT` with `UPDATED`.\n\n# Verification\n\n- Read `README.md` to confirm it now contains `UPDATED` and nothing else.\n", verdict:…
  composer Send activity=Some(Running { key: "toolu_01KRCAuhBR8hvUPHSRDAiB9p" }) queue=[] underway=[] refused=[]
## 59 recorded 57: fact Hook hook_event_name=PermissionRequest
  ask ask:1 -> "toolu_01KRCAuhBR8hvUPHSRDAiB9p" 1/1 Open
    choices ApprovePlan { auto_accept_edits: false }*, ApprovePlan { auto_accept_edits: true }, SendBack+note
    body Plan { title: Some("Context"), body: "\nThe user wants README.md's single line of content changed from `CURRENT` to `UPDATED`. This is a trivial, isolated one-line edit.\n\n# Plan\n\n- Edit `README.md`, replacing its only line `CURRENT` with `UPDATED`.\n\n# Verification\n\n- Read `README.md` to confirm it now contains `UPDATED` and nothing else.\n" }
  composer Send activity=None queue=[] underway=[] refused=[]
## 61 recorded 59: fact Hook hook_event_name=PostToolUse tool_use_id=toolu_01KRCAuhBR8hvUPHSRDAiB9p
  row    7 toolu_01KRCAuhBR8hvUPHSRDAiB9p Ask(Plan { title: Some("Context"), body: "\nThe user wants README.md's single line of content changed from `CURRENT` to `UPDATED`. This is a trivial, isolated one-line edit.\n\n# Plan\n\n- Edit `README.md`, replacing its only line `CURRENT` with `UPDATED`.\n\n# Verification\n\n- Read `README.md` to confirm it now contains `UPDATED` and nothing else.\n", verdict:…
  ask none
  composer Send activity=Some(Working) queue=[] underway=[] refused=[]
## 73 recorded 71: fact Hook hook_event_name=PreToolUse tool_use_id=toolu_01MSt5E9ViPRq4nSpf3hbJii
  composer Send activity=Some(Running { key: "toolu_01MSt5E9ViPRq4nSpf3hbJii" }) queue=[] underway=[] refused=[]
## 75 recorded 73: fact Hook hook_event_name=PostToolUse tool_use_id=toolu_01MSt5E9ViPRq4nSpf3hbJii
  composer Send activity=Some(Working) queue=[] underway=[] refused=[]
## 77 recorded 75: fact Transcript type=assistant uuid=fb1fbc88-5037-4a08-9ebe-bea210e50745
  row    8 toolu_01MSt5E9ViPRq4nSpf3hbJii Explore { verb: Read, subject: "<MACHINE_PATH>", state: Running } run[toolu_01MSt5E9ViPRq4nSpf3hbJii..toolu_01MSt5E9ViPRq4nSpf3hbJii x1 recent=0 live RunCounts { commands: 0, edits: 0, reads: 1, searches: 0, subagents: 0, other: 0 }]
  composer Send activity=Some(Running { key: "toolu_01MSt5E9ViPRq4nSpf3hbJii" }) queue=[] underway=[] refused=[]
## 78 recorded 76: fact Transcript type=user uuid=55ae2bc8-50e3-449d-8886-e06679866d64
  row    8 toolu_01MSt5E9ViPRq4nSpf3hbJii Explore { verb: Read, subject: "<MACHINE_PATH>", state: Succeeded } run[toolu_01MSt5E9ViPRq4nSpf3hbJii..toolu_01MSt5E9ViPRq4nSpf3hbJii x1 recent=0 live RunCounts { commands: 0, edits: 0, reads: 1, searches: 0, subagents: 0, other: 0 }]
  composer Send activity=Some(Working) queue=[] underway=[] refused=[]
## 81 recorded 79: fact Hook hook_event_name=PreToolUse tool_use_id=toolu_012N117fcWKqVrMgjVuuCieR
  composer Send activity=Some(Running { key: "toolu_012N117fcWKqVrMgjVuuCieR" }) queue=[] underway=[] refused=[]
## 83 recorded 81: fact Hook hook_event_name=PostToolUse tool_use_id=toolu_012N117fcWKqVrMgjVuuCieR
  composer Send activity=Some(Working) queue=[] underway=[] refused=[]
## 85 recorded 83: fact Transcript type=assistant uuid=59d336c5-a6a8-4a6d-b5d5-7a3ccebea59c
  row    8 toolu_01MSt5E9ViPRq4nSpf3hbJii Explore { verb: Read, subject: "<MACHINE_PATH>", state: Succeeded } run[toolu_01MSt5E9ViPRq4nSpf3hbJii..toolu_012N117fcWKqVrMgjVuuCieR x2 recent=1 live]
  row    9 toolu_012N117fcWKqVrMgjVuuCieR FileChange { files: [FileRow { path: "<MACHINE_PATH>", change: Edited, added: 1, removed: 1, line: None }], state: Running } run[toolu_01MSt5E9ViPRq4nSpf3hbJii..toolu_012N117fcWKqVrMgjVuuCieR x2 recent=0 live RunCounts { commands: 0, edits: 1, reads: 1, searches: 0, subagents: 0, other: 0 }]
  composer Send activity=Some(Running { key: "toolu_012N117fcWKqVrMgjVuuCieR" }) queue=[] underway=[] refused=[]
## 87 recorded 85: fact Transcript type=user uuid=5645ba9f-3853-4c3b-93ff-6fb5ada890ee
  row    9 toolu_012N117fcWKqVrMgjVuuCieR FileChange { files: [FileRow { path: "<MACHINE_PATH>", change: Edited, added: 1, removed: 1, line: Some(1) }], state: Succeeded } run[toolu_01MSt5E9ViPRq4nSpf3hbJii..toolu_012N117fcWKqVrMgjVuuCieR x2 recent=0 live RunCounts { commands: 0, edits: 1, reads: 1, searches: 0, subagents: 0, other: 0 }]
  composer Send activity=Some(Working) queue=[] underway=[] refused=[]
== chat
     1 boundary:1 Boundary { kind: Started, cause: "" }
     2 1224baee-820a-4246-b67f-cfcfadf75a75 Prompt { text: [Text("Plan changing README.md's only line from CURRENT to UPDATED, then call ExitPlanMode. Do not ask questions.")], steered: false }
     3 c642dc93-7f82-4701-ab64-d977ff7b6593 Thinking { text: "", open: false, duration_ms: Some(3034) }
     4 toolu_01MXgmxQYQDSMgBP7xGgnaYC Command { command: "cat README.md 2>/dev/null || echo \"NOT FOUND\"", state: Succeeded, exit_code: None, output_head: ["CURRENT"], more_lines: 0, output_trimmed: false, output_tail: ["CURRENT"], duration_ms: Some(538) } run[toolu_01MXgmxQYQDSMgBP7xGgnaYC..toolu_01UbT2nWUMXVymiMwUBfmRiK x2 recent=1] collapsed
     5 ee05acaa-d3b1-4310-8249-9fe53fdd2cf3 Thinking { text: "", open: false, duration_ms: Some(2602) } run[toolu_01MXgmxQYQDSMgBP7xGgnaYC..toolu_01UbT2nWUMXVymiMwUBfmRiK x2] collapsed
     6 toolu_01UbT2nWUMXVymiMwUBfmRiK Explore { verb: Search, subject: "select:ExitPlanMode", state: Succeeded } run[toolu_01MXgmxQYQDSMgBP7xGgnaYC..toolu_01UbT2nWUMXVymiMwUBfmRiK x2 recent=0 RunCounts { commands: 1, edits: 0, reads: 0, searches: 1, subagents: 0, other: 0 }]
     7 toolu_01KRCAuhBR8hvUPHSRDAiB9p Ask(Plan { title: Some("Context"), body: "\nThe user wants README.md's single line of content changed from `CURRENT` to `UPDATED`. This is a trivial, isolated one-line edit.\n\n# Plan\n\n- Edit `README.md`, replacing its only line `CURRENT` with `UPDATED`.\n\n# Verification\n\n- Read `README.md` to confirm it now contains `UPDATED` and nothing else.\n", verdict:…
     8 toolu_01MSt5E9ViPRq4nSpf3hbJii Explore { verb: Read, subject: "<MACHINE_PATH>", state: Succeeded } run[toolu_01MSt5E9ViPRq4nSpf3hbJii..toolu_012N117fcWKqVrMgjVuuCieR x2 recent=1 live]
     9 toolu_012N117fcWKqVrMgjVuuCieR FileChange { files: [FileRow { path: "<MACHINE_PATH>", change: Edited, added: 1, removed: 1, line: Some(1) }], state: Succeeded } run[toolu_01MSt5E9ViPRq4nSpf3hbJii..toolu_012N117fcWKqVrMgjVuuCieR x2 recent=0 live RunCounts { commands: 0, edits: 1, reads: 1, searches: 0, subagents: 0, other: 0 }]
== overview Overview { tasks: None, jobs: [], failed_servers: [], usage_near_limit: None, changes: None }
== context Some(ContextView { used_tokens: 52254, window_tokens: None, percent: None, near_full: false }) sign-in None
== settings
  model* unlisted claude-sonnet-5 "Sonnet 5" efforts=[]
  permission  "default" "Ask" normal unsettable
  permission  "acceptEdits" "Accept edits" unsettable
  permission  "plan" "Plan" unsettable
  permission* "auto" "Auto" unsettable
  changes: model ByTyping("/model") · effort ByTyping("/effort") · permission Cycle · mode NotOffered
  controls: model=Some("Sonnet 5") effort=None permission=Some("auto") mode=None
