## 0 initial
  composer Send activity=None queue=[] outbox=[]
## 3 recorded 1: fact Hook hook_event_name=SessionStart
  row    1 boundary:1 Boundary { kind: Started, cause: "" }
## 13 recorded 11: fact Transcript type=user uuid=9aa3db1f-fa64-482e-814c-6bd0f8e1fe6c
  row    2 9aa3db1f-fa64-482e-814c-6bd0f8e1fe6c Prompt { text: [Text("Use the Agent tool to start one general-purpose subagent with this task: read config.txt with the Read tool and report its single line. Wait for it, then tell me what it reported.")], steered: false }
  composer Send activity=Some(Working) queue=[] outbox=[]
## 44 recorded 42: fact Transcript type=assistant uuid=3f5d9bd6-5f10-4d8b-9df0-fedf0e8580b5
  row    3 3f5d9bd6-5f10-4d8b-9df0-fedf0e8580b5 Thinking { text: "", open: false, duration_ms: Some(1541) }
## 45 recorded 43: fact Transcript type=assistant uuid=ee55d403-67f6-4a92-a4dc-f36bc84ded92
  row    4 toolu_01Q94ZL66KaMkoKdK6a9i5N1 Subagent { description: "Read config.txt and report its content", running: true, tool_count: 0, last_tool: "", answer: "", duration_ms: None }
  composer Send activity=Some(Subagents { count: 1 }) queue=[] outbox=[]
## 46 recorded 44: fact Transcript type=user uuid=a3bdceb9-661f-4a48-a846-4ef7b9ef20c1
  row    4 toolu_01Q94ZL66KaMkoKdK6a9i5N1 Subagent { description: "Read config.txt and report its content", running: true, tool_count: 0, last_tool: "", answer: "", duration_ms: None }
## 59 recorded 57: fact Transcript type=assistant uuid=5db8a0b4-c815-4c05-a5d2-50ed6891fc66
  row    5 5db8a0b4-c815-4c05-a5d2-50ed6891fc66 Thinking { text: "", open: false, duration_ms: Some(1352) }
## 61 recorded 59: fact Transcript type=assistant uuid=ef7a38a1-dee5-4df1-ac5b-39cba3365df4
  row    6 ef7a38a1-dee5-4df1-ac5b-39cba3365df4 Prose { text: [Text("The agent has been launched and is reading config.txt. I'll wait for it to complete and report back with what it found.")], streaming: false, working_note: false }
## 65 recorded 63: fact Transcript type=system subtype=turn_duration uuid=a598a776-55ac-4dd1-aafb-1200d93f7dd3
  row    7 turn:1 TurnEnd { duration_ms: Some(4367), cost_usd: None, failed: false }
  composer Send activity=None queue=[] outbox=[]
## 67 recorded 65: fact Hook hook_event_name=PreToolUse tool_use_id=toolu_017SdY8dBBFvKb4VHfysNWK9
  row    4 toolu_01Q94ZL66KaMkoKdK6a9i5N1 Subagent { description: "Read config.txt and report its content", running: true, tool_count: 1, last_tool: "Read", answer: "", duration_ms: None }
## 74 recorded 72: fact Transcript type=user uuid=243e90ef-fb16-4e26-8ba7-5bd7a45a9024
  row    4 toolu_01Q94ZL66KaMkoKdK6a9i5N1 Subagent { description: "Read config.txt and report its content", running: false, tool_count: 1, last_tool: "Read", answer: "The line says: `VALUE=1`", duration_ms: Some(3882) }
  composer Send activity=Some(Working) queue=[] outbox=[]
## 78 recorded 76: fact Transcript type=assistant uuid=ac02763d-a913-4fdf-98e7-0bc0d45f415b
  row    8 ac02763d-a913-4fdf-98e7-0bc0d45f415b Thinking { text: "", open: false, duration_ms: Some(3409) }
## 79 recorded 77: fact Transcript type=assistant uuid=00d54414-7253-46d8-882e-5dcd21926e04
  row    9 00d54414-7253-46d8-882e-5dcd21926e04 Prose { text: [Text("The subagent has completed. The single line in config.txt is:\n\n```\nVALUE=1\n```")], streaming: false, working_note: false }
## 82 recorded 80: fact Transcript type=system subtype=turn_duration uuid=8e3a94c5-1a67-442e-a625-94fd4a7b17f4
  row   10 turn:2 TurnEnd { duration_ms: Some(8062), cost_usd: None, failed: false }
  composer Send activity=None queue=[] outbox=[]
== chat
     1 boundary:1 Boundary { kind: Started, cause: "" }
     2 9aa3db1f-fa64-482e-814c-6bd0f8e1fe6c Prompt { text: [Text("Use the Agent tool to start one general-purpose subagent with this task: read config.txt with the Read tool and report its single line. Wait for it, then tell me what it reported.")], steered: false }
     3 3f5d9bd6-5f10-4d8b-9df0-fedf0e8580b5 Thinking { text: "", open: false, duration_ms: Some(1541) }
     4 toolu_01Q94ZL66KaMkoKdK6a9i5N1 Subagent { description: "Read config.txt and report its content", running: false, tool_count: 1, last_tool: "Read", answer: "The line says: `VALUE=1`", duration_ms: Some(3882) }
     5 5db8a0b4-c815-4c05-a5d2-50ed6891fc66 Thinking { text: "", open: false, duration_ms: Some(1352) }
     6 ef7a38a1-dee5-4df1-ac5b-39cba3365df4 Prose { text: [Text("The agent has been launched and is reading config.txt. I'll wait for it to complete and report back with what it found.")], streaming: false, working_note: false }
     7 turn:1 TurnEnd { duration_ms: Some(4367), cost_usd: None, failed: false }
     8 ac02763d-a913-4fdf-98e7-0bc0d45f415b Thinking { text: "", open: false, duration_ms: Some(3409) }
     9 00d54414-7253-46d8-882e-5dcd21926e04 Prose { text: [Text("The subagent has completed. The single line in config.txt is:\n\n```\nVALUE=1\n```")], streaming: false, working_note: false }
    10 turn:2 TurnEnd { duration_ms: Some(8062), cost_usd: None, failed: false }
== strip Strip { tasks: None, context: Some(ContextView { used_tokens: 37294, window_tokens: None, percent: None, in_strip: false }), model: Some("claude-haiku-4-5-20251001"), effort: None, mode: Some("bypassPermissions"), usage: None, failed_servers: [], sign_in: None, background: None, working_on: None }
== settings
  model* reported claude-haiku-4-5-20251001 "" efforts=[]
  mode* Claude("bypassPermissions") stops_asking
  mode: cycle to the next
  refused mode: Terminal Claude changes mode only by cycling through its modes.
  by typing: To change the model or effort, type /model <name> or /effort <level> in the composer.
