## 0 initial
  composer Send activity=None queue=[] outbox=[]
## 2 fact {"channel":"hook","json":{"cwd":"/w","hook_event_name":"SessionStart","model":"claude-opus-5-5","permission_mode":"default","session_id":"s1","source":"startup","transcript_path":"/t/s1.jsonl"}}
  row    1 boundary:1 Boundary { kind: Started, cause: "" }
## 4 fact {"channel":"transcript","json":{"message":{"content":"file the crash","role":"user"},"origin":{"kind":"human"},"promptSource":"typed","sessionId":"s1","timestamp":"2027-01-15T08:00:00.010Z","type":"user","uuid":"u1"}}
  row    2 u1 Prompt { text: [Text("file the crash")], steered: false }
  composer Send activity=Some(Working) queue=[] outbox=[]
## 6 fact {"channel":"hook","json":{"cwd":"/w","hook_event_name":"PreToolUse","permission_mode":"default","session_id":"s1","tool_input":{"title":"Crash on launch"},"tool_name":"mcp__github__create_issue","tool_use_id":"t1","transcript_path":"/t/s1.jsonl"}}
  row    3 t1 ToolCall { server: "github", tool: "create_issue", fact: "Crash on launch", state: Running, result: "" }
  composer Send activity=Some(Running { key: "t1" }) queue=[] outbox=[]
## 10 fact {"channel":"hook","json":{"cwd":"/w","hook_event_name":"Notification","message":"Claude Code needs your input","notification_type":"elicitation_dialog","permission_mode":"default","session_id":"s1","transcript_path":"/t/s1.jsonl"}}
  row    4 ask:ask:1 Ask(Unanswerable { reason: "Claude is showing a form from a tool server this build can't read. Attach to Claude's terminal to answer it, or stop the agent.", resolution: Open }) attention
  ask ask:1 -> "ask:ask:1" 1/1 Open
    choices 
    body Unanswerable { reason: "Claude is showing a form from a tool server this build can't read. Attach to Claude's terminal to answer it, or stop the agent." }
  composer Send activity=None queue=[] outbox=[]
## 11 input {"answer":{"answer":{"form":{"action":"accept","content":{"repo":"jlw/amux"}}},"ask":"ask:1"},"id":"x1"}
  ask ask:1 -> "ask:ask:1" 1/1 Rejected("unsupported")
    choices 
    body Unanswerable { reason: "Claude is showing a form from a tool server this build can't read. Attach to Claude's terminal to answer it, or stop the agent." }
## 14 fact {"channel":"transcript","json":{"message":{"content":[{"text":"Filing it now.","type":"text"}],"id":"m1","model":"claude-opus-5-5","role":"assistant"},"sessionId":"s1","timestamp":"2027-01-15T08:00:00.101Z","type":"assistant","uuid":"a1b"}}
  row    5 a1b Prose { text: [Text("Filing it now.")], streaming: false, working_note: false }
## 16 fact {"channel":"hook","json":{"cwd":"/w","duration_ms":29000,"hook_event_name":"PostToolUse","permission_mode":"default","session_id":"s1","tool_input":{"title":"Crash on launch"},"tool_name":"mcp__github__create_issue","tool_response":{"number":42},"tool_use_id":"t1","transcript_path":"/t/s1.jsonl"}}
  row    3 t1 ToolCall { server: "github", tool: "create_issue", fact: "Crash on launch", state: Succeeded, result: "" }
  row    4 ask:ask:1 Ask(Unanswerable { reason: "Claude is showing a form from a tool server this build can't read. Attach to Claude's terminal to answer it, or stop the agent.", resolution: Dismissed })
  ask none
  composer Send activity=Some(Working) queue=[] outbox=[]
## 18 fact {"channel":"hook","json":{"cwd":"/w","hook_event_name":"PreToolUse","permission_mode":"default","session_id":"s1","tool_input":{"account":"work"},"tool_name":"mcp__docs__sign_in","tool_use_id":"t2","transcript_path":"/t/s1.jsonl"}}
  row    6 t2 ToolCall { server: "docs", tool: "sign_in", fact: "work", state: Running, result: "" }
  composer Send activity=Some(Running { key: "t2" }) queue=[] outbox=[]
## 20 fact {"channel":"hook","json":{"cwd":"/w","hook_event_name":"Notification","message":"Claude Code needs your input","notification_type":"elicitation_url_dialog","permission_mode":"default","session_id":"s1","transcript_path":"/t/s1.jsonl"}}
  row    7 ask:ask:2 Ask(Unanswerable { reason: "Claude is showing a link from a tool server this build can't read. Attach to Claude's terminal to answer it, or stop the agent.", resolution: Open }) attention
  ask ask:2 -> "ask:ask:2" 1/1 Open
    choices 
    body Unanswerable { reason: "Claude is showing a link from a tool server this build can't read. Attach to Claude's terminal to answer it, or stop the agent." }
  composer Send activity=None queue=[] outbox=[]
## 21 input {"id":"i1","interrupt":{}}
  row    7 ask:ask:2 Ask(Unanswerable { reason: "Claude is showing a link from a tool server this build can't read. Attach to Claude's terminal to answer it, or stop the agent.", resolution: Cancelled })
  ask none
  composer Send activity=Some(Running { key: "t2" }) queue=[] outbox=[]
## 22 fact {"channel":"transcript","json":{"message":{"content":[{"content":"The user cancelled the sign-in.","is_error":true,"tool_use_id":"t2","type":"tool_result"}],"role":"user"},"sessionId":"s1","timestamp":"2027-01-15T08:00:30.200Z","type":"user","uuid":"r2"}}
  row    6 t2 ToolCall { server: "docs", tool: "sign_in", fact: "work", state: Failed, result: "The user cancelled the sign-in." } attention
  composer Send activity=Some(Working) queue=[] outbox=[]
## 24 fact {"channel":"hook","json":{"cwd":"/w","hook_event_name":"Notification","message":"Claude Code needs your input","notification_type":"elicitation_dialog","permission_mode":"default","session_id":"s1","transcript_path":"/t/s1.jsonl"}}
  row    8 ask:ask:3 Ask(Unanswerable { reason: "Claude is showing a form from a tool server this build can't read. Attach to Claude's terminal to answer it, or stop the agent.", resolution: Open }) attention
  ask ask:3 -> "ask:ask:3" 1/1 Open
    choices 
    body Unanswerable { reason: "Claude is showing a form from a tool server this build can't read. Attach to Claude's terminal to answer it, or stop the agent." }
  composer Send activity=None queue=[] outbox=[]
## 25 fact {"channel":"transcript","json":{"message":{"content":[{"text":"Signed out, filed #42.","type":"text"}],"id":"m3","model":"claude-opus-5-5","role":"assistant"},"sessionId":"s1","timestamp":"2027-01-15T08:00:30.400Z","type":"assistant","uuid":"a3"}}
  row    8 ask:ask:3 Ask(Unanswerable { reason: "Claude is showing a form from a tool server this build can't read. Attach to Claude's terminal to answer it, or stop the agent.", resolution: Dismissed })
  row    9 a3 Prose { text: [Text("Signed out, filed #42.")], streaming: false, working_note: false }
  ask none
  composer Send activity=Some(Working) queue=[] outbox=[]
## 27 fact {"channel":"hook","json":{"cwd":"/w","hook_event_name":"Notification","message":"Claude Code needs your input","notification_type":"elicitation_dialog","permission_mode":"default","session_id":"s1","transcript_path":"/t/s1.jsonl"}}
  row   10 ask:ask:4 Ask(Unanswerable { reason: "Claude is showing a form from a tool server this build can't read. Attach to Claude's terminal to answer it, or stop the agent.", resolution: Open }) attention
  ask ask:4 -> "ask:ask:4" 1/1 Open
    choices 
    body Unanswerable { reason: "Claude is showing a form from a tool server this build can't read. Attach to Claude's terminal to answer it, or stop the agent." }
  composer Send activity=None queue=[] outbox=[]
## 28 fact {"channel":"hook","json":{"background_tasks":[],"cwd":"/w","hook_event_name":"Stop","last_assistant_message":"Signed out, filed #42.","permission_mode":"default","session_id":"s1","stop_hook_active":false,"transcript_path":"/t/s1.jsonl"}}
  row   10 ask:ask:4 Ask(Unanswerable { reason: "Claude is showing a form from a tool server this build can't read. Attach to Claude's terminal to answer it, or stop the agent.", resolution: Dismissed })
  ask none
  composer Send activity=Some(Working) queue=[] outbox=[]
## 29 fact {"channel":"transcript","json":{"durationMs":50,"sessionId":"s1","subtype":"turn_duration","timestamp":"2027-01-15T08:00:30.600Z","type":"system","uuid":"d1"}}
  row   11 turn:1 TurnEnd { duration_ms: Some(50), cost_usd: None, failed: false }
  composer Send activity=None queue=[] outbox=[]
## 31 fact {"channel":"transcript","json":{"message":{"content":"try again","role":"user"},"origin":{"kind":"human"},"promptSource":"typed","sessionId":"s1","timestamp":"2027-01-15T08:00:40.000Z","type":"user","uuid":"u2"}}
  row   12 u2 Prompt { text: [Text("try again")], steered: false }
  composer Send activity=Some(Working) queue=[] outbox=[]
## 32 fact {"channel":"hook","json":{"cwd":"/w","hook_event_name":"PreToolUse","permission_mode":"default","session_id":"s1","tool_input":{"title":"Crash on launch"},"tool_name":"mcp__github__create_issue","tool_use_id":"t5","transcript_path":"/t/s1.jsonl"}}
  row   13 t5 ToolCall { server: "github", tool: "create_issue", fact: "Crash on launch", state: Running, result: "" }
  composer Send activity=Some(Running { key: "t5" }) queue=[] outbox=[]
## 33 fact {"channel":"hook","json":{"cwd":"/w","hook_event_name":"Notification","message":"Claude Code needs your input","notification_type":"elicitation_dialog","permission_mode":"default","session_id":"s1","transcript_path":"/t/s1.jsonl"}}
  row   14 ask:ask:5 Ask(Unanswerable { reason: "Claude is showing a form from a tool server this build can't read. Attach to Claude's terminal to answer it, or stop the agent.", resolution: Open }) attention
  ask ask:5 -> "ask:ask:5" 1/1 Open
    choices 
    body Unanswerable { reason: "Claude is showing a form from a tool server this build can't read. Attach to Claude's terminal to answer it, or stop the agent." }
  composer Send activity=None queue=[] outbox=[]
## 34 fact {"channel":"hook","json":{"cwd":"/w","hook_event_name":"SessionEnd","permission_mode":"default","reason":"other","session_id":"s1","transcript_path":"/t/s1.jsonl"}}
  row   14 ask:ask:5 Ask(Unanswerable { reason: "Claude is showing a form from a tool server this build can't read. Attach to Claude's terminal to answer it, or stop the agent.", resolution: Dismissed })
  ask none
  composer Send activity=Some(Running { key: "t5" }) queue=[] outbox=[]
## 36 fact {"channel":"transcript","json":{"message":{"content":"once more","role":"user"},"origin":{"kind":"human"},"promptSource":"typed","sessionId":"s1","timestamp":"2027-01-15T08:00:50.000Z","type":"user","uuid":"u3"}}
  row   15 u3 Prompt { text: [Text("once more")], steered: false }
  composer Send activity=Some(Working) queue=[] outbox=[]
## 37 fact {"channel":"hook","json":{"cwd":"/w","hook_event_name":"PreToolUse","permission_mode":"default","session_id":"s1","tool_input":{"title":"Crash on launch"},"tool_name":"mcp__github__create_issue","tool_use_id":"t6","transcript_path":"/t/s1.jsonl"}}
  row   16 t6 ToolCall { server: "github", tool: "create_issue", fact: "Crash on launch", state: Running, result: "" }
  composer Send activity=Some(Running { key: "t6" }) queue=[] outbox=[]
## 38 fact {"channel":"hook","json":{"cwd":"/w","hook_event_name":"Notification","message":"Claude Code needs your input","notification_type":"elicitation_url_dialog","permission_mode":"default","session_id":"s1","transcript_path":"/t/s1.jsonl"}}
  row   17 ask:ask:6 Ask(Unanswerable { reason: "Claude is showing a link from a tool server this build can't read. Attach to Claude's terminal to answer it, or stop the agent.", resolution: Open }) attention
  ask ask:6 -> "ask:ask:6" 1/1 Open
    choices 
    body Unanswerable { reason: "Claude is showing a link from a tool server this build can't read. Attach to Claude's terminal to answer it, or stop the agent." }
  composer Send activity=None queue=[] outbox=[]
## 39 provider_exit {"code":1}
  row   17 ask:ask:6 Ask(Unanswerable { reason: "Claude is showing a link from a tool server this build can't read. Attach to Claude's terminal to answer it, or stop the agent.", resolution: Dismissed })
  row   18 boundary:2 Boundary { kind: Exited, cause: "exit code 1" }
  ask none
== chat
     1 boundary:1 Boundary { kind: Started, cause: "" }
     2 u1 Prompt { text: [Text("file the crash")], steered: false }
     3 t1 ToolCall { server: "github", tool: "create_issue", fact: "Crash on launch", state: Succeeded, result: "" }
     4 ask:ask:1 Ask(Unanswerable { reason: "Claude is showing a form from a tool server this build can't read. Attach to Claude's terminal to answer it, or stop the agent.", resolution: Dismissed })
     5 a1b Prose { text: [Text("Filing it now.")], streaming: false, working_note: false }
     6 t2 ToolCall { server: "docs", tool: "sign_in", fact: "work", state: Failed, result: "The user cancelled the sign-in." } attention
     7 ask:ask:2 Ask(Unanswerable { reason: "Claude is showing a link from a tool server this build can't read. Attach to Claude's terminal to answer it, or stop the agent.", resolution: Cancelled })
     8 ask:ask:3 Ask(Unanswerable { reason: "Claude is showing a form from a tool server this build can't read. Attach to Claude's terminal to answer it, or stop the agent.", resolution: Dismissed })
     9 a3 Prose { text: [Text("Signed out, filed #42.")], streaming: false, working_note: false }
    10 ask:ask:4 Ask(Unanswerable { reason: "Claude is showing a form from a tool server this build can't read. Attach to Claude's terminal to answer it, or stop the agent.", resolution: Dismissed })
    11 turn:1 TurnEnd { duration_ms: Some(50), cost_usd: None, failed: false }
    12 u2 Prompt { text: [Text("try again")], steered: false }
    13 t5 ToolCall { server: "github", tool: "create_issue", fact: "Crash on launch", state: Running, result: "" }
    14 ask:ask:5 Ask(Unanswerable { reason: "Claude is showing a form from a tool server this build can't read. Attach to Claude's terminal to answer it, or stop the agent.", resolution: Dismissed })
    15 u3 Prompt { text: [Text("once more")], steered: false }
    16 t6 ToolCall { server: "github", tool: "create_issue", fact: "Crash on launch", state: Running, result: "" }
    17 ask:ask:6 Ask(Unanswerable { reason: "Claude is showing a link from a tool server this build can't read. Attach to Claude's terminal to answer it, or stop the agent.", resolution: Dismissed })
    18 boundary:2 Boundary { kind: Exited, cause: "exit code 1" }
== strip Strip { tasks: None, context: None, model: Some("claude-opus-5-5"), effort: None, mode: Some("default"), usage: None, failed_servers: [], sign_in: None, background: None, working_on: None }
== settings
  model* reported claude-opus-5-5 "" efforts=[]
  mode* Claude("default")
  mode: cycle to the next
  refused mode: Terminal Claude changes mode only by cycling through its modes.
  by typing: To change the model or effort, type /model <name> or /effort <level> in the composer.
