## 0 initial
snapshot STARTING queue=[] working_on=- at=1800000000000 asks=[] thread=? turn=- model=? model_name=? effort=? permission=custom mode=? approval=? sandbox=? reviewer=? collaboration=? context=? plan=? usage=? servers=? sign_in=? background=?
## 1 fact {"channel":"rpc","json":{"id":2,"result":{"approvalPolicy":"on-request","model":"gpt-5.6-luna","reasoningEffort":null,"sandbox":{"type":"workspaceWrite"},"thread":{"cliVersion":"0.157.0","id":"t1","turns":[]}}}}
effect write "{\"id\":\"amux-persist\",\"method\":\"thread/read\",\"params\":{\"includeTurns\":true,\"threadId\":\"t1\"}}"
effect write "{\"id\":\"amux-models-1\",\"method\":\"model/list\",\"params\":{}}"
effect write "{\"id\":\"amux-skills\",\"method\":\"skills/list\",\"params\":{}}"
item boundary:1 boundary final at=1800000000000 text="" BOUNDARY_KIND_STARTED session=t1 version=0.157.0
snapshot IDLE queue=[] working_on=- at=1800000000000 asks=[] thread=t1 turn=- model=gpt-5.6-luna model_name="GPT-5.6 Luna" effort=? permission=default mode=? approval=on-request sandbox=workspace-write reviewer=? collaboration=? context=? plan=? usage=? servers=? sign_in=? background=?
## 2 input {"id":"p1","prompt":{"text":"Deploy it."}}
effect reply p1 accepted
effect write "{\"id\":\"amux-1\",\"method\":\"turn/start\",\"params\":{\"clientUserMessageId\":\"7031\",\"input\":[{\"text\":\"Deploy it.\",\"text_elements\":[],\"type\":\"text\"}],\"threadId\":\"t1\"}}"
item prompt:7031 prompt final input=p1 at=1800000000000 text="Deploy it."
snapshot WORKING queue=[] working_on=- at=1800000000000 asks=[] thread=t1 turn=- model=gpt-5.6-luna model_name="GPT-5.6 Luna" effort=? permission=default mode=? approval=on-request sandbox=workspace-write reviewer=? collaboration=? context=? plan=? usage=? servers=? sign_in=? background=?
## 3 input {"id":"i1","interrupt":{}}
effect reply i1 accepted
## 4 provider_exit {"code":1}
item boundary:2 boundary final at=1800000000000 text="" BOUNDARY_KIND_EXITED session=t1 version=0.157.0 cause="exit code 1"
snapshot STARTING queue=[] working_on=- at=1800000000000 asks=[] thread=t1 turn=- model=gpt-5.6-luna model_name="GPT-5.6 Luna" effort=? permission=default mode=? approval=on-request sandbox=workspace-write reviewer=? collaboration=? context=? plan=? usage=? servers=? sign_in=? background=[]
## 5 fact {"channel":"rpc","json":{"id":2,"result":{"approvalPolicy":"on-request","model":"gpt-5.6-luna","reasoningEffort":null,"sandbox":{"type":"workspaceWrite"},"thread":{"cliVersion":"0.157.0","id":"t1","turns":[]}}}}
effect write "{\"id\":\"amux-persist\",\"method\":\"thread/read\",\"params\":{\"includeTurns\":true,\"threadId\":\"t1\"}}"
effect write "{\"id\":\"amux-models-1\",\"method\":\"model/list\",\"params\":{}}"
effect write "{\"id\":\"amux-skills\",\"method\":\"skills/list\",\"params\":{}}"
item boundary:3 boundary final at=1800000000000 text="" BOUNDARY_KIND_RESUMED session=t1 version=0.157.0
snapshot IDLE queue=[] working_on=- at=1800000000000 asks=[] thread=t1 turn=- model=gpt-5.6-luna model_name="GPT-5.6 Luna" effort=? permission=default mode=? approval=on-request sandbox=workspace-write reviewer=? collaboration=? context=? plan=? usage=? servers=? sign_in=? background=[]
## 6 input {"id":"p2","prompt":{"text":"Summarise the plan."}}
effect reply p2 accepted
effect write "{\"id\":\"amux-2\",\"method\":\"turn/start\",\"params\":{\"clientUserMessageId\":\"7032\",\"input\":[{\"text\":\"Summarise the plan.\",\"text_elements\":[],\"type\":\"text\"}],\"threadId\":\"t1\"}}"
item prompt:7032 prompt final input=p2 at=1800000000000 text="Summarise the plan."
snapshot WORKING queue=[] working_on=- at=1800000000000 asks=[] thread=t1 turn=- model=gpt-5.6-luna model_name="GPT-5.6 Luna" effort=? permission=default mode=? approval=on-request sandbox=workspace-write reviewer=? collaboration=? context=? plan=? usage=? servers=? sign_in=? background=[]
## 7 fact {"channel":"rpc","json":{"id":"amux-2","result":{"turn":{"id":"turn-2"}}}}
snapshot WORKING queue=[] working_on=- at=1800000000000 asks=[] thread=t1 turn=turn-2 model=gpt-5.6-luna model_name="GPT-5.6 Luna" effort=? permission=default mode=? approval=on-request sandbox=workspace-write reviewer=? collaboration=? context=? plan=? usage=? servers=? sign_in=? background=[]
## 8 fact {"channel":"rpc","json":{"method":"turn/started","params":{"threadId":"t1","turn":{"id":"turn-2","status":"inProgress"}}}}
## 9 fact {"channel":"rpc","json":{"method":"turn/completed","params":{"threadId":"t1","turn":{"id":"turn-2","status":"completed"}}}}
item turn:2 turn final at=1800000000000 text="" #2 TURN_OUTCOME_COMPLETED started=1800000000000
snapshot IDLE queue=[] working_on=- at=1800000000000 asks=[] thread=t1 turn=- model=gpt-5.6-luna model_name="GPT-5.6 Luna" effort=? permission=default mode=? approval=on-request sandbox=workspace-write reviewer=? collaboration=? context=? plan=? usage=? servers=? sign_in=? background=[]
turn_end 2 last=-
