## 0 initial
snapshot STARTING queue=[] working_on=- at=0 asks=[] thread=? turn=- model=? model_name=? effort=? permission=custom mode=? approval=? sandbox=? reviewer=? collaboration=? context=? plan=? usage=? servers=? sign_in=? background=?
## 6 recorded 5: fact Rpc method=account/updated
snapshot STARTING queue=[] working_on=- at=1790389939401 asks=[] thread=? turn=- model=? model_name=? effort=? permission=custom mode=? approval=? sandbox=? reviewer=? collaboration=? context=? plan=? usage=? servers=? sign_in=SIGN_IN_STATE_SIGNED_IN chatgpt pro background=?
## 8 recorded 7: fact Rpc "{\"id\":2,\"result\":{\"activePermissionProfile\":null,\"approvalPolicy\":\"nev…
effect write "{\"id\":\"amux-persist\",\"method\":\"thread/read\",\"params\":{\"includeTurns\":true,\"threadId\":\"01a0db8e-6cba-7b90-9408-883cdda2d182\"}}"
effect write "{\"id\":\"amux-models-1\",\"method\":\"model/list\",\"params\":{}}"
effect write "{\"id\":\"amux-skills\",\"method\":\"skills/list\",\"params\":{}}"
item boundary:1 boundary final at=1790389939402 text="" BOUNDARY_KIND_STARTED session=01a0db8e-6cba-7b90-9408-883cdda2d182 version=0.157.0
snapshot IDLE queue=[] working_on=- at=1790389939402 asks=[] thread=01a0db8e-6cba-7b90-9408-883cdda2d182 turn=- model=gpt-5.6-luna model_name="GPT-5.6 Luna" effort=? permission=custom mode=? approval=never sandbox=workspace-write reviewer=user collaboration=? context=? plan=? usage=? servers=? sign_in=SIGN_IN_STATE_SIGNED_IN chatgpt pro background=?
## 11 recorded 10: input stdin-4
effect reply stdin-4 accepted
effect write "{\"id\":\"amux-1\",\"method\":\"turn/start\",\"params\":{\"clientUserMessageId\":\"737464696e2d34\",\"input\":[{\"text\":\"Use your web search tool to look up the capital city of Australia, then reply with the city name only.\",\"text_elements\":[],\"type\":\"text\"}],\"threadId\":\"01a0db8e-6cba-7b90-9408-883cdda2d182\"}}"
item prompt:737464696e2d34 prompt final input=stdin-4 at=1790389939404 text="Use your web search tool to look up the capital city of Australia, then reply with the city name only."
snapshot WORKING queue=[] working_on=- at=1790389939404 asks=[] thread=01a0db8e-6cba-7b90-9408-883cdda2d182 turn=- model=gpt-5.6-luna model_name="GPT-5.6 Luna" effort=? permission=custom mode=? approval=never sandbox=workspace-write reviewer=user collaboration=? context=? plan=? usage=? servers=? sign_in=SIGN_IN_STATE_SIGNED_IN chatgpt pro background=?
## 12 recorded 11: fact Rpc method=mcpServer/startupStatus/updated
snapshot WORKING queue=[] working_on=- at=1790389939404 asks=[] thread=01a0db8e-6cba-7b90-9408-883cdda2d182 turn=- model=gpt-5.6-luna model_name="GPT-5.6 Luna" effort=? permission=custom mode=? approval=never sandbox=workspace-write reviewer=user collaboration=? context=? plan=? usage=? servers=HEALTH_STATE_HEALTHY[codex_apps:TOOL_SERVER_STATUS_STARTING] sign_in=SIGN_IN_STATE_SIGNED_IN chatgpt pro background=?
## 14 recorded 13: fact Rpc "{\"id\":\"amux-1\",\"result\":{\"turn\":{\"completedAt\":null,\"durationMs\":nu…
snapshot WORKING queue=[] working_on=- at=1790389939407 asks=[] thread=01a0db8e-6cba-7b90-9408-883cdda2d182 turn=01a0db8e-6cce-7601-b8a0-7e58b799c302 model=gpt-5.6-luna model_name="GPT-5.6 Luna" effort=? permission=custom mode=? approval=never sandbox=workspace-write reviewer=user collaboration=? context=? plan=? usage=? servers=HEALTH_STATE_HEALTHY[codex_apps:TOOL_SERVER_STATUS_STARTING] sign_in=SIGN_IN_STATE_SIGNED_IN chatgpt pro background=?
## 19 recorded 18: fact Rpc method=mcpServer/startupStatus/updated
snapshot WORKING queue=[] working_on=- at=1790389940970 asks=[] thread=01a0db8e-6cba-7b90-9408-883cdda2d182 turn=01a0db8e-6cce-7601-b8a0-7e58b799c302 model=gpt-5.6-luna model_name="GPT-5.6 Luna" effort=? permission=custom mode=? approval=never sandbox=workspace-write reviewer=user collaboration=? context=? plan=? usage=? servers=HEALTH_STATE_HEALTHY[codex_apps:TOOL_SERVER_STATUS_READY] sign_in=SIGN_IN_STATE_SIGNED_IN chatgpt pro background=?
## 25 recorded 24: fact Rpc method=item/started
item rs_07b442cd94dce1af016ab72ebab0a087d2af0fc0f2bb07812a reasoning open at=1790389946957 text="" summary=[]
## 27 recorded 26: fact Rpc method=item/completed
item rs_07b442cd94dce1af016ab72ebab0a087d2af0fc0f2bb07812a reasoning final at=1790389946957 text="" summary=[]
## 29 recorded 28: fact Rpc method=item/started
item exec-3c575a4d-c180-4758-8b39-f2031d36f615 work open at=1790389947934 text="" web_search "" TOOL_STATE_RUNNING web-search
## 31 recorded 30: fact Rpc method=item/completed
item exec-3c575a4d-c180-4758-8b39-f2031d36f615 work final at=1790389947934 text="" web_search "capital city of Australia" TOOL_STATE_SUCCEEDED web-search ended=1790389951377
## 33 recorded 32: fact Rpc method=thread/tokenUsage/updated
snapshot WORKING queue=[] working_on=- at=1790389951381 asks=[] thread=01a0db8e-6cba-7b90-9408-883cdda2d182 turn=01a0db8e-6cce-7601-b8a0-7e58b799c302 model=gpt-5.6-luna model_name="GPT-5.6 Luna" effort=? permission=custom mode=? approval=never sandbox=workspace-write reviewer=user collaboration=? context=12477/258400 plan=? usage=? servers=HEALTH_STATE_HEALTHY[codex_apps:TOOL_SERVER_STATUS_READY] sign_in=SIGN_IN_STATE_SIGNED_IN chatgpt pro background=?
## 34 recorded 33: fact Rpc method=account/rateLimits/updated
snapshot WORKING queue=[] working_on=- at=1790389951381 asks=[] thread=01a0db8e-6cba-7b90-9408-883cdda2d182 turn=01a0db8e-6cce-7601-b8a0-7e58b799c302 model=gpt-5.6-luna model_name="GPT-5.6 Luna" effort=? permission=custom mode=? approval=never sandbox=workspace-write reviewer=user collaboration=? context=12477/258400 plan=? usage=ok 7d:1%(ok) credits=0 servers=HEALTH_STATE_HEALTHY[codex_apps:TOOL_SERVER_STATUS_READY] sign_in=SIGN_IN_STATE_SIGNED_IN chatgpt pro background=?
## 36 recorded 35: fact Rpc method=item/started
item msg_07b442cd94dce1af016ab72ec00f3487d29c6b7163e5df4754 message open at=1790389952129 text=""
## 37 recorded 36: fact Rpc method=item/agentMessage/delta
append msg_07b442cd94dce1af016ab72ec00f3487d29c6b7163e5df4754 "Can"
## 39 recorded 38: fact Rpc method=item/agentMessage/delta
append msg_07b442cd94dce1af016ab72ec00f3487d29c6b7163e5df4754 "berra"
## 41 recorded 40: fact Rpc method=item/completed
item msg_07b442cd94dce1af016ab72ec00f3487d29c6b7163e5df4754 message final at=1790389952129 text="Canberra"
## 43 recorded 42: fact Rpc method=thread/tokenUsage/updated
snapshot WORKING queue=[] working_on=- at=1790389952291 asks=[] thread=01a0db8e-6cba-7b90-9408-883cdda2d182 turn=01a0db8e-6cce-7601-b8a0-7e58b799c302 model=gpt-5.6-luna model_name="GPT-5.6 Luna" effort=? permission=custom mode=? approval=never sandbox=workspace-write reviewer=user collaboration=? context=16447/258400 plan=? usage=ok 7d:1%(ok) credits=0 servers=HEALTH_STATE_HEALTHY[codex_apps:TOOL_SERVER_STATUS_READY] sign_in=SIGN_IN_STATE_SIGNED_IN chatgpt pro background=?
## 47 recorded 46: fact Rpc method=turn/completed
item turn:1 turn final at=1790389952292 text="" #1 TURN_OUTCOME_COMPLETED started=1790389939407
snapshot IDLE queue=[] working_on=- at=1790389952292 asks=[] thread=01a0db8e-6cba-7b90-9408-883cdda2d182 turn=- model=gpt-5.6-luna model_name="GPT-5.6 Luna" effort=? permission=custom mode=? approval=never sandbox=workspace-write reviewer=user collaboration=? context=16447/258400 plan=? usage=ok 7d:1%(ok) credits=0 servers=HEALTH_STATE_HEALTHY[codex_apps:TOOL_SERVER_STATUS_READY] sign_in=SIGN_IN_STATE_SIGNED_IN chatgpt pro background=[]
turn_end 1 last=msg_07b442cd94dce1af016ab72ec00f3487d29c6b7163e5df4754
