## 0 initial
snapshot STARTING queue=[] working_on=- at=0 asks=[] thread=? turn=- model=? effort=? approval=? sandbox=? context=? plan=? usage=? servers=? sign_in=? background=?
## 5 recorded 4: fact Rpc "{\"id\":2,\"result\":{\"account\":null,\"requiresOpenaiAuth\":true,\"workspaceR…
snapshot STARTING queue=[] working_on=- at=1790388564973 asks=[] thread=? turn=- model=? effort=? approval=? sandbox=? context=? plan=? usage=? servers=? sign_in=SIGN_IN_STATE_SIGNED_OUT - background=?
## 7 recorded 6: fact Rpc "{\"id\":3,\"result\":{\"activePermissionProfile\":null,\"approvalPolicy\":\"nev…
item boundary:1 boundary final at=1790388564985 text="" BOUNDARY_KIND_STARTED session=01a0db79-73ef-7e43-854f-9f9d3a931f3d version=0.157.0
snapshot IDLE queue=[] working_on=- at=1790388564985 asks=[] thread=01a0db79-73ef-7e43-854f-9f9d3a931f3d turn=- model=gpt-5.6-luna effort=? approval=never sandbox=workspace-write context=? plan=? usage=? servers=? sign_in=SIGN_IN_STATE_SIGNED_OUT - background=?
## 10 recorded 9: input stdin-5
effect reply stdin-5 accepted
effect write "{\"id\":\"amux-1\",\"method\":\"turn/start\",\"params\":{\"input\":[{\"text\":\"Reply with exactly CODEX_SPEC_SIGNED_OUT.\",\"text_elements\":[],\"type\":\"text\"}],\"threadId\":\"01a0db79-73ef-7e43-854f-9f9d3a931f3d\"}}"
item prompt:737464696e2d35 prompt final input=stdin-5 at=1790388564986 text="Reply with exactly CODEX_SPEC_SIGNED_OUT."
snapshot WORKING queue=[] working_on=- at=1790388564986 asks=[] thread=01a0db79-73ef-7e43-854f-9f9d3a931f3d turn=- model=gpt-5.6-luna effort=? approval=never sandbox=workspace-write context=? plan=? usage=? servers=? sign_in=SIGN_IN_STATE_SIGNED_OUT - background=?
## 12 recorded 11: fact Rpc "{\"id\":\"amux-1\",\"result\":{\"turn\":{\"completedAt\":null,\"durationMs\":nu…
snapshot WORKING queue=[] working_on=- at=1790388564988 asks=[] thread=01a0db79-73ef-7e43-854f-9f9d3a931f3d turn=01a0db79-73fb-78b2-b3a1-6f3f7e36bff7 model=gpt-5.6-luna effort=? approval=never sandbox=workspace-write context=? plan=? usage=? servers=? sign_in=SIGN_IN_STATE_SIGNED_OUT - background=?
## 21 recorded 20: fact Rpc method=error
item error:01a0db79-73fb-78b2-b3a1-6f3f7e36bff7 error final at=1790388565798 text="" responseStreamDisconnected "unexpected status 401 Unauthorized: Missing bearer or basic authentication in he…" retry=true 2/5
snapshot WORKING queue=[] working_on=- at=1790388565798 asks=[] thread=01a0db79-73ef-7e43-854f-9f9d3a931f3d turn=01a0db79-73fb-78b2-b3a1-6f3f7e36bff7 model=gpt-5.6-luna effort=? approval=never sandbox=workspace-write context=? plan=? usage=? servers=? sign_in=SIGN_IN_STATE_FAILED - "unexpected status 401 Unauthorized: Missing bearer or basic …" background=?
## 23 recorded 22: fact Rpc method=error
item error:01a0db79-73fb-78b2-b3a1-6f3f7e36bff7 error final at=1790388566954 text="" responseStreamDisconnected "unexpected status 401 Unauthorized: Missing bearer or basic authentication in he…" retry=true 3/5
snapshot WORKING queue=[] working_on=- at=1790388566954 asks=[] thread=01a0db79-73ef-7e43-854f-9f9d3a931f3d turn=01a0db79-73fb-78b2-b3a1-6f3f7e36bff7 model=gpt-5.6-luna effort=? approval=never sandbox=workspace-write context=? plan=? usage=? servers=? sign_in=SIGN_IN_STATE_FAILED - "unexpected status 401 Unauthorized: Missing bearer or basic …" background=?
## 25 recorded 24: fact Rpc method=error
item error:01a0db79-73fb-78b2-b3a1-6f3f7e36bff7 error final at=1790388568091 text="" responseStreamDisconnected "unexpected status 401 Unauthorized: Missing bearer or basic authentication in he…" retry=true 4/5
snapshot WORKING queue=[] working_on=- at=1790388568091 asks=[] thread=01a0db79-73ef-7e43-854f-9f9d3a931f3d turn=01a0db79-73fb-78b2-b3a1-6f3f7e36bff7 model=gpt-5.6-luna effort=? approval=never sandbox=workspace-write context=? plan=? usage=? servers=? sign_in=SIGN_IN_STATE_FAILED - "unexpected status 401 Unauthorized: Missing bearer or basic …" background=?
## 27 recorded 26: fact Rpc method=error
item error:01a0db79-73fb-78b2-b3a1-6f3f7e36bff7 error final at=1790388569866 text="" responseStreamDisconnected "unexpected status 401 Unauthorized: Missing bearer or basic authentication in he…" retry=true 5/5
snapshot WORKING queue=[] working_on=- at=1790388569866 asks=[] thread=01a0db79-73ef-7e43-854f-9f9d3a931f3d turn=01a0db79-73fb-78b2-b3a1-6f3f7e36bff7 model=gpt-5.6-luna effort=? approval=never sandbox=workspace-write context=? plan=? usage=? servers=? sign_in=SIGN_IN_STATE_FAILED - "unexpected status 401 Unauthorized: Missing bearer or basic …" background=?
## 31 recorded 30: fact Rpc method=error
item error:01a0db79-73fb-78b2-b3a1-6f3f7e36bff7 error final at=1790388573405 text="" responseStreamDisconnected "unexpected status 401 Unauthorized: Missing bearer or basic authentication in he…" retry=true 1/5
snapshot WORKING queue=[] working_on=- at=1790388573405 asks=[] thread=01a0db79-73ef-7e43-854f-9f9d3a931f3d turn=01a0db79-73fb-78b2-b3a1-6f3f7e36bff7 model=gpt-5.6-luna effort=? approval=never sandbox=workspace-write context=? plan=? usage=? servers=? sign_in=SIGN_IN_STATE_FAILED - "unexpected status 401 Unauthorized: Missing bearer or basic …" background=?
## 33 recorded 32: fact Rpc method=error
item error:01a0db79-73fb-78b2-b3a1-6f3f7e36bff7 error final at=1790388573945 text="" responseStreamDisconnected "unexpected status 401 Unauthorized: Missing bearer or basic authentication in he…" retry=true 2/5
snapshot WORKING queue=[] working_on=- at=1790388573945 asks=[] thread=01a0db79-73ef-7e43-854f-9f9d3a931f3d turn=01a0db79-73fb-78b2-b3a1-6f3f7e36bff7 model=gpt-5.6-luna effort=? approval=never sandbox=workspace-write context=? plan=? usage=? servers=? sign_in=SIGN_IN_STATE_FAILED - "unexpected status 401 Unauthorized: Missing bearer or basic …" background=?
## 35 recorded 34: fact Rpc method=error
item error:01a0db79-73fb-78b2-b3a1-6f3f7e36bff7 error final at=1790388574902 text="" responseStreamDisconnected "unexpected status 401 Unauthorized: Missing bearer or basic authentication in he…" retry=true 3/5
snapshot WORKING queue=[] working_on=- at=1790388574902 asks=[] thread=01a0db79-73ef-7e43-854f-9f9d3a931f3d turn=01a0db79-73fb-78b2-b3a1-6f3f7e36bff7 model=gpt-5.6-luna effort=? approval=never sandbox=workspace-write context=? plan=? usage=? servers=? sign_in=SIGN_IN_STATE_FAILED - "unexpected status 401 Unauthorized: Missing bearer or basic …" background=?
## 37 recorded 36: fact Rpc method=error
item error:01a0db79-73fb-78b2-b3a1-6f3f7e36bff7 error final at=1790388575970 text="" responseStreamDisconnected "unexpected status 401 Unauthorized: Missing bearer or basic authentication in he…" retry=true 4/5
snapshot WORKING queue=[] working_on=- at=1790388575970 asks=[] thread=01a0db79-73ef-7e43-854f-9f9d3a931f3d turn=01a0db79-73fb-78b2-b3a1-6f3f7e36bff7 model=gpt-5.6-luna effort=? approval=never sandbox=workspace-write context=? plan=? usage=? servers=? sign_in=SIGN_IN_STATE_FAILED - "unexpected status 401 Unauthorized: Missing bearer or basic …" background=?
## 39 recorded 38: fact Rpc method=error
item error:01a0db79-73fb-78b2-b3a1-6f3f7e36bff7 error final at=1790388578216 text="" responseStreamDisconnected "unexpected status 401 Unauthorized: Missing bearer or basic authentication in he…" retry=true 5/5
snapshot WORKING queue=[] working_on=- at=1790388578216 asks=[] thread=01a0db79-73ef-7e43-854f-9f9d3a931f3d turn=01a0db79-73fb-78b2-b3a1-6f3f7e36bff7 model=gpt-5.6-luna effort=? approval=never sandbox=workspace-write context=? plan=? usage=? servers=? sign_in=SIGN_IN_STATE_FAILED - "unexpected status 401 Unauthorized: Missing bearer or basic …" background=?
## 43 recorded 42: fact Rpc method=error
item error:01a0db79-73fb-78b2-b3a1-6f3f7e36bff7 error final at=1790388581735 text="" other "unexpected status 401 Unauthorized: Missing bearer or basic authentication in he…" retry=false 0/0
## 45 recorded 44: fact Rpc method=turn/completed
item turn:1 turn final at=1790388581738 text="" #1 TURN_OUTCOME_FAILED started=1790388564991
snapshot IDLE queue=[] working_on=- at=1790388581738 asks=[] thread=01a0db79-73ef-7e43-854f-9f9d3a931f3d turn=- model=gpt-5.6-luna effort=? approval=never sandbox=workspace-write context=? plan=? usage=? servers=? sign_in=SIGN_IN_STATE_FAILED - "unexpected status 401 Unauthorized: Missing bearer or basic …" background=?
turn_end 1 last=-
