## 0 initial
snapshot STARTING queue=[] working_on=- at=0 asks=[] thread=? turn=- model=? effort=? approval=? sandbox=? context=? plan=? usage=? servers=? sign_in=? background=?
## 5 recorded 4: fact Rpc "{\"id\":2,\"result\":{\"activePermissionProfile\":null,\"approvalPolicy\":\"on-…
item boundary:1 boundary final at=1788037183559 text="" BOUNDARY_KIND_STARTED session=01a04f52-3831-7ae3-98df-e2803ff93d13 version=0.150.1
snapshot IDLE queue=[] working_on=- at=1788037183559 asks=[] thread=01a04f52-3831-7ae3-98df-e2803ff93d13 turn=- model=gpt-5.6-luna effort=? approval=on-request sandbox=read-only context=? plan=? usage=? servers=? sign_in=? background=?
## 8 recorded 7: input stdin-4
effect reply stdin-4 accepted
effect write "{\"id\":\"amux-1\",\"method\":\"turn/start\",\"params\":{\"input\":[{\"text\":\"Run this exact shell command and no substitute: /usr/bin/touch <MACHINE_PATH> Then say DONE.\",\"text_elements\":[],\"type\":\"text\"}],\"threadId\":\"01a04f52-3831-7ae3-98df-e2803ff93d13\"}}"
item prompt:737464696e2d34 prompt final input=stdin-4 at=1788037183560 text="Run this exact shell command and no substitute: /usr/bin/touch <MACHINE_PATH> Then say DONE."
snapshot WORKING queue=[] working_on=- at=1788037183560 asks=[] thread=01a04f52-3831-7ae3-98df-e2803ff93d13 turn=- model=gpt-5.6-luna effort=? approval=on-request sandbox=read-only context=? plan=? usage=? servers=? sign_in=? background=?
## 10 recorded 9: fact Rpc method=mcpServer/startupStatus/updated
snapshot WORKING queue=[] working_on=- at=1788037183561 asks=[] thread=01a04f52-3831-7ae3-98df-e2803ff93d13 turn=- model=gpt-5.6-luna effort=? approval=on-request sandbox=read-only context=? plan=? usage=? servers=HEALTH_STATE_HEALTHY[codex_apps:TOOL_SERVER_STATUS_STARTING] sign_in=? background=?
## 12 recorded 11: fact Rpc "{\"id\":\"amux-1\",\"result\":{\"turn\":{\"completedAt\":null,\"durationMs\":nu…
snapshot WORKING queue=[] working_on=- at=1788037183563 asks=[] thread=01a04f52-3831-7ae3-98df-e2803ff93d13 turn=01a04f52-3849-79c0-9b98-6eaf941aa8b0 model=gpt-5.6-luna effort=? approval=on-request sandbox=read-only context=? plan=? usage=? servers=HEALTH_STATE_HEALTHY[codex_apps:TOOL_SERVER_STATUS_STARTING] sign_in=? background=?
## 18 recorded 17: fact Rpc method=mcpServer/startupStatus/updated
snapshot WORKING queue=[] working_on=- at=1788037184406 asks=[] thread=01a04f52-3831-7ae3-98df-e2803ff93d13 turn=01a04f52-3849-79c0-9b98-6eaf941aa8b0 model=gpt-5.6-luna effort=? approval=on-request sandbox=read-only context=? plan=? usage=? servers=HEALTH_STATE_HEALTHY[codex_apps:TOOL_SERVER_STATUS_READY] sign_in=? background=?
## 24 recorded 23: fact Rpc method=item/started
item rs_073bfcd196c14513016a934842bacc87d2b7e2649e44dbc391 reasoning open at=1788037186781 text="" summary=[]
## 26 recorded 25: fact Rpc method=item/completed
item rs_073bfcd196c14513016a934842bacc87d2b7e2649e44dbc391 reasoning final at=1788037186781 text="" summary=[]
## 28 recorded 27: fact Rpc method=item/started
item msg_073bfcd196c14513016a934843be8887d2b5dc2bf12506562f working_note open at=1788037187961 text=""
## 30 recorded 29: fact Rpc method=item/agentMessage/delta
append msg_073bfcd196c14513016a934843be8887d2b5dc2bf12506562f "I"
## 32 recorded 31: fact Rpc method=item/agentMessage/delta
append msg_073bfcd196c14513016a934843be8887d2b5dc2bf12506562f " need"
## 33 recorded 32: fact Rpc method=item/agentMessage/delta
append msg_073bfcd196c14513016a934843be8887d2b5dc2bf12506562f " filesystem"
## 35 recorded 34: fact Rpc method=item/agentMessage/delta
append msg_073bfcd196c14513016a934843be8887d2b5dc2bf12506562f " write"
## 37 recorded 36: fact Rpc method=item/agentMessage/delta
append msg_073bfcd196c14513016a934843be8887d2b5dc2bf12506562f " approval"
## 39 recorded 38: fact Rpc method=item/agentMessage/delta
append msg_073bfcd196c14513016a934843be8887d2b5dc2bf12506562f " to"
## 41 recorded 40: fact Rpc method=item/agentMessage/delta
append msg_073bfcd196c14513016a934843be8887d2b5dc2bf12506562f " run"
## 43 recorded 42: fact Rpc method=item/agentMessage/delta
append msg_073bfcd196c14513016a934843be8887d2b5dc2bf12506562f " that"
## 45 recorded 44: fact Rpc method=item/agentMessage/delta
append msg_073bfcd196c14513016a934843be8887d2b5dc2bf12506562f " exact"
## 47 recorded 46: fact Rpc method=item/agentMessage/delta
append msg_073bfcd196c14513016a934843be8887d2b5dc2bf12506562f " command"
## 49 recorded 48: fact Rpc method=item/agentMessage/delta
append msg_073bfcd196c14513016a934843be8887d2b5dc2bf12506562f "."
## 51 recorded 50: fact Rpc method=item/completed
item msg_073bfcd196c14513016a934843be8887d2b5dc2bf12506562f working_note final at=1788037187961 text="I need filesystem write approval to run that exact command."
## 56 recorded 55: fact Rpc method=item/started
item exec-5509f507-4aa7-4fac-aa66-d088ac31060f work open at=1788037190382 text="" command "/bin/zsh -lc '/usr/bin/touch <MACHINE_PATH>'" cwd=<MACHINE_PATH> action=unknown TOOL_STATE_RUNNING
## 57 recorded 56: fact Rpc method=item/commandExecution/requestApproval
snapshot NEEDS_YOU queue=[] working_on=- at=1788037190383 asks=[0→exec-5509f507-4aa7-4fac-aa66-d088ac31060f command "/bin/zsh -lc '/usr/bin/touch <MACHINE_PATH>'" reason="Allow the exact requested command to create the file?" prefix=["/usr/bin/touch", "<MACHINE_PATH>"] decisions=[APPROVE,APPROVE_SIMILAR,DENY,ABORT]] thread=01a04f52-3831-7ae3-98df-e2803ff93d13 turn=01a04f52-3849-79c0-9b98-6eaf941aa8b0 model=gpt-5.6-luna effort=? approval=on-request sandbox=read-only context=? plan=? usage=? servers=HEALTH_STATE_HEALTHY[codex_apps:TOOL_SERVER_STATUS_READY] sign_in=? background=?
## 59 recorded 58: input stdin-5
effect write "{\"id\":0,\"result\":{\"decision\":\"decline\"}}"
effect reply stdin-5 accepted
item exec-5509f507-4aa7-4fac-aa66-d088ac31060f work open at=1788037190382 text="" command "/bin/zsh -lc '/usr/bin/touch <MACHINE_PATH>'" cwd=<MACHINE_PATH> action=unknown TOOL_STATE_RUNNING decision=DECISION_OUTCOME_DENIED
snapshot WORKING queue=[] working_on=- at=1788037190384 asks=[] thread=01a04f52-3831-7ae3-98df-e2803ff93d13 turn=01a04f52-3849-79c0-9b98-6eaf941aa8b0 model=gpt-5.6-luna effort=? approval=on-request sandbox=read-only context=? plan=? usage=? servers=HEALTH_STATE_HEALTHY[codex_apps:TOOL_SERVER_STATUS_READY] sign_in=? background=?
## 61 recorded 60: fact Rpc method=item/completed
item exec-5509f507-4aa7-4fac-aa66-d088ac31060f work final at=1788037190382 text="" command "/bin/zsh -lc '/usr/bin/touch <MACHINE_PATH>'" cwd=<MACHINE_PATH> action=unknown TOOL_STATE_DENIED decision=DECISION_OUTCOME_DENIED ended=1788037190384
## 64 recorded 63: fact Rpc method=thread/tokenUsage/updated
snapshot WORKING queue=[] working_on=- at=1788037190385 asks=[] thread=01a04f52-3831-7ae3-98df-e2803ff93d13 turn=01a04f52-3849-79c0-9b98-6eaf941aa8b0 model=gpt-5.6-luna effort=? approval=on-request sandbox=read-only context=14441/258400 plan=? usage=? servers=HEALTH_STATE_HEALTHY[codex_apps:TOOL_SERVER_STATUS_READY] sign_in=? background=?
## 66 recorded 65: fact Rpc method=account/rateLimits/updated
snapshot WORKING queue=[] working_on=- at=1788037190386 asks=[] thread=01a04f52-3831-7ae3-98df-e2803ff93d13 turn=01a04f52-3849-79c0-9b98-6eaf941aa8b0 model=gpt-5.6-luna effort=? approval=on-request sandbox=read-only context=14441/258400 plan=? usage=USAGE_STATE_OK 7d:13% credits=0 servers=HEALTH_STATE_HEALTHY[codex_apps:TOOL_SERVER_STATUS_READY] sign_in=? background=?
## 68 recorded 67: fact Rpc method=item/started
item msg_073bfcd196c14513016a93484730dc87d2a9020fd7e4998c63 message open at=1788037191303 text=""
## 70 recorded 69: fact Rpc method=item/agentMessage/delta
append msg_073bfcd196c14513016a93484730dc87d2a9020fd7e4998c63 "Unable"
## 72 recorded 71: fact Rpc method=item/agentMessage/delta
append msg_073bfcd196c14513016a93484730dc87d2a9020fd7e4998c63 " to"
## 74 recorded 73: fact Rpc method=item/agentMessage/delta
append msg_073bfcd196c14513016a93484730dc87d2a9020fd7e4998c63 " run"
## 76 recorded 75: fact Rpc method=item/agentMessage/delta
append msg_073bfcd196c14513016a93484730dc87d2a9020fd7e4998c63 " the"
## 78 recorded 77: fact Rpc method=item/agentMessage/delta
append msg_073bfcd196c14513016a93484730dc87d2a9020fd7e4998c63 " command"
## 80 recorded 79: fact Rpc method=item/agentMessage/delta
append msg_073bfcd196c14513016a93484730dc87d2a9020fd7e4998c63 " because"
## 82 recorded 81: fact Rpc method=item/agentMessage/delta
append msg_073bfcd196c14513016a93484730dc87d2a9020fd7e4998c63 " filesystem"
## 84 recorded 83: fact Rpc method=item/agentMessage/delta
append msg_073bfcd196c14513016a93484730dc87d2a9020fd7e4998c63 "-write"
## 86 recorded 85: fact Rpc method=item/agentMessage/delta
append msg_073bfcd196c14513016a93484730dc87d2a9020fd7e4998c63 " approval"
## 88 recorded 87: fact Rpc method=item/agentMessage/delta
append msg_073bfcd196c14513016a93484730dc87d2a9020fd7e4998c63 " was"
## 90 recorded 89: fact Rpc method=item/agentMessage/delta
append msg_073bfcd196c14513016a93484730dc87d2a9020fd7e4998c63 " denied"
## 92 recorded 91: fact Rpc method=item/agentMessage/delta
append msg_073bfcd196c14513016a93484730dc87d2a9020fd7e4998c63 "."
## 94 recorded 93: fact Rpc method=item/completed
item msg_073bfcd196c14513016a93484730dc87d2a9020fd7e4998c63 message final at=1788037191303 text="Unable to run the command because filesystem-write approval was denied."
## 96 recorded 95: fact Rpc method=thread/tokenUsage/updated
snapshot WORKING queue=[] working_on=- at=1788037191553 asks=[] thread=01a04f52-3831-7ae3-98df-e2803ff93d13 turn=01a04f52-3849-79c0-9b98-6eaf941aa8b0 model=gpt-5.6-luna effort=? approval=on-request sandbox=read-only context=14771/258400 plan=? usage=USAGE_STATE_OK 7d:13% credits=0 servers=HEALTH_STATE_HEALTHY[codex_apps:TOOL_SERVER_STATUS_READY] sign_in=? background=?
## 100 recorded 99: fact Rpc method=turn/completed
item turn:1 turn final at=1788037191554 text="" #1 TURN_OUTCOME_COMPLETED started=1788037183563
snapshot IDLE queue=[] working_on=- at=1788037191554 asks=[] thread=01a04f52-3831-7ae3-98df-e2803ff93d13 turn=- model=gpt-5.6-luna effort=? approval=on-request sandbox=read-only context=14771/258400 plan=? usage=USAGE_STATE_OK 7d:13% credits=0 servers=HEALTH_STATE_HEALTHY[codex_apps:TOOL_SERVER_STATUS_READY] sign_in=? background=?
turn_end 1 last=msg_073bfcd196c14513016a93484730dc87d2a9020fd7e4998c63
