## 0 initial
snapshot STARTING queue=[] working_on=- at=0 asks=[] thread=? turn=- model=? effort=? approval=? sandbox=? context=? plan=? usage=? servers=? sign_in=? background=?
## 5 recorded 4: fact Rpc "{\"id\":2,\"result\":{\"activePermissionProfile\":null,\"approvalPolicy\":\"nev…
item boundary:1 boundary final at=1790387838661 text="" BOUNDARY_KIND_STARTED session=01a0db6e-5eb0-71e0-ae6c-0293baf2bb48 version=0.157.0
snapshot IDLE queue=[] working_on=- at=1790387838661 asks=[] thread=01a0db6e-5eb0-71e0-ae6c-0293baf2bb48 turn=- model=gpt-5.6-luna effort=? approval=never sandbox=workspace-write context=? plan=? usage=? servers=? sign_in=? background=?
## 9 recorded 8: fact Rpc method=mcpServer/startupStatus/updated
snapshot IDLE queue=[] working_on=- at=1790387838663 asks=[] thread=01a0db6e-5eb0-71e0-ae6c-0293baf2bb48 turn=- model=gpt-5.6-luna effort=? approval=never sandbox=workspace-write context=? plan=? usage=? servers=HEALTH_STATE_HEALTHY[codex_apps:TOOL_SERVER_STATUS_STARTING] sign_in=? background=?
## 11 recorded 10: input stdin-4
effect reply stdin-4 accepted
effect write "{\"id\":\"amux-1\",\"method\":\"turn/start\",\"params\":{\"input\":[{\"text\":\"Run the shell command `sleep 5`, then reply with exactly CODEX_SPEC_DONE_A and nothing else.\",\"text_elements\":[],\"type\":\"text\"}],\"threadId\":\"01a0db6e-5eb0-71e0-ae6c-0293baf2bb48\"}}"
item prompt:737464696e2d34 prompt final input=stdin-4 at=1790387838664 text="Run the shell command `sleep 5`, then reply with exactly CODEX_SPEC_DONE_A and nothing else."
snapshot WORKING queue=[] working_on=- at=1790387838664 asks=[] thread=01a0db6e-5eb0-71e0-ae6c-0293baf2bb48 turn=- model=gpt-5.6-luna effort=? approval=never sandbox=workspace-write context=? plan=? usage=? servers=HEALTH_STATE_HEALTHY[codex_apps:TOOL_SERVER_STATUS_STARTING] sign_in=? background=?
## 13 recorded 12: fact Rpc "{\"id\":\"amux-1\",\"result\":{\"turn\":{\"completedAt\":null,\"durationMs\":nu…
snapshot WORKING queue=[] working_on=- at=1790387838666 asks=[] thread=01a0db6e-5eb0-71e0-ae6c-0293baf2bb48 turn=01a0db6e-5ec8-7cf2-93dc-c5c5dd8fe6bd model=gpt-5.6-luna effort=? approval=never sandbox=workspace-write context=? plan=? usage=? servers=HEALTH_STATE_HEALTHY[codex_apps:TOOL_SERVER_STATUS_STARTING] sign_in=? background=?
## 18 recorded 17: fact Rpc method=account/updated
snapshot WORKING queue=[] working_on=- at=1790387838730 asks=[] thread=01a0db6e-5eb0-71e0-ae6c-0293baf2bb48 turn=01a0db6e-5ec8-7cf2-93dc-c5c5dd8fe6bd model=gpt-5.6-luna effort=? approval=never sandbox=workspace-write context=? plan=? usage=? servers=HEALTH_STATE_HEALTHY[codex_apps:TOOL_SERVER_STATUS_STARTING] sign_in=SIGN_IN_STATE_SIGNED_IN chatgpt pro background=?
## 20 recorded 19: fact Rpc method=mcpServer/startupStatus/updated
snapshot WORKING queue=[] working_on=- at=1790387838997 asks=[] thread=01a0db6e-5eb0-71e0-ae6c-0293baf2bb48 turn=01a0db6e-5ec8-7cf2-93dc-c5c5dd8fe6bd model=gpt-5.6-luna effort=? approval=never sandbox=workspace-write context=? plan=? usage=? servers=HEALTH_STATE_HEALTHY[codex_apps:TOOL_SERVER_STATUS_READY] sign_in=SIGN_IN_STATE_SIGNED_IN chatgpt pro background=?
## 26 recorded 25: fact Rpc method=item/started
item rs_090de00d5dfe4ef2016ab726814e9087d2bf76e801ed0cf4b0 reasoning open at=1790387841396 text="" summary=[]
## 28 recorded 27: fact Rpc method=item/completed
item rs_090de00d5dfe4ef2016ab726814e9087d2bf76e801ed0cf4b0 reasoning final at=1790387841396 text="" summary=[]
## 30 recorded 29: fact Rpc method=item/started
item msg_090de00d5dfe4ef2016ab72681aa5c87d29765324c9d5f3f9c working_note open at=1790387841680 text=""
## 32 recorded 31: fact Rpc method=item/completed
item msg_090de00d5dfe4ef2016ab72681aa5c87d29765324c9d5f3f9c working_note final at=1790387841680 text=""
## 36 recorded 35: fact Rpc method=item/started
item exec-32e2c946-1085-4a47-b87a-6983eff4a55a work open at=1790387843567 text="" command "/bin/zsh -lc 'sleep 5'" cwd=<MACHINE_PATH> action=unknown TOOL_STATE_RUNNING
## 38 recorded 37: input stdin-5
effect write "{\"id\":\"amux-2\",\"method\":\"thread/inject_items\",\"params\":{\"items\":[{\"content\":[{\"text\":\"Ignore the earlier instruction about the final reply. Reply with exactly CODEX_SPEC_INJECT_DRAIN and nothing else.\",\"type\":\"input_text\"}],\"role\":\"user\",\"type\":\"message\"}],\"threadId\":\"01a0db6e-5eb0-71e0-ae6c-0293baf2bb48\"}}"
effect reply stdin-5 accepted
item agent-message:737464696e2d35 agent_message final input=stdin-5 at=1790387843570 text="Ignore the earlier instruction about the final reply. Reply with exactly CODEX_SPEC_INJECT_DRAIN and nothing else." envelope=737464696e2d35
pending [stdin-5]
## 40 recorded 39: fact Rpc "{\"id\":\"amux-2\",\"result\":{}}"
pending []
## 42 recorded 41: fact Rpc method=item/completed
item exec-32e2c946-1085-4a47-b87a-6983eff4a55a work final at=1790387843567 text="" command "/bin/zsh -lc 'sleep 5'" cwd=<MACHINE_PATH> action=unknown exit=0 TOOL_STATE_SUCCEEDED ended=1790387848442
## 44 recorded 43: fact Rpc method=thread/tokenUsage/updated
snapshot WORKING queue=[] working_on=- at=1790387848455 asks=[] thread=01a0db6e-5eb0-71e0-ae6c-0293baf2bb48 turn=01a0db6e-5ec8-7cf2-93dc-c5c5dd8fe6bd model=gpt-5.6-luna effort=? approval=never sandbox=workspace-write context=12538/258400 plan=? usage=? servers=HEALTH_STATE_HEALTHY[codex_apps:TOOL_SERVER_STATUS_READY] sign_in=SIGN_IN_STATE_SIGNED_IN chatgpt pro background=?
## 46 recorded 45: fact Rpc method=account/rateLimits/updated
snapshot WORKING queue=[] working_on=- at=1790387848456 asks=[] thread=01a0db6e-5eb0-71e0-ae6c-0293baf2bb48 turn=01a0db6e-5ec8-7cf2-93dc-c5c5dd8fe6bd model=gpt-5.6-luna effort=? approval=never sandbox=workspace-write context=12538/258400 plan=? usage=USAGE_STATE_OK 7d:1% credits=0 servers=HEALTH_STATE_HEALTHY[codex_apps:TOOL_SERVER_STATUS_READY] sign_in=SIGN_IN_STATE_SIGNED_IN chatgpt pro background=?
## 48 recorded 47: fact Rpc method=item/started
item rs_090de00d5dfe4ef2016ab7268973a487d29e741b1b5fec57a8 reasoning open at=1790387849469 text="" summary=[]
## 50 recorded 49: fact Rpc method=item/completed
item rs_090de00d5dfe4ef2016ab7268973a487d29e741b1b5fec57a8 reasoning final at=1790387849469 text="" summary=[]
## 52 recorded 51: fact Rpc method=item/started
item msg_090de00d5dfe4ef2016ab72689e78887d298419547ab475657 message open at=1790387850004 text=""
## 54 recorded 53: fact Rpc method=item/agentMessage/delta
append msg_090de00d5dfe4ef2016ab72689e78887d298419547ab475657 "CODE"
## 55 recorded 54: fact Rpc method=item/agentMessage/delta
append msg_090de00d5dfe4ef2016ab72689e78887d298419547ab475657 "X"
## 57 recorded 56: fact Rpc method=item/agentMessage/delta
append msg_090de00d5dfe4ef2016ab72689e78887d298419547ab475657 "_SPEC"
## 58 recorded 57: fact Rpc method=item/agentMessage/delta
append msg_090de00d5dfe4ef2016ab72689e78887d298419547ab475657 "_IN"
## 59 recorded 58: fact Rpc method=item/agentMessage/delta
append msg_090de00d5dfe4ef2016ab72689e78887d298419547ab475657 "JECT"
## 60 recorded 59: fact Rpc method=item/agentMessage/delta
append msg_090de00d5dfe4ef2016ab72689e78887d298419547ab475657 "_D"
## 62 recorded 61: fact Rpc method=item/agentMessage/delta
append msg_090de00d5dfe4ef2016ab72689e78887d298419547ab475657 "RAIN"
## 64 recorded 63: fact Rpc method=item/completed
item msg_090de00d5dfe4ef2016ab72689e78887d298419547ab475657 message final at=1790387850004 text="CODEX_SPEC_INJECT_DRAIN"
## 66 recorded 65: fact Rpc method=thread/tokenUsage/updated
snapshot WORKING queue=[] working_on=- at=1790387850137 asks=[] thread=01a0db6e-5eb0-71e0-ae6c-0293baf2bb48 turn=01a0db6e-5ec8-7cf2-93dc-c5c5dd8fe6bd model=gpt-5.6-luna effort=? approval=never sandbox=workspace-write context=12837/258400 plan=? usage=USAGE_STATE_OK 7d:1% credits=0 servers=HEALTH_STATE_HEALTHY[codex_apps:TOOL_SERVER_STATUS_READY] sign_in=SIGN_IN_STATE_SIGNED_IN chatgpt pro background=?
## 71 recorded 70: fact Rpc method=turn/completed
item turn:1 turn final at=1790387850140 text="" #1 TURN_OUTCOME_COMPLETED started=1790387838668
snapshot IDLE queue=[] working_on=- at=1790387850140 asks=[] thread=01a0db6e-5eb0-71e0-ae6c-0293baf2bb48 turn=- model=gpt-5.6-luna effort=? approval=never sandbox=workspace-write context=12837/258400 plan=? usage=USAGE_STATE_OK 7d:1% credits=0 servers=HEALTH_STATE_HEALTHY[codex_apps:TOOL_SERVER_STATUS_READY] sign_in=SIGN_IN_STATE_SIGNED_IN chatgpt pro background=?
turn_end 1 last=msg_090de00d5dfe4ef2016ab72689e78887d298419547ab475657
