## 0 initial
snapshot STARTING queue=[] working_on=- at=0 asks=[] thread=? turn=- model=? effort=? approval=? sandbox=? context=? plan=? usage=? servers=? sign_in=? background=?
## 6 recorded 5: fact Rpc method=account/updated
snapshot STARTING queue=[] working_on=- at=1790389939365 asks=[] thread=? turn=- model=? effort=? approval=? sandbox=? context=? plan=? usage=? servers=? sign_in=SIGN_IN_STATE_SIGNED_IN chatgpt pro background=?
## 8 recorded 7: fact Rpc "{\"id\":2,\"result\":{\"activePermissionProfile\":null,\"approvalPolicy\":\"on-…
item boundary:1 boundary final at=1790389939463 text="" BOUNDARY_KIND_STARTED session=01a0db8e-6cee-7af0-8195-e77765276e09 version=0.157.0
snapshot IDLE queue=[] working_on=- at=1790389939463 asks=[] thread=01a0db8e-6cee-7af0-8195-e77765276e09 turn=- model=gpt-5.6-luna effort=? approval=on-request sandbox=workspace-write context=? plan=? usage=? servers=? sign_in=SIGN_IN_STATE_SIGNED_IN chatgpt pro background=?
## 11 recorded 10: input stdin-4
effect reply stdin-4 accepted
effect write "{\"id\":\"amux-1\",\"method\":\"turn/start\",\"params\":{\"input\":[{\"text\":\"Call the ask_the_operator tool from the spec tool server twice, one call at a time: first with word BLUE, then with word LINK. Then reply with what each call returned.\",\"text_elements\":[],\"type\":\"text\"}],\"threadId\":\"01a0db8e-6cee-7af0-8195-e77765276e09\"}}"
item prompt:737464696e2d34 prompt final input=stdin-4 at=1790389939464 text="Call the ask_the_operator tool from the spec tool server twice, one call at a time: first with word BLUE, then with word LINK. Then reply with what each call returned."
snapshot WORKING queue=[] working_on=- at=1790389939464 asks=[] thread=01a0db8e-6cee-7af0-8195-e77765276e09 turn=- model=gpt-5.6-luna effort=? approval=on-request sandbox=workspace-write context=? plan=? usage=? servers=? sign_in=SIGN_IN_STATE_SIGNED_IN chatgpt pro background=?
## 13 recorded 12: fact Rpc method=mcpServer/startupStatus/updated
snapshot WORKING queue=[] working_on=- at=1790389939465 asks=[] thread=01a0db8e-6cee-7af0-8195-e77765276e09 turn=- model=gpt-5.6-luna effort=? approval=on-request sandbox=workspace-write context=? plan=? usage=? servers=HEALTH_STATE_HEALTHY[codex_apps:TOOL_SERVER_STATUS_STARTING] sign_in=SIGN_IN_STATE_SIGNED_IN chatgpt pro background=?
## 14 recorded 13: fact Rpc method=mcpServer/startupStatus/updated
snapshot WORKING queue=[] working_on=- at=1790389939465 asks=[] thread=01a0db8e-6cee-7af0-8195-e77765276e09 turn=- model=gpt-5.6-luna effort=? approval=on-request sandbox=workspace-write context=? plan=? usage=? servers=HEALTH_STATE_HEALTHY[codex_apps:TOOL_SERVER_STATUS_STARTING,spec:TOOL_SERVER_STATUS_STARTING] sign_in=SIGN_IN_STATE_SIGNED_IN chatgpt pro background=?
## 15 recorded 14: fact Rpc method=mcpServer/startupStatus/updated
snapshot WORKING queue=[] working_on=- at=1790389939465 asks=[] thread=01a0db8e-6cee-7af0-8195-e77765276e09 turn=- model=gpt-5.6-luna effort=? approval=on-request sandbox=workspace-write context=? plan=? usage=? servers=HEALTH_STATE_HEALTHY[codex_apps:TOOL_SERVER_STATUS_STARTING,spec:TOOL_SERVER_STATUS_READY] sign_in=SIGN_IN_STATE_SIGNED_IN chatgpt pro background=?
## 17 recorded 16: fact Rpc "{\"id\":\"amux-1\",\"result\":{\"turn\":{\"completedAt\":null,\"durationMs\":nu…
snapshot WORKING queue=[] working_on=- at=1790389939467 asks=[] thread=01a0db8e-6cee-7af0-8195-e77765276e09 turn=01a0db8e-6d0a-72c2-b6c4-baa7ae12760d model=gpt-5.6-luna effort=? approval=on-request sandbox=workspace-write context=? plan=? usage=? servers=HEALTH_STATE_HEALTHY[codex_apps:TOOL_SERVER_STATUS_STARTING,spec:TOOL_SERVER_STATUS_READY] sign_in=SIGN_IN_STATE_SIGNED_IN chatgpt pro background=?
## 22 recorded 21: fact Rpc method=mcpServer/startupStatus/updated
snapshot WORKING queue=[] working_on=- at=1790389941022 asks=[] thread=01a0db8e-6cee-7af0-8195-e77765276e09 turn=01a0db8e-6d0a-72c2-b6c4-baa7ae12760d model=gpt-5.6-luna effort=? approval=on-request sandbox=workspace-write context=? plan=? usage=? servers=HEALTH_STATE_HEALTHY[codex_apps:TOOL_SERVER_STATUS_READY,spec:TOOL_SERVER_STATUS_READY] sign_in=SIGN_IN_STATE_SIGNED_IN chatgpt pro background=?
## 28 recorded 27: fact Rpc method=item/started
item rs_0a42dc39e07eb227016ab72eb9efc887d2801b1e2c86c0946f reasoning open at=1790389946221 text="" summary=[]
## 30 recorded 29: fact Rpc method=item/completed
item rs_0a42dc39e07eb227016ab72eb9efc887d2801b1e2c86c0946f reasoning final at=1790389946221 text="" summary=[]
## 32 recorded 31: fact Rpc method=item/started
item msg_0a42dc39e07eb227016ab72eba6e9487d2b1e318f9468757c3 working_note open at=1790389946702 text=""
## 34 recorded 33: fact Rpc method=item/agentMessage/delta
append msg_0a42dc39e07eb227016ab72eba6e9487d2b1e318f9468757c3 "I"
## 35 recorded 34: fact Rpc method=item/agentMessage/delta
append msg_0a42dc39e07eb227016ab72eba6e9487d2b1e318f9468757c3 "’ll"
## 37 recorded 36: fact Rpc method=item/agentMessage/delta
append msg_0a42dc39e07eb227016ab72eba6e9487d2b1e318f9468757c3 " call"
## 39 recorded 38: fact Rpc method=item/agentMessage/delta
append msg_0a42dc39e07eb227016ab72eba6e9487d2b1e318f9468757c3 " the"
## 41 recorded 40: fact Rpc method=item/agentMessage/delta
append msg_0a42dc39e07eb227016ab72eba6e9487d2b1e318f9468757c3 " spec"
## 43 recorded 42: fact Rpc method=item/agentMessage/delta
append msg_0a42dc39e07eb227016ab72eba6e9487d2b1e318f9468757c3 " server"
## 45 recorded 44: fact Rpc method=item/agentMessage/delta
append msg_0a42dc39e07eb227016ab72eba6e9487d2b1e318f9468757c3 " tool"
## 47 recorded 46: fact Rpc method=item/agentMessage/delta
append msg_0a42dc39e07eb227016ab72eba6e9487d2b1e318f9468757c3 " twice"
## 48 recorded 47: fact Rpc method=item/agentMessage/delta
append msg_0a42dc39e07eb227016ab72eba6e9487d2b1e318f9468757c3 " in"
## 50 recorded 49: fact Rpc method=item/agentMessage/delta
append msg_0a42dc39e07eb227016ab72eba6e9487d2b1e318f9468757c3 " sequence"
## 52 recorded 51: fact Rpc method=item/agentMessage/delta
append msg_0a42dc39e07eb227016ab72eba6e9487d2b1e318f9468757c3 ","
## 54 recorded 53: fact Rpc method=item/agentMessage/delta
append msg_0a42dc39e07eb227016ab72eba6e9487d2b1e318f9468757c3 " first"
## 56 recorded 55: fact Rpc method=item/agentMessage/delta
append msg_0a42dc39e07eb227016ab72eba6e9487d2b1e318f9468757c3 " with"
## 58 recorded 57: fact Rpc method=item/agentMessage/delta
append msg_0a42dc39e07eb227016ab72eba6e9487d2b1e318f9468757c3 " `"
## 60 recorded 59: fact Rpc method=item/agentMessage/delta
append msg_0a42dc39e07eb227016ab72eba6e9487d2b1e318f9468757c3 "BLUE"
## 62 recorded 61: fact Rpc method=item/agentMessage/delta
append msg_0a42dc39e07eb227016ab72eba6e9487d2b1e318f9468757c3 "`,"
## 64 recorded 63: fact Rpc method=item/agentMessage/delta
append msg_0a42dc39e07eb227016ab72eba6e9487d2b1e318f9468757c3 " then"
## 66 recorded 65: fact Rpc method=item/agentMessage/delta
append msg_0a42dc39e07eb227016ab72eba6e9487d2b1e318f9468757c3 " with"
## 68 recorded 67: fact Rpc method=item/agentMessage/delta
append msg_0a42dc39e07eb227016ab72eba6e9487d2b1e318f9468757c3 " `"
## 70 recorded 69: fact Rpc method=item/agentMessage/delta
append msg_0a42dc39e07eb227016ab72eba6e9487d2b1e318f9468757c3 "LINK"
## 72 recorded 71: fact Rpc method=item/agentMessage/delta
append msg_0a42dc39e07eb227016ab72eba6e9487d2b1e318f9468757c3 "`,"
## 74 recorded 73: fact Rpc method=item/agentMessage/delta
append msg_0a42dc39e07eb227016ab72eba6e9487d2b1e318f9468757c3 " and"
## 76 recorded 75: fact Rpc method=item/agentMessage/delta
append msg_0a42dc39e07eb227016ab72eba6e9487d2b1e318f9468757c3 " report"
## 78 recorded 77: fact Rpc method=item/agentMessage/delta
append msg_0a42dc39e07eb227016ab72eba6e9487d2b1e318f9468757c3 " both"
## 80 recorded 79: fact Rpc method=item/agentMessage/delta
append msg_0a42dc39e07eb227016ab72eba6e9487d2b1e318f9468757c3 " returned"
## 82 recorded 81: fact Rpc method=item/agentMessage/delta
append msg_0a42dc39e07eb227016ab72eba6e9487d2b1e318f9468757c3 " values"
## 84 recorded 83: fact Rpc method=item/agentMessage/delta
append msg_0a42dc39e07eb227016ab72eba6e9487d2b1e318f9468757c3 "."
## 86 recorded 85: fact Rpc method=item/completed
item msg_0a42dc39e07eb227016ab72eba6e9487d2b1e318f9468757c3 working_note final at=1790389946702 text="I’ll call the spec server tool twice in sequence, first with `BLUE`, then with `LINK`, and report both returned values."
## 88 recorded 87: fact Rpc method=thread/tokenUsage/updated
snapshot WORKING queue=[] working_on=- at=1790389947944 asks=[] thread=01a0db8e-6cee-7af0-8195-e77765276e09 turn=01a0db8e-6d0a-72c2-b6c4-baa7ae12760d model=gpt-5.6-luna effort=? approval=on-request sandbox=workspace-write context=13269/258400 plan=? usage=? servers=HEALTH_STATE_HEALTHY[codex_apps:TOOL_SERVER_STATUS_READY,spec:TOOL_SERVER_STATUS_READY] sign_in=SIGN_IN_STATE_SIGNED_IN chatgpt pro background=?
## 89 recorded 88: fact Rpc method=account/rateLimits/updated
snapshot WORKING queue=[] working_on=- at=1790389947944 asks=[] thread=01a0db8e-6cee-7af0-8195-e77765276e09 turn=01a0db8e-6d0a-72c2-b6c4-baa7ae12760d model=gpt-5.6-luna effort=? approval=on-request sandbox=workspace-write context=13269/258400 plan=? usage=USAGE_STATE_OK 7d:1% credits=0 servers=HEALTH_STATE_HEALTHY[codex_apps:TOOL_SERVER_STATUS_READY,spec:TOOL_SERVER_STATUS_READY] sign_in=SIGN_IN_STATE_SIGNED_IN chatgpt pro background=?
## 91 recorded 90: fact Rpc method=item/started
item rs_0a42dc39e07eb227016ab72ebc7e0887d2915da4b4feee5dea reasoning open at=1790389948849 text="" summary=[]
## 93 recorded 92: fact Rpc method=item/completed
item rs_0a42dc39e07eb227016ab72ebc7e0887d2915da4b4feee5dea reasoning final at=1790389948849 text="" summary=[]
## 95 recorded 94: fact Rpc method=item/started
item exec-5adffbb8-ae90-4058-9833-1a29154d8128 work open at=1790389949464 text="" mcp spec·ask_the_operator args="{\"word\":\"BLUE\"}" result="" TOOL_STATE_RUNNING
## 98 recorded 97: fact Rpc method=mcpServer/elicitation/request
snapshot NEEDS_YOU queue=[] working_on=- at=1790389949466 asks=[0→exec-5adffbb8-ae90-4058-9833-1a29154d8128 mcp_tool spec·ask_the_operator args="{\"word\":\"BLUE\"}" decisions=[APPROVE,APPROVE_SESSION,DENY,ABORT]] thread=01a0db8e-6cee-7af0-8195-e77765276e09 turn=01a0db8e-6d0a-72c2-b6c4-baa7ae12760d model=gpt-5.6-luna effort=? approval=on-request sandbox=workspace-write context=13269/258400 plan=? usage=USAGE_STATE_OK 7d:1% credits=0 servers=HEALTH_STATE_HEALTHY[codex_apps:TOOL_SERVER_STATUS_READY,spec:TOOL_SERVER_STATUS_READY] sign_in=SIGN_IN_STATE_SIGNED_IN chatgpt pro background=?
## 100 recorded 99: input stdin-5
effect write "{\"id\":0,\"result\":{\"action\":\"accept\",\"content\":{}}}"
effect reply stdin-5 accepted
item exec-5adffbb8-ae90-4058-9833-1a29154d8128 work open at=1790389949464 text="" mcp spec·ask_the_operator args="{\"word\":\"BLUE\"}" result="" TOOL_STATE_RUNNING decision=DECISION_OUTCOME_ALLOWED
snapshot WORKING queue=[] working_on=- at=1790389949467 asks=[] thread=01a0db8e-6cee-7af0-8195-e77765276e09 turn=01a0db8e-6d0a-72c2-b6c4-baa7ae12760d model=gpt-5.6-luna effort=? approval=on-request sandbox=workspace-write context=13269/258400 plan=? usage=USAGE_STATE_OK 7d:1% credits=0 servers=HEALTH_STATE_HEALTHY[codex_apps:TOOL_SERVER_STATUS_READY,spec:TOOL_SERVER_STATUS_READY] sign_in=SIGN_IN_STATE_SIGNED_IN chatgpt pro background=?
## 106 recorded 105: fact Rpc method=mcpServer/elicitation/request
snapshot NEEDS_YOU queue=[] working_on=- at=1790389949471 asks=[1→exec-5adffbb8-ae90-4058-9833-1a29154d8128 form <REDACTED_IDENTIFIER> "Confirm the word BLUE." schema="{\"properties\":{\"confirmed\":{\"type\":\"stri…" decisions=[]] thread=01a0db8e-6cee-7af0-8195-e77765276e09 turn=01a0db8e-6d0a-72c2-b6c4-baa7ae12760d model=gpt-5.6-luna effort=? approval=on-request sandbox=workspace-write context=13269/258400 plan=? usage=USAGE_STATE_OK 7d:1% credits=0 servers=HEALTH_STATE_HEALTHY[codex_apps:TOOL_SERVER_STATUS_READY,spec:TOOL_SERVER_STATUS_READY] sign_in=SIGN_IN_STATE_SIGNED_IN chatgpt pro background=?
## 107 recorded 106: input stdin-6
effect write "{\"id\":1,\"result\":{\"action\":\"accept\",\"content\":{\"confirmed\":\"BLUE\"}}}"
effect reply stdin-6 accepted
snapshot WORKING queue=[] working_on=- at=1790389949471 asks=[] thread=01a0db8e-6cee-7af0-8195-e77765276e09 turn=01a0db8e-6d0a-72c2-b6c4-baa7ae12760d model=gpt-5.6-luna effort=? approval=on-request sandbox=workspace-write context=13269/258400 plan=? usage=USAGE_STATE_OK 7d:1% credits=0 servers=HEALTH_STATE_HEALTHY[codex_apps:TOOL_SERVER_STATUS_READY,spec:TOOL_SERVER_STATUS_READY] sign_in=SIGN_IN_STATE_SIGNED_IN chatgpt pro background=?
## 111 recorded 110: fact Rpc method=item/completed
item exec-5adffbb8-ae90-4058-9833-1a29154d8128 work final at=1790389949464 text="" mcp spec·ask_the_operator args="{\"word\":\"BLUE\"}" result="{\"_meta\":null,\"content\":[{\"text\":\"BLUE\",…" TOOL_STATE_SUCCEEDED decision=DECISION_OUTCOME_ALLOWED ended=1790389949473
## 113 recorded 112: fact Rpc method=thread/tokenUsage/updated
snapshot WORKING queue=[] working_on=- at=1790389949494 asks=[] thread=01a0db8e-6cee-7af0-8195-e77765276e09 turn=01a0db8e-6d0a-72c2-b6c4-baa7ae12760d model=gpt-5.6-luna effort=? approval=on-request sandbox=workspace-write context=13408/258400 plan=? usage=USAGE_STATE_OK 7d:1% credits=0 servers=HEALTH_STATE_HEALTHY[codex_apps:TOOL_SERVER_STATUS_READY,spec:TOOL_SERVER_STATUS_READY] sign_in=SIGN_IN_STATE_SIGNED_IN chatgpt pro background=?
## 116 recorded 115: fact Rpc method=item/started
item exec-2656a517-59e9-4a69-b383-8c58ae2f102c work open at=1790389950831 text="" mcp spec·ask_the_operator args="{\"word\":\"LINK\"}" result="" TOOL_STATE_RUNNING
## 119 recorded 118: fact Rpc method=mcpServer/elicitation/request
snapshot NEEDS_YOU queue=[] working_on=- at=1790389950831 asks=[2→exec-2656a517-59e9-4a69-b383-8c58ae2f102c mcp_tool spec·ask_the_operator args="{\"word\":\"LINK\"}" decisions=[APPROVE,APPROVE_SESSION,DENY,ABORT]] thread=01a0db8e-6cee-7af0-8195-e77765276e09 turn=01a0db8e-6d0a-72c2-b6c4-baa7ae12760d model=gpt-5.6-luna effort=? approval=on-request sandbox=workspace-write context=13408/258400 plan=? usage=USAGE_STATE_OK 7d:1% credits=0 servers=HEALTH_STATE_HEALTHY[codex_apps:TOOL_SERVER_STATUS_READY,spec:TOOL_SERVER_STATUS_READY] sign_in=SIGN_IN_STATE_SIGNED_IN chatgpt pro background=?
## 121 recorded 120: input stdin-7
effect write "{\"id\":2,\"result\":{\"action\":\"accept\",\"content\":{}}}"
effect reply stdin-7 accepted
item exec-2656a517-59e9-4a69-b383-8c58ae2f102c work open at=1790389950831 text="" mcp spec·ask_the_operator args="{\"word\":\"LINK\"}" result="" TOOL_STATE_RUNNING decision=DECISION_OUTCOME_ALLOWED
snapshot WORKING queue=[] working_on=- at=1790389950832 asks=[] thread=01a0db8e-6cee-7af0-8195-e77765276e09 turn=01a0db8e-6d0a-72c2-b6c4-baa7ae12760d model=gpt-5.6-luna effort=? approval=on-request sandbox=workspace-write context=13408/258400 plan=? usage=USAGE_STATE_OK 7d:1% credits=0 servers=HEALTH_STATE_HEALTHY[codex_apps:TOOL_SERVER_STATUS_READY,spec:TOOL_SERVER_STATUS_READY] sign_in=SIGN_IN_STATE_SIGNED_IN chatgpt pro background=?
## 126 recorded 125: fact Rpc method=mcpServer/elicitation/request
snapshot NEEDS_YOU queue=[] working_on=- at=1790389950833 asks=[3→exec-2656a517-59e9-4a69-b383-8c58ae2f102c link <REDACTED_IDENTIFIER> "Open the page to confirm." https://example.com/confirm decisions=[]] thread=01a0db8e-6cee-7af0-8195-e77765276e09 turn=01a0db8e-6d0a-72c2-b6c4-baa7ae12760d model=gpt-5.6-luna effort=? approval=on-request sandbox=workspace-write context=13408/258400 plan=? usage=USAGE_STATE_OK 7d:1% credits=0 servers=HEALTH_STATE_HEALTHY[codex_apps:TOOL_SERVER_STATUS_READY,spec:TOOL_SERVER_STATUS_READY] sign_in=SIGN_IN_STATE_SIGNED_IN chatgpt pro background=?
## 128 recorded 127: input stdin-8
effect write "{\"id\":3,\"result\":{\"action\":\"cancel\",\"content\":null}}"
effect reply stdin-8 accepted
snapshot WORKING queue=[] working_on=- at=1790389950834 asks=[] thread=01a0db8e-6cee-7af0-8195-e77765276e09 turn=01a0db8e-6d0a-72c2-b6c4-baa7ae12760d model=gpt-5.6-luna effort=? approval=on-request sandbox=workspace-write context=13408/258400 plan=? usage=USAGE_STATE_OK 7d:1% credits=0 servers=HEALTH_STATE_HEALTHY[codex_apps:TOOL_SERVER_STATUS_READY,spec:TOOL_SERVER_STATUS_READY] sign_in=SIGN_IN_STATE_SIGNED_IN chatgpt pro background=?
## 132 recorded 131: fact Rpc method=item/completed
item exec-2656a517-59e9-4a69-b383-8c58ae2f102c work final at=1790389950831 text="" mcp spec·ask_the_operator args="{\"word\":\"LINK\"}" result="{\"_meta\":null,\"content\":[{\"text\":\"elicit…" TOOL_STATE_SUCCEEDED decision=DECISION_OUTCOME_ALLOWED ended=1790389950835
## 134 recorded 133: fact Rpc method=thread/tokenUsage/updated
snapshot WORKING queue=[] working_on=- at=1790389950855 asks=[] thread=01a0db8e-6cee-7af0-8195-e77765276e09 turn=01a0db8e-6d0a-72c2-b6c4-baa7ae12760d model=gpt-5.6-luna effort=? approval=on-request sandbox=workspace-write context=13475/258400 plan=? usage=USAGE_STATE_OK 7d:1% credits=0 servers=HEALTH_STATE_HEALTHY[codex_apps:TOOL_SERVER_STATUS_READY,spec:TOOL_SERVER_STATUS_READY] sign_in=SIGN_IN_STATE_SIGNED_IN chatgpt pro background=?
## 138 recorded 137: fact Rpc method=item/started
item msg_0a42dc39e07eb227016ab72ebf677487d2a5f9c4fea5e3d548 message open at=1790389951423 text=""
## 140 recorded 139: fact Rpc method=item/agentMessage/delta
append msg_0a42dc39e07eb227016ab72ebf677487d2a5f9c4fea5e3d548 "-"
## 142 recorded 141: fact Rpc method=item/agentMessage/delta
append msg_0a42dc39e07eb227016ab72ebf677487d2a5f9c4fea5e3d548 " `"
## 144 recorded 143: fact Rpc method=item/agentMessage/delta
append msg_0a42dc39e07eb227016ab72ebf677487d2a5f9c4fea5e3d548 "BLUE"
## 146 recorded 145: fact Rpc method=item/agentMessage/delta
append msg_0a42dc39e07eb227016ab72ebf677487d2a5f9c4fea5e3d548 "`"
## 148 recorded 147: fact Rpc method=item/agentMessage/delta
append msg_0a42dc39e07eb227016ab72ebf677487d2a5f9c4fea5e3d548 " call"
## 150 recorded 149: fact Rpc method=item/agentMessage/delta
append msg_0a42dc39e07eb227016ab72ebf677487d2a5f9c4fea5e3d548 " returned"
## 152 recorded 151: fact Rpc method=item/agentMessage/delta
append msg_0a42dc39e07eb227016ab72ebf677487d2a5f9c4fea5e3d548 ":"
## 154 recorded 153: fact Rpc method=item/agentMessage/delta
append msg_0a42dc39e07eb227016ab72ebf677487d2a5f9c4fea5e3d548 " `"
## 156 recorded 155: fact Rpc method=item/agentMessage/delta
append msg_0a42dc39e07eb227016ab72ebf677487d2a5f9c4fea5e3d548 "BLUE"
## 158 recorded 157: fact Rpc method=item/agentMessage/delta
append msg_0a42dc39e07eb227016ab72ebf677487d2a5f9c4fea5e3d548 "`\n"
## 160 recorded 159: fact Rpc method=item/agentMessage/delta
append msg_0a42dc39e07eb227016ab72ebf677487d2a5f9c4fea5e3d548 "-"
## 162 recorded 161: fact Rpc method=item/agentMessage/delta
append msg_0a42dc39e07eb227016ab72ebf677487d2a5f9c4fea5e3d548 " `"
## 164 recorded 163: fact Rpc method=item/agentMessage/delta
append msg_0a42dc39e07eb227016ab72ebf677487d2a5f9c4fea5e3d548 "LINK"
## 166 recorded 165: fact Rpc method=item/agentMessage/delta
append msg_0a42dc39e07eb227016ab72ebf677487d2a5f9c4fea5e3d548 "`"
## 168 recorded 167: fact Rpc method=item/agentMessage/delta
append msg_0a42dc39e07eb227016ab72ebf677487d2a5f9c4fea5e3d548 " call"
## 170 recorded 169: fact Rpc method=item/agentMessage/delta
append msg_0a42dc39e07eb227016ab72ebf677487d2a5f9c4fea5e3d548 " returned"
## 172 recorded 171: fact Rpc method=item/agentMessage/delta
append msg_0a42dc39e07eb227016ab72ebf677487d2a5f9c4fea5e3d548 ":"
## 174 recorded 173: fact Rpc method=item/agentMessage/delta
append msg_0a42dc39e07eb227016ab72ebf677487d2a5f9c4fea5e3d548 " `"
## 176 recorded 175: fact Rpc method=item/agentMessage/delta
append msg_0a42dc39e07eb227016ab72ebf677487d2a5f9c4fea5e3d548 "elic"
## 178 recorded 177: fact Rpc method=item/agentMessage/delta
append msg_0a42dc39e07eb227016ab72ebf677487d2a5f9c4fea5e3d548 "itation"
## 180 recorded 179: fact Rpc method=item/agentMessage/delta
append msg_0a42dc39e07eb227016ab72ebf677487d2a5f9c4fea5e3d548 " cancel"
## 181 recorded 180: fact Rpc method=item/agentMessage/delta
append msg_0a42dc39e07eb227016ab72ebf677487d2a5f9c4fea5e3d548 "`"
## 183 recorded 182: fact Rpc method=item/completed
item msg_0a42dc39e07eb227016ab72ebf677487d2a5f9c4fea5e3d548 message final at=1790389951423 text="- `BLUE` call returned: `BLUE`\n- `LINK` call returned: `elicitation cancel`"
## 185 recorded 184: fact Rpc method=thread/tokenUsage/updated
snapshot WORKING queue=[] working_on=- at=1790389952024 asks=[] thread=01a0db8e-6cee-7af0-8195-e77765276e09 turn=01a0db8e-6d0a-72c2-b6c4-baa7ae12760d model=gpt-5.6-luna effort=? approval=on-request sandbox=workspace-write context=13539/258400 plan=? usage=USAGE_STATE_OK 7d:1% credits=0 servers=HEALTH_STATE_HEALTHY[codex_apps:TOOL_SERVER_STATUS_READY,spec:TOOL_SERVER_STATUS_READY] sign_in=SIGN_IN_STATE_SIGNED_IN chatgpt pro background=?
## 190 recorded 189: fact Rpc method=turn/completed
item turn:1 turn final at=1790389952027 text="" #1 TURN_OUTCOME_COMPLETED started=1790389939468
snapshot IDLE queue=[] working_on=- at=1790389952027 asks=[] thread=01a0db8e-6cee-7af0-8195-e77765276e09 turn=- model=gpt-5.6-luna effort=? approval=on-request sandbox=workspace-write context=13539/258400 plan=? usage=USAGE_STATE_OK 7d:1% credits=0 servers=HEALTH_STATE_HEALTHY[codex_apps:TOOL_SERVER_STATUS_READY,spec:TOOL_SERVER_STATUS_READY] sign_in=SIGN_IN_STATE_SIGNED_IN chatgpt pro background=?
turn_end 1 last=msg_0a42dc39e07eb227016ab72ebf677487d2a5f9c4fea5e3d548
