## 0 initial
snapshot STARTING queue=[] working_on=- at=0 asks=[] thread=? turn=- model=? model_name=? effort=? permission=custom mode=? approval=? sandbox=? reviewer=? collaboration=? context=? plan=? usage=? servers=? sign_in=? background=?
## 5 recorded 4: fact Rpc "{\"id\":2,\"result\":{\"activePermissionProfile\":null,\"approvalPolicy\":\"on-…
effect write "{\"id\":\"amux-persist\",\"method\":\"thread/read\",\"params\":{\"includeTurns\":true,\"threadId\":\"01a04f52-6f34-7792-a9e1-75b0b63e14dd\"}}"
effect write "{\"id\":\"amux-models-1\",\"method\":\"model/list\",\"params\":{}}"
effect write "{\"id\":\"amux-skills\",\"method\":\"skills/list\",\"params\":{}}"
item boundary:1 boundary final at=1788037197643 text="" BOUNDARY_KIND_STARTED session=01a04f52-6f34-7792-a9e1-75b0b63e14dd version=0.150.1
snapshot IDLE queue=[] working_on=- at=1788037197643 asks=[] thread=01a04f52-6f34-7792-a9e1-75b0b63e14dd turn=- model=gpt-5.6-luna model_name="GPT-5.6 Luna" effort=? permission=default mode=? approval=on-request sandbox=workspace-write reviewer=user collaboration=? context=? plan=? usage=? servers=? sign_in=? background=?
## 8 recorded 7: input stdin-4
effect reply stdin-4 accepted
effect write "{\"id\":\"amux-1\",\"method\":\"turn/start\",\"params\":{\"clientUserMessageId\":\"737464696e2d34\",\"input\":[{\"text\":\"Call the send tool exactly once with to=probe and text=CODEX_SPEC_SENT. Do not use any other tool.\",\"text_elements\":[],\"type\":\"text\"}],\"threadId\":\"01a04f52-6f34-7792-a9e1-75b0b63e14dd\"}}"
item prompt:737464696e2d34 prompt final input=stdin-4 at=1788037197644 text="Call the send tool exactly once with to=probe and text=CODEX_SPEC_SENT. Do not use any other tool."
snapshot WORKING queue=[] working_on=- at=1788037197644 asks=[] thread=01a04f52-6f34-7792-a9e1-75b0b63e14dd turn=- model=gpt-5.6-luna model_name="GPT-5.6 Luna" effort=? permission=default mode=? approval=on-request sandbox=workspace-write reviewer=user collaboration=? context=? plan=? usage=? servers=? sign_in=? background=?
## 10 recorded 9: fact Rpc method=mcpServer/startupStatus/updated
snapshot WORKING queue=[] working_on=- at=1788037197645 asks=[] thread=01a04f52-6f34-7792-a9e1-75b0b63e14dd turn=- model=gpt-5.6-luna model_name="GPT-5.6 Luna" effort=? permission=default mode=? approval=on-request sandbox=workspace-write reviewer=user collaboration=? context=? plan=? usage=? servers=HEALTH_STATE_HEALTHY[codex_apps:TOOL_SERVER_STATUS_STARTING] sign_in=? background=?
## 12 recorded 11: fact Rpc "{\"id\":\"amux-1\",\"result\":{\"turn\":{\"completedAt\":null,\"durationMs\":nu…
snapshot WORKING queue=[] working_on=- at=1788037197648 asks=[] thread=01a04f52-6f34-7792-a9e1-75b0b63e14dd turn=01a04f52-6f4d-7353-ad8f-9fcfa95dd6f4 model=gpt-5.6-luna model_name="GPT-5.6 Luna" effort=? permission=default mode=? approval=on-request sandbox=workspace-write reviewer=user collaboration=? context=? plan=? usage=? servers=HEALTH_STATE_HEALTHY[codex_apps:TOOL_SERVER_STATUS_STARTING] sign_in=? background=?
## 18 recorded 17: fact Rpc method=mcpServer/startupStatus/updated
snapshot WORKING queue=[] working_on=- at=1788037198362 asks=[] thread=01a04f52-6f34-7792-a9e1-75b0b63e14dd turn=01a04f52-6f4d-7353-ad8f-9fcfa95dd6f4 model=gpt-5.6-luna model_name="GPT-5.6 Luna" effort=? permission=default mode=? approval=on-request sandbox=workspace-write reviewer=user collaboration=? context=? plan=? usage=? servers=HEALTH_STATE_HEALTHY[codex_apps:TOOL_SERVER_STATUS_READY] sign_in=? background=?
## 23 recorded 22: fact Rpc method=item/started
item rs_05888512e7901f14016a934850ad3887d2ad0c98d0189b77ad reasoning open at=1788037200728 text="" summary=[]
## 25 recorded 24: fact Rpc method=item/completed
item rs_05888512e7901f14016a934850ad3887d2ad0c98d0189b77ad reasoning final at=1788037200728 text="" summary=[]
## 27 recorded 26: fact Rpc method=item/started
item exec-f10ce098-5709-429d-8b03-34a205ab390e work open at=1788037202024 text="" mcp ·send args="{\"text\":\"CODEX_SPEC_SENT\",\"to\":\"probe\"}" result="" TOOL_STATE_RUNNING
## 28 recorded 27: fact Rpc method=item/tool/call
effect write "{\"id\":0,\"result\":{\"contentItems\":[{\"text\":\"This client hosts no dynamic tools.\",\"type\":\"inputText\"}],\"success\":false}}"
## 30 recorded 29: fact Rpc method=item/completed
item exec-f10ce098-5709-429d-8b03-34a205ab390e work final at=1788037202024 text="" mcp ·send args="{\"text\":\"CODEX_SPEC_SENT\",\"to\":\"probe\"}" result="[{\"text\":\"sent\",\"type\":\"inputText\"}]" TOOL_STATE_SUCCEEDED ended=1788037202025
## 32 recorded 31: fact Rpc method=thread/tokenUsage/updated
snapshot WORKING queue=[] working_on=- at=1788037202026 asks=[] thread=01a04f52-6f34-7792-a9e1-75b0b63e14dd turn=01a04f52-6f4d-7353-ad8f-9fcfa95dd6f4 model=gpt-5.6-luna model_name="GPT-5.6 Luna" effort=? permission=default mode=? approval=on-request sandbox=workspace-write reviewer=user collaboration=? context=14644/258400 plan=? usage=? servers=HEALTH_STATE_HEALTHY[codex_apps:TOOL_SERVER_STATUS_READY] sign_in=? background=?
## 34 recorded 33: fact Rpc method=account/rateLimits/updated
snapshot WORKING queue=[] working_on=- at=1788037202027 asks=[] thread=01a04f52-6f34-7792-a9e1-75b0b63e14dd turn=01a04f52-6f4d-7353-ad8f-9fcfa95dd6f4 model=gpt-5.6-luna model_name="GPT-5.6 Luna" effort=? permission=default mode=? approval=on-request sandbox=workspace-write reviewer=user collaboration=? context=14644/258400 plan=? usage=ok 7d:13%(ok) credits=0 servers=HEALTH_STATE_HEALTHY[codex_apps:TOOL_SERVER_STATUS_READY] sign_in=? background=?
## 38 recorded 37: fact Rpc method=item/started
item msg_05888512e7901f14016a934852fe8c87d2a14ec76ffb529c7d message open at=1788037203044 text=""
## 40 recorded 39: fact Rpc method=item/agentMessage/delta
append msg_05888512e7901f14016a934852fe8c87d2a14ec76ffb529c7d "Done"
## 42 recorded 41: fact Rpc method=item/agentMessage/delta
append msg_05888512e7901f14016a934852fe8c87d2a14ec76ffb529c7d "."
## 44 recorded 43: fact Rpc method=item/completed
item msg_05888512e7901f14016a934852fe8c87d2a14ec76ffb529c7d message final at=1788037203044 text="Done."
## 46 recorded 45: fact Rpc method=thread/tokenUsage/updated
snapshot WORKING queue=[] working_on=- at=1788037203162 asks=[] thread=01a04f52-6f34-7792-a9e1-75b0b63e14dd turn=01a04f52-6f4d-7353-ad8f-9fcfa95dd6f4 model=gpt-5.6-luna model_name="GPT-5.6 Luna" effort=? permission=default mode=? approval=on-request sandbox=workspace-write reviewer=user collaboration=? context=14674/258400 plan=? usage=ok 7d:13%(ok) credits=0 servers=HEALTH_STATE_HEALTHY[codex_apps:TOOL_SERVER_STATUS_READY] sign_in=? background=?
## 51 recorded 50: fact Rpc method=turn/completed
item turn:1 turn final at=1788037203164 text="" #1 TURN_OUTCOME_COMPLETED started=1788037197648
snapshot IDLE queue=[] working_on=- at=1788037203164 asks=[] thread=01a04f52-6f34-7792-a9e1-75b0b63e14dd turn=- model=gpt-5.6-luna model_name="GPT-5.6 Luna" effort=? permission=default mode=? approval=on-request sandbox=workspace-write reviewer=user collaboration=? context=14674/258400 plan=? usage=ok 7d:13%(ok) credits=0 servers=HEALTH_STATE_HEALTHY[codex_apps:TOOL_SERVER_STATUS_READY] sign_in=? background=[]
turn_end 1 last=msg_05888512e7901f14016a934852fe8c87d2a14ec76ffb529c7d
