## 0 initial
snapshot STARTING queue=[] working_on=- at=0 asks=[] thread=? turn=- model=? model_name=? effort=? approval=? sandbox=? context=? plan=? usage=? servers=? sign_in=? background=?
## 5 recorded 4: fact Rpc "{\"id\":2,\"result\":{\"activePermissionProfile\":null,\"approvalPolicy\":\"on-…
effect write "{\"id\":\"amux-persist\",\"method\":\"thread/read\",\"params\":{\"includeTurns\":true,\"threadId\":\"01a10efb-dd0f-7d93-95e0-a5db9f4fedd0\"}}"
effect write "{\"id\":\"amux-models-1\",\"method\":\"model/list\",\"params\":{}}"
effect write "{\"id\":\"amux-skills\",\"method\":\"skills/list\",\"params\":{}}"
item boundary:1 boundary final at=1791252750017 text="" BOUNDARY_KIND_STARTED session=01a10efb-dd0f-7d93-95e0-a5db9f4fedd0 version=0.160.0
snapshot IDLE queue=[] working_on=- at=1791252750017 asks=[] thread=01a10efb-dd0f-7d93-95e0-a5db9f4fedd0 turn=- model=gpt-5.6-luna model_name="GPT-5.6 Luna" effort=? approval=on-request sandbox=workspace-write context=? plan=? usage=? servers=? sign_in=? background=?
## 8 recorded 7: fact Rpc method=mcpServer/startupStatus/updated
snapshot IDLE queue=[] working_on=- at=1791252750018 asks=[] thread=01a10efb-dd0f-7d93-95e0-a5db9f4fedd0 turn=- model=gpt-5.6-luna model_name="GPT-5.6 Luna" effort=? approval=on-request sandbox=workspace-write context=? plan=? usage=? servers=HEALTH_STATE_HEALTHY[codex_apps:TOOL_SERVER_STATUS_STARTING] sign_in=? background=?
## 10 recorded 9: fact Rpc method=account/updated
snapshot IDLE queue=[] working_on=- at=1791252750174 asks=[] thread=01a10efb-dd0f-7d93-95e0-a5db9f4fedd0 turn=- model=gpt-5.6-luna model_name="GPT-5.6 Luna" effort=? approval=on-request sandbox=workspace-write context=? plan=? usage=? servers=HEALTH_STATE_HEALTHY[codex_apps:TOOL_SERVER_STATUS_STARTING] sign_in=SIGN_IN_STATE_SIGNED_IN chatgpt pro background=?
## 15 recorded 14: fact Rpc method=mcpServer/startupStatus/updated
snapshot IDLE queue=[] working_on=- at=1791252750665 asks=[] thread=01a10efb-dd0f-7d93-95e0-a5db9f4fedd0 turn=- model=gpt-5.6-luna model_name="GPT-5.6 Luna" effort=? approval=on-request sandbox=workspace-write context=? plan=? usage=? servers=HEALTH_STATE_HEALTHY[codex_apps:TOOL_SERVER_STATUS_READY] sign_in=SIGN_IN_STATE_SIGNED_IN chatgpt pro background=?
## 20 recorded 19: fact Rpc method=turn/started
snapshot WORKING queue=[] working_on=- at=1791252750694 asks=[] thread=01a10efb-dd0f-7d93-95e0-a5db9f4fedd0 turn=01a10efb-e161-7c81-b274-f376c0058c47 model=gpt-5.6-luna model_name="GPT-5.6 Luna" effort=? approval=on-request sandbox=workspace-write context=? plan=? usage=? servers=HEALTH_STATE_HEALTHY[codex_apps:TOOL_SERVER_STATUS_READY] sign_in=SIGN_IN_STATE_SIGNED_IN chatgpt pro background=?
## 24 recorded 23: fact Rpc method=item/completed
item 01a10efb-e428-7d01-a95b-8d1207ff1a08 prompt final at=1791252751403 text="Reply with exactly CODEX_SPEC_OTHER and nothing else."
## 26 recorded 25: fact Rpc method=item/started
item msg_0d4fe278a9664e72016ac45910526487d28941bd617dde458d message open at=1791252752334 text=""
## 28 recorded 27: fact Rpc method=item/agentMessage/delta
append msg_0d4fe278a9664e72016ac45910526487d28941bd617dde458d "CODE"
## 29 recorded 28: fact Rpc method=item/agentMessage/delta
append msg_0d4fe278a9664e72016ac45910526487d28941bd617dde458d "X"
## 31 recorded 30: fact Rpc method=item/agentMessage/delta
append msg_0d4fe278a9664e72016ac45910526487d28941bd617dde458d "_SPEC"
## 33 recorded 32: fact Rpc method=item/agentMessage/delta
append msg_0d4fe278a9664e72016ac45910526487d28941bd617dde458d "_OTHER"
## 35 recorded 34: fact Rpc method=item/completed
item msg_0d4fe278a9664e72016ac45910526487d28941bd617dde458d message final at=1791252752334 text="CODEX_SPEC_OTHER"
## 37 recorded 36: fact Rpc method=thread/tokenUsage/updated
snapshot WORKING queue=[] working_on=- at=1791252752474 asks=[] thread=01a10efb-dd0f-7d93-95e0-a5db9f4fedd0 turn=01a10efb-e161-7c81-b274-f376c0058c47 model=gpt-5.6-luna model_name="GPT-5.6 Luna" effort=? approval=on-request sandbox=workspace-write context=13176/258400 plan=? usage=? servers=HEALTH_STATE_HEALTHY[codex_apps:TOOL_SERVER_STATUS_READY] sign_in=SIGN_IN_STATE_SIGNED_IN chatgpt pro background=?
## 39 recorded 38: fact Rpc method=account/rateLimits/updated
snapshot WORKING queue=[] working_on=- at=1791252752475 asks=[] thread=01a10efb-dd0f-7d93-95e0-a5db9f4fedd0 turn=01a10efb-e161-7c81-b274-f376c0058c47 model=gpt-5.6-luna model_name="GPT-5.6 Luna" effort=? approval=on-request sandbox=workspace-write context=13176/258400 plan=? usage=ok 7d:1%(ok) credits=62500 servers=HEALTH_STATE_HEALTHY[codex_apps:TOOL_SERVER_STATUS_READY] sign_in=SIGN_IN_STATE_SIGNED_IN chatgpt pro background=?
## 43 recorded 42: fact Rpc method=turn/completed
item turn:1 turn final at=1791252752478 text="" #1 TURN_OUTCOME_COMPLETED started=1791252750693
snapshot IDLE queue=[] working_on=- at=1791252752478 asks=[] thread=01a10efb-dd0f-7d93-95e0-a5db9f4fedd0 turn=- model=gpt-5.6-luna model_name="GPT-5.6 Luna" effort=? approval=on-request sandbox=workspace-write context=13176/258400 plan=? usage=ok 7d:1%(ok) credits=62500 servers=HEALTH_STATE_HEALTHY[codex_apps:TOOL_SERVER_STATUS_READY] sign_in=SIGN_IN_STATE_SIGNED_IN chatgpt pro background=[]
turn_end 1 last=msg_0d4fe278a9664e72016ac45910526487d28941bd617dde458d
## 47 recorded 46: fact Rpc method=turn/started
snapshot WORKING queue=[] working_on=- at=1791252752488 asks=[] thread=01a10efb-dd0f-7d93-95e0-a5db9f4fedd0 turn=01a10efb-e861-7a53-b4b3-75fc90a2b72b model=gpt-5.6-luna model_name="GPT-5.6 Luna" effort=? approval=on-request sandbox=workspace-write context=13176/258400 plan=? usage=ok 7d:1%(ok) credits=62500 servers=HEALTH_STATE_HEALTHY[codex_apps:TOOL_SERVER_STATUS_READY] sign_in=SIGN_IN_STATE_SIGNED_IN chatgpt pro background=[]
## 51 recorded 50: fact Rpc method=item/completed
item 01a10efb-e879-71a1-ac48-c250bdfc406e prompt final at=1791252752507 text="Count slowly from one to one hundred, one number per line."
## 54 recorded 53: fact Rpc method=turn/completed
item turn:2 turn final at=1791252752513 text="" #2 TURN_OUTCOME_INTERRUPTED started=1791252752483
snapshot IDLE queue=[] working_on=- at=1791252752513 asks=[] thread=01a10efb-dd0f-7d93-95e0-a5db9f4fedd0 turn=- model=gpt-5.6-luna model_name="GPT-5.6 Luna" effort=? approval=on-request sandbox=workspace-write context=13176/258400 plan=? usage=ok 7d:1%(ok) credits=62500 servers=HEALTH_STATE_HEALTHY[codex_apps:TOOL_SERVER_STATUS_READY] sign_in=SIGN_IN_STATE_SIGNED_IN chatgpt pro background=[]
turn_end 2 last=-
