## 0 initial
  composer Send activity=None queue=[] outbox=[]
## 4 recorded 3: input stdin-2
  row    1 73746469-6e2d-4200-8000-000000000000 Prompt { text: [Text("Count slowly from one to two hundred, one number per line.")], steered: false }
  composer Send activity=Some(Working) queue=[] outbox=[]
## 6 recorded 5: fact Stream type=system subtype=init uuid=6b50886a-2108-4fe4-beb0-2af0b5f17796
  row    2 boundary:1 Boundary { kind: Started, cause: "" }
## 27 recorded 26: fact Stream type=assistant uuid=d4bb9f19-5b34-4d9d-b2a9-42db127bde03
  row    3 msg_011CeW3dDkhxHSkTccVzTNHw:0 Thinking { text: "The user is asking me to count from 1 to 200, one number per line. This is a straightforward request and I should just do it.\n\nLet me count:\n1\n2\n3\n... and so on up to 200\n\nI'll format this clearly with one number per line.", open: false, duration_ms: Some(1698) }
## 33 recorded 32: fact Stream type=assistant uuid=c6dd151a-23e8-4401-a662-02960268d9e6
  row    4 msg_011CeW3dDkhxHSkTccVzTNHw:1 Prose { text: [Text("1\n2\n3\n4\n5\n6")], streaming: false, working_note: false }
## 37 recorded 36: fact Stream type=result subtype=error_during_execution uuid=d977b23e-28cd-4e2c-a4fa-652e0ddec2cd
  row    5 turn:1 Stopped
  composer Send activity=None queue=[] outbox=[]
== chat
     1 73746469-6e2d-4200-8000-000000000000 Prompt { text: [Text("Count slowly from one to two hundred, one number per line.")], steered: false }
     2 boundary:1 Boundary { kind: Started, cause: "" }
     3 msg_011CeW3dDkhxHSkTccVzTNHw:0 Thinking { text: "The user is asking me to count from 1 to 200, one number per line. This is a straightforward request and I should just do it.\n\nLet me count:\n1\n2\n3\n... and so on up to 200\n\nI'll format this clearly with one number per line.", open: false, duration_ms: Some(1698) }
     4 msg_011CeW3dDkhxHSkTccVzTNHw:1 Prose { text: [Text("1\n2\n3\n4\n5\n6")], streaming: false, working_note: false }
     5 turn:1 Stopped
== strip Strip { tasks: None, context: Some(ContextView { used_tokens: 27909, window_tokens: Some(200000), percent: Some(13), in_strip: false }), model: Some("claude-haiku-4-5-20251001"), effort: None, mode: Some("default"), usage: Some(UsageView { blocked: false, windows: [("five_hour", 19.0, Some(1787970000000)), ("seven_day", 83.0, Some(1787976000000))], credits: None }), failed_servers: [ServerView { name: "claude.ai Google Drive", error: "", needs_auth: true }], sign_in: None, background: None, working_on: None }
