## 0 initial
  composer Send activity=None queue=[] underway=[] refused=[]
## 6 recorded 5: input 0x8744b179efef4c7db68436727acd1e63
  row    1 boundary:1 Boundary { kind: Started, cause: "" }
  row    2 8744b179-efef-4c7d-b684-36727acd1e63 Prompt { text: [Text("Plan changing README.md's only line from CURRENT to UPDATED. It is a one-step plan: do not ask me anything, and put the plan to me for approval.")], steered: false }
  composer Send activity=Some(Working) queue=[] underway=[] refused=[]
## 12 recorded 11: fact Stream type=system subtype=init uuid=b74125ff-46d5-4043-89a6-e338fb05415b
  row    1 boundary:1 Boundary { kind: Started, cause: "" }
## 72 recorded 71: fact Stream type=stream_event uuid=dfef1f68-67ff-42f0-b333-1308004abb03
  row    3 toolu_01FQVocCu5r4uTMaVSifk7QA Explore { verb: Search, subject: "", state: Running } run[toolu_01FQVocCu5r4uTMaVSifk7QA..toolu_01FQVocCu5r4uTMaVSifk7QA x1 recent=0 live RunCounts { commands: 0, edits: 0, reads: 0, searches: 1, subagents: 0, other: 0 }]
  composer Send activity=Some(Running { key: "toolu_01FQVocCu5r4uTMaVSifk7QA" }) queue=[] underway=[] refused=[]
## 83 recorded 82: fact Stream type=assistant uuid=6aa0fe08-251d-4e77-bf34-c5e97b1f042e
  row    3 toolu_01FQVocCu5r4uTMaVSifk7QA Explore { verb: Search, subject: "select:ExitPlanMode", state: Running } run[toolu_01FQVocCu5r4uTMaVSifk7QA..toolu_01FQVocCu5r4uTMaVSifk7QA x1 recent=0 live RunCounts { commands: 0, edits: 0, reads: 0, searches: 1, subagents: 0, other: 0 }]
## 87 recorded 86: fact Stream type=user uuid=20262855-f8a2-4f48-b610-2c08e92b2cfc
  row    3 toolu_01FQVocCu5r4uTMaVSifk7QA Explore { verb: Search, subject: "select:ExitPlanMode", state: Succeeded } run[toolu_01FQVocCu5r4uTMaVSifk7QA..toolu_01FQVocCu5r4uTMaVSifk7QA x1 recent=0 live RunCounts { commands: 0, edits: 0, reads: 0, searches: 1, subagents: 0, other: 0 }]
  composer Send activity=Some(Working) queue=[] underway=[] refused=[]
## 101 recorded 100: fact Stream type=assistant uuid=a4c9e3b8-1b87-4826-ac1b-14feff5d972b
  row    3 toolu_01FQVocCu5r4uTMaVSifk7QA Explore { verb: Search, subject: "select:ExitPlanMode", state: Succeeded } run[toolu_01FQVocCu5r4uTMaVSifk7QA..toolu_01FQVocCu5r4uTMaVSifk7QA x1 recent=0 RunCounts { commands: 0, edits: 0, reads: 0, searches: 1, subagents: 0, other: 0 }]
  row    4 toolu_01GroRUTKoaxaeTEwXAL2VUJ Ask(Plan { plan: "# Plan: Update README.md\n\n## Context\nREADME.md contains a single line, `CURRENT`. It should read `UPDATED`.\n\n## Step\n1. In `<MACHINE_PATH>, replace the only line `CURRENT` with `UPDATED` (Edit tool).\n\n## Verification\nRead README.md and confirm it contains only `UPDATED`.\n", verdict: Open, note: None, writing: false })
## 103 recorded 102: fact Stream type=control_request
  ask 340eadf8-d6aa-4147-85c7-b8d162f14f4d -> "toolu_01GroRUTKoaxaeTEwXAL2VUJ" 1/1 Open
    choices ApprovePlan { auto_accept_edits: false }*, ApprovePlan { auto_accept_edits: true }, SendBack+note
    body Plan { plan: "# Plan: Update README.md\n\n## Context\nREADME.md contains a single line, `CURRENT`. It should read `UPDATED`.\n\n## Step\n1. In `<MACHINE_PATH>, replace the only line `CURRENT` with `UPDATED` (Edit tool).\n\n## Verification\nRead README.md and confirm it contains only `UPDATED`.\n" }
  composer Send activity=None queue=[] underway=[] refused=[]
## 109 recorded 108: input stdin-4
  row    4 toolu_01GroRUTKoaxaeTEwXAL2VUJ Ask(Plan { plan: "# Plan: Update README.md\n\n## Context\nREADME.md contains a single line, `CURRENT`. It should read `UPDATED`.\n\n## Step\n1. In `<MACHINE_PATH>, replace the only line `CURRENT` with `UPDATED` (Edit tool).\n\n## Verification\nRead README.md and confirm it contains only `UPDATED`.\n", verdict: Approved, note: None, writing: false })
  ask none
  composer Send activity=Some(Working) queue=[] underway=[] refused=[]
## 119 recorded 118: fact Stream type=stream_event uuid=90f33929-246e-4fe6-a6f2-8f426c11b985
  row    5 msg_011CfnB7bQLJPHU6fyND8sr6:0 Thinking { text: "", open: true, duration_ms: None }
  composer Send activity=Some(Thinking) queue=[] underway=[] refused=[]
## 122 recorded 121: fact Stream type=stream_event uuid=5de87b1a-61e3-4707-950d-b7d7f105e6a9
  row    5 msg_011CfnB7bQLJPHU6fyND8sr6:0 Thinking { text: "", open: true, duration_ms: None }
## 124 recorded 123: fact Stream type=stream_event uuid=fe4bad36-a0b1-48ed-92e0-79bb6c56bf01
  row    5 msg_011CfnB7bQLJPHU6fyND8sr6:0 Thinking { text: "", open: true, duration_ms: None }
## 129 recorded 128: fact Stream type=assistant uuid=b14001b7-e931-4060-81ce-3c2b854e341a
  row    5 msg_011CfnB7bQLJPHU6fyND8sr6:0 Thinking { text: "", open: false, duration_ms: Some(699) }
  composer Send activity=Some(Working) queue=[] underway=[] refused=[]
## 132 recorded 131: fact Stream type=stream_event uuid=3daed5a9-6440-4d6a-a0d4-243ee868c549
  row    6 toolu_019k6RAsffJVpjZWTqpENCCx Explore { verb: Read, subject: "", state: Running } run[toolu_019k6RAsffJVpjZWTqpENCCx..toolu_019k6RAsffJVpjZWTqpENCCx x1 recent=0 live RunCounts { commands: 0, edits: 0, reads: 1, searches: 0, subagents: 0, other: 0 }]
  composer Send activity=Some(Running { key: "toolu_019k6RAsffJVpjZWTqpENCCx" }) queue=[] underway=[] refused=[]
## 149 recorded 148: fact Stream type=assistant uuid=86680c3e-5097-4a35-bae1-f62906877d4e
  row    6 toolu_019k6RAsffJVpjZWTqpENCCx Explore { verb: Read, subject: "<MACHINE_PATH>", state: Running } run[toolu_019k6RAsffJVpjZWTqpENCCx..toolu_019k6RAsffJVpjZWTqpENCCx x1 recent=0 live RunCounts { commands: 0, edits: 0, reads: 1, searches: 0, subagents: 0, other: 0 }]
## 156 recorded 155: fact Stream type=user uuid=fe79da69-985c-44c8-99fb-fdf20fa3a87c
  row    6 toolu_019k6RAsffJVpjZWTqpENCCx Explore { verb: Read, subject: "<MACHINE_PATH>", state: Succeeded } run[toolu_019k6RAsffJVpjZWTqpENCCx..toolu_019k6RAsffJVpjZWTqpENCCx x1 recent=0 live RunCounts { commands: 0, edits: 0, reads: 1, searches: 0, subagents: 0, other: 0 }]
  composer Send activity=Some(Working) queue=[] underway=[] refused=[]
## 162 recorded 161: fact Stream type=stream_event uuid=aedf36ac-6284-4f12-8508-c81a47f46fc4
  row    7 msg_011CfnB7jZUK5E8ucUbNfxRU:0 Thinking { text: "", open: true, duration_ms: None }
  composer Send activity=Some(Thinking) queue=[] underway=[] refused=[]
## 164 recorded 163: fact Stream type=stream_event uuid=4dcadc1e-f431-48e2-872a-4a20388e63b5
  row    7 msg_011CfnB7jZUK5E8ucUbNfxRU:0 Thinking { text: "", open: true, duration_ms: None }
## 166 recorded 165: fact Stream type=assistant uuid=718b0ea9-90b6-4572-82ec-3f3d8ceb47e3
  row    7 msg_011CfnB7jZUK5E8ucUbNfxRU:0 Thinking { text: "", open: false, duration_ms: Some(847) }
  composer Send activity=Some(Working) queue=[] underway=[] refused=[]
## 169 recorded 168: fact Stream type=stream_event uuid=09c2813b-6479-4383-bcf4-ebc61518189d
  row    6 toolu_019k6RAsffJVpjZWTqpENCCx Explore { verb: Read, subject: "<MACHINE_PATH>", state: Succeeded } run[toolu_019k6RAsffJVpjZWTqpENCCx..toolu_01TNhCXvsRc7iT2ozHYy5bNt x2 recent=1 live]
  row    7 msg_011CfnB7jZUK5E8ucUbNfxRU:0 Thinking { text: "", open: false, duration_ms: Some(847) } run[toolu_019k6RAsffJVpjZWTqpENCCx..toolu_01TNhCXvsRc7iT2ozHYy5bNt x2 live] collapsed
  row    8 toolu_01TNhCXvsRc7iT2ozHYy5bNt FileChange { files: [FileRow { path: "", change: Edited, added: 0, removed: 0, line: None }], state: Running } run[toolu_019k6RAsffJVpjZWTqpENCCx..toolu_01TNhCXvsRc7iT2ozHYy5bNt x2 recent=0 live RunCounts { commands: 0, edits: 1, reads: 1, searches: 0, subagents: 0, other: 0 }]
  composer Send activity=Some(Running { key: "toolu_01TNhCXvsRc7iT2ozHYy5bNt" }) queue=[] underway=[] refused=[]
## 190 recorded 189: fact Stream type=assistant uuid=9d8335cc-c784-457e-a120-4347db96954c
  row    8 toolu_01TNhCXvsRc7iT2ozHYy5bNt FileChange { files: [FileRow { path: "<MACHINE_PATH>", change: Edited, added: 1, removed: 1, line: None }], state: Running } run[toolu_019k6RAsffJVpjZWTqpENCCx..toolu_01TNhCXvsRc7iT2ozHYy5bNt x2 recent=0 live RunCounts { commands: 0, edits: 1, reads: 1, searches: 0, subagents: 0, other: 0 }]
## 194 recorded 193: fact Stream type=control_request
  ask f31eebce-6515-4397-a5e0-52b8da38cdc5 -> "toolu_01TNhCXvsRc7iT2ozHYy5bNt" 1/1 Open
    choices AllowOnce*, AllowAlways { subjects: [], directories: [], mode: "acceptEdits", mode_name: "Accept edits", scope: Session, label: "" }, Deny { stops: false }+note, DenyAndStop+note
    body Edit { path: "<MACHINE_PATH>", files: 1, added: 1, removed: 1, diff: "-CURRENT\n+UPDATED\n", reason: "", created: Some(false) }
  composer Send activity=None queue=[] underway=[] refused=[]
## 200 recorded 199: input stdin-5
  row    8 toolu_01TNhCXvsRc7iT2ozHYy5bNt FileChange { files: [FileRow { path: "<MACHINE_PATH>", change: Edited, added: 1, removed: 1, line: None }], state: Running } run[toolu_019k6RAsffJVpjZWTqpENCCx..toolu_01TNhCXvsRc7iT2ozHYy5bNt x2 recent=0 live RunCounts { commands: 0, edits: 1, reads: 1, searches: 0, subagents: 0, other: 0 }] decision=Decision { outcome: Allowed, granted: None, note: None, elsewh…
  ask none
  composer Send activity=Some(Running { key: "toolu_01TNhCXvsRc7iT2ozHYy5bNt" }) queue=[] underway=[] refused=[]
## 204 recorded 203: fact Stream type=user uuid=6e204f6f-4eaf-4b3c-b23e-1930995c8fdb
  row    8 toolu_01TNhCXvsRc7iT2ozHYy5bNt FileChange { files: [FileRow { path: "<MACHINE_PATH>", change: Edited, added: 1, removed: 1, line: Some(1) }], state: Succeeded } run[toolu_019k6RAsffJVpjZWTqpENCCx..toolu_01TNhCXvsRc7iT2ozHYy5bNt x2 recent=0 live RunCounts { commands: 0, edits: 1, reads: 1, searches: 0, subagents: 0, other: 0 }] decision=Decision { outcome: Allowed, granted: None, note: None, e…
  composer Send activity=Some(Working) queue=[] underway=[] refused=[]
## 209 recorded 208: fact Stream type=stream_event uuid=e7dfdf42-5665-4787-981c-65b9adbd6f2f
  row    9 msg_011CfnB7rPUgtPdwpwUthJpE:0 Thinking { text: "", open: true, duration_ms: None }
  composer Send activity=Some(Thinking) queue=[] underway=[] refused=[]
## 211 recorded 210: fact Stream type=stream_event uuid=06727c8d-b02a-4643-a70c-021f7ee478d4
  row    9 msg_011CfnB7rPUgtPdwpwUthJpE:0 Thinking { text: "", open: true, duration_ms: None }
## 214 recorded 213: fact Stream type=assistant uuid=0b7bc6e9-8fc9-4ad8-8ab2-78b829b1ae9e
  row    9 msg_011CfnB7rPUgtPdwpwUthJpE:0 Thinking { text: "", open: false, duration_ms: Some(1243) }
  composer Send activity=Some(Working) queue=[] underway=[] refused=[]
## 217 recorded 216: fact Stream type=stream_event uuid=788fdec9-a1db-4f39-9406-04382ecee6a4
  row    6 toolu_019k6RAsffJVpjZWTqpENCCx Explore { verb: Read, subject: "<MACHINE_PATH>", state: Succeeded } run[toolu_019k6RAsffJVpjZWTqpENCCx..toolu_01Qe1UJ5XuQHWBggq8kvp37P x3 recent=2 live]
  row    7 msg_011CfnB7jZUK5E8ucUbNfxRU:0 Thinking { text: "", open: false, duration_ms: Some(847) } run[toolu_019k6RAsffJVpjZWTqpENCCx..toolu_01Qe1UJ5XuQHWBggq8kvp37P x3 live] collapsed
  row    8 toolu_01TNhCXvsRc7iT2ozHYy5bNt FileChange { files: [FileRow { path: "<MACHINE_PATH>", change: Edited, added: 1, removed: 1, line: Some(1) }], state: Succeeded } run[toolu_019k6RAsffJVpjZWTqpENCCx..toolu_01Qe1UJ5XuQHWBggq8kvp37P x3 recent=1 live] decision=Decision { outcome: Allowed, granted: None, note: None, elsewhere: false }
  row    9 msg_011CfnB7rPUgtPdwpwUthJpE:0 Thinking { text: "", open: false, duration_ms: Some(1243) } run[toolu_019k6RAsffJVpjZWTqpENCCx..toolu_01Qe1UJ5XuQHWBggq8kvp37P x3 live] collapsed
  row   10 toolu_01Qe1UJ5XuQHWBggq8kvp37P Explore { verb: Read, subject: "", state: Running } run[toolu_019k6RAsffJVpjZWTqpENCCx..toolu_01Qe1UJ5XuQHWBggq8kvp37P x3 recent=0 live RunCounts { commands: 0, edits: 1, reads: 2, searches: 0, subagents: 0, other: 0 }]
  composer Send activity=Some(Running { key: "toolu_01Qe1UJ5XuQHWBggq8kvp37P" }) queue=[] underway=[] refused=[]
## 234 recorded 233: fact Stream type=assistant uuid=bfef8192-aacf-4bec-b00a-601d67cd829c
  row   10 toolu_01Qe1UJ5XuQHWBggq8kvp37P Explore { verb: Read, subject: "<MACHINE_PATH>", state: Running } run[toolu_019k6RAsffJVpjZWTqpENCCx..toolu_01Qe1UJ5XuQHWBggq8kvp37P x3 recent=0 live RunCounts { commands: 0, edits: 1, reads: 2, searches: 0, subagents: 0, other: 0 }]
## 241 recorded 240: fact Stream type=user uuid=f649740f-ca5c-4e40-8640-63d4bc146b39
  row   10 toolu_01Qe1UJ5XuQHWBggq8kvp37P Explore { verb: Read, subject: "<MACHINE_PATH>", state: Succeeded } run[toolu_019k6RAsffJVpjZWTqpENCCx..toolu_01Qe1UJ5XuQHWBggq8kvp37P x3 recent=0 live RunCounts { commands: 0, edits: 1, reads: 2, searches: 0, subagents: 0, other: 0 }]
  composer Send activity=Some(Working) queue=[] underway=[] refused=[]
## 247 recorded 246: fact Stream type=stream_event uuid=ec1d0c3a-867d-4761-b6b8-bfad62e06414
  row   11 msg_011CfnB7wZXsD79UUd1hP4DP:0 Thinking { text: "", open: true, duration_ms: None }
  composer Send activity=Some(Thinking) queue=[] underway=[] refused=[]
## 249 recorded 248: fact Stream type=stream_event uuid=ae815c82-2460-4c30-9334-0e353dac418c
  row   11 msg_011CfnB7wZXsD79UUd1hP4DP:0 Thinking { text: "", open: true, duration_ms: None }
## 253 recorded 252: fact Stream type=assistant uuid=32268a59-985c-4d00-a6f8-489c5ce4b85a
  row   11 msg_011CfnB7wZXsD79UUd1hP4DP:0 Thinking { text: "", open: false, duration_ms: Some(841) }
  composer Send activity=Some(Working) queue=[] underway=[] refused=[]
## 256 recorded 255: fact Stream type=stream_event uuid=79fa8568-7174-4071-b63f-f34dff900d29
  row    6 toolu_019k6RAsffJVpjZWTqpENCCx Explore { verb: Read, subject: "<MACHINE_PATH>", state: Succeeded } run[toolu_019k6RAsffJVpjZWTqpENCCx..toolu_01Qe1UJ5XuQHWBggq8kvp37P x3 recent=2] collapsed
  row    7 msg_011CfnB7jZUK5E8ucUbNfxRU:0 Thinking { text: "", open: false, duration_ms: Some(847) } run[toolu_019k6RAsffJVpjZWTqpENCCx..toolu_01Qe1UJ5XuQHWBggq8kvp37P x3] collapsed
  row    8 toolu_01TNhCXvsRc7iT2ozHYy5bNt FileChange { files: [FileRow { path: "<MACHINE_PATH>", change: Edited, added: 1, removed: 1, line: Some(1) }], state: Succeeded } run[toolu_019k6RAsffJVpjZWTqpENCCx..toolu_01Qe1UJ5XuQHWBggq8kvp37P x3 recent=1] decision=Decision { outcome: Allowed, granted: None, note: None, elsewhere: false } collapsed
  row    9 msg_011CfnB7rPUgtPdwpwUthJpE:0 Thinking { text: "", open: false, duration_ms: Some(1243) } run[toolu_019k6RAsffJVpjZWTqpENCCx..toolu_01Qe1UJ5XuQHWBggq8kvp37P x3] collapsed
  row   10 toolu_01Qe1UJ5XuQHWBggq8kvp37P Explore { verb: Read, subject: "<MACHINE_PATH>", state: Succeeded } run[toolu_019k6RAsffJVpjZWTqpENCCx..toolu_01Qe1UJ5XuQHWBggq8kvp37P x3 recent=0 RunCounts { commands: 0, edits: 1, reads: 2, searches: 0, subagents: 0, other: 0 }]
  row   12 msg_011CfnB7wZXsD79UUd1hP4DP:1 Prose { text: [], streaming: true, working_note: false }
## 258 recorded 257: fact Stream type=stream_event uuid=ae484ea7-34c7-4ab9-aa01-40152cbb3f52
  row   12 msg_011CfnB7wZXsD79UUd1hP4DP:1 Prose { text: [Text("✅ **Complete")], streaming: true, working_note: false }
## 260 recorded 259: fact Stream type=stream_event uuid=389e46b7-6f5e-4cd1-843b-34970037196c
  row   12 msg_011CfnB7wZXsD79UUd1hP4DP:1 Prose { text: [Text("✅ **Complete.")], streaming: true, working_note: false }
## 262 recorded 261: fact Stream type=stream_event uuid=f24fb30a-a60d-4e92-9ac6-71c82f1e3deb
  row   12 msg_011CfnB7wZXsD79UUd1hP4DP:1 Prose { text: [Text("✅ **Complete.** README")], streaming: true, working_note: false }
## 264 recorded 263: fact Stream type=stream_event uuid=7b032443-0b51-4c89-83a3-268cdffafcc0
  row   12 msg_011CfnB7wZXsD79UUd1hP4DP:1 Prose { text: [Text("✅ **Complete.** README.md has been")], streaming: true, working_note: false }
## 266 recorded 265: fact Stream type=stream_event uuid=466d4886-a079-45eb-8889-3099a083711b
  row   12 msg_011CfnB7wZXsD79UUd1hP4DP:1 Prose { text: [Text("✅ **Complete.** README.md has been updated from `")], streaming: true, working_note: false }
## 268 recorded 267: fact Stream type=stream_event uuid=2744f935-b432-44a8-acee-1226daa02de2
  row   12 msg_011CfnB7wZXsD79UUd1hP4DP:1 Prose { text: [Text("✅ **Complete.** README.md has been updated from `CURRENT` to")], streaming: true, working_note: false }
## 270 recorded 269: fact Stream type=stream_event uuid=db69698a-cc1f-4cb9-b6d2-ecd44f35b883
  row   12 msg_011CfnB7wZXsD79UUd1hP4DP:1 Prose { text: [Text("✅ **Complete.** README.md has been updated from `CURRENT` to `UPDATED`.")], streaming: true, working_note: false }
## 272 recorded 271: fact Stream type=assistant uuid=e1e73529-82bf-4d54-b0fc-25ccb2eb7110
  row   12 msg_011CfnB7wZXsD79UUd1hP4DP:1 Prose { text: [Text("✅ **Complete.** README.md has been updated from `CURRENT` to `UPDATED`.")], streaming: false, working_note: false }
## 279 recorded 278: fact Stream type=result subtype=success uuid=1dc355fe-5e81-4da0-9c12-da07a9506e94
  row    3 toolu_01FQVocCu5r4uTMaVSifk7QA Explore { verb: Search, subject: "select:ExitPlanMode", state: Succeeded } run[toolu_01FQVocCu5r4uTMaVSifk7QA..toolu_01FQVocCu5r4uTMaVSifk7QA x1 recent=0 RunCounts { commands: 0, edits: 0, reads: 0, searches: 1, subagents: 0, other: 0 }]
  row    6 toolu_019k6RAsffJVpjZWTqpENCCx Explore { verb: Read, subject: "<MACHINE_PATH>", state: Succeeded } run[toolu_019k6RAsffJVpjZWTqpENCCx..toolu_01Qe1UJ5XuQHWBggq8kvp37P x3 recent=2] collapsed
  row    8 toolu_01TNhCXvsRc7iT2ozHYy5bNt FileChange { files: [FileRow { path: "<MACHINE_PATH>", change: Edited, added: 1, removed: 1, line: Some(1) }], state: Succeeded } run[toolu_019k6RAsffJVpjZWTqpENCCx..toolu_01Qe1UJ5XuQHWBggq8kvp37P x3 recent=1] decision=Decision { outcome: Allowed, granted: None, note: None, elsewhere: false } collapsed
  row   10 toolu_01Qe1UJ5XuQHWBggq8kvp37P Explore { verb: Read, subject: "<MACHINE_PATH>", state: Succeeded } run[toolu_019k6RAsffJVpjZWTqpENCCx..toolu_01Qe1UJ5XuQHWBggq8kvp37P x3 recent=0 RunCounts { commands: 0, edits: 1, reads: 2, searches: 0, subagents: 0, other: 0 }]
  row   13 turn:1 TurnEnd { duration_ms: Some(9053), cost_usd: Some(0.0876338), failed: false }
  composer Send activity=None queue=[] underway=[] refused=[]
== chat
     1 boundary:1 Boundary { kind: Started, cause: "" }
     2 8744b179-efef-4c7d-b684-36727acd1e63 Prompt { text: [Text("Plan changing README.md's only line from CURRENT to UPDATED. It is a one-step plan: do not ask me anything, and put the plan to me for approval.")], steered: false }
     3 toolu_01FQVocCu5r4uTMaVSifk7QA Explore { verb: Search, subject: "select:ExitPlanMode", state: Succeeded } run[toolu_01FQVocCu5r4uTMaVSifk7QA..toolu_01FQVocCu5r4uTMaVSifk7QA x1 recent=0 RunCounts { commands: 0, edits: 0, reads: 0, searches: 1, subagents: 0, other: 0 }]
     4 toolu_01GroRUTKoaxaeTEwXAL2VUJ Ask(Plan { plan: "# Plan: Update README.md\n\n## Context\nREADME.md contains a single line, `CURRENT`. It should read `UPDATED`.\n\n## Step\n1. In `<MACHINE_PATH>, replace the only line `CURRENT` with `UPDATED` (Edit tool).\n\n## Verification\nRead README.md and confirm it contains only `UPDATED`.\n", verdict: Approved, note: None, writing: false })
     5 msg_011CfnB7bQLJPHU6fyND8sr6:0 Thinking { text: "", open: false, duration_ms: Some(699) }
     6 toolu_019k6RAsffJVpjZWTqpENCCx Explore { verb: Read, subject: "<MACHINE_PATH>", state: Succeeded } run[toolu_019k6RAsffJVpjZWTqpENCCx..toolu_01Qe1UJ5XuQHWBggq8kvp37P x3 recent=2] collapsed
     7 msg_011CfnB7jZUK5E8ucUbNfxRU:0 Thinking { text: "", open: false, duration_ms: Some(847) } run[toolu_019k6RAsffJVpjZWTqpENCCx..toolu_01Qe1UJ5XuQHWBggq8kvp37P x3] collapsed
     8 toolu_01TNhCXvsRc7iT2ozHYy5bNt FileChange { files: [FileRow { path: "<MACHINE_PATH>", change: Edited, added: 1, removed: 1, line: Some(1) }], state: Succeeded } run[toolu_019k6RAsffJVpjZWTqpENCCx..toolu_01Qe1UJ5XuQHWBggq8kvp37P x3 recent=1] decision=Decision { outcome: Allowed, granted: None, note: None, elsewhere: false } collapsed
     9 msg_011CfnB7rPUgtPdwpwUthJpE:0 Thinking { text: "", open: false, duration_ms: Some(1243) } run[toolu_019k6RAsffJVpjZWTqpENCCx..toolu_01Qe1UJ5XuQHWBggq8kvp37P x3] collapsed
    10 toolu_01Qe1UJ5XuQHWBggq8kvp37P Explore { verb: Read, subject: "<MACHINE_PATH>", state: Succeeded } run[toolu_019k6RAsffJVpjZWTqpENCCx..toolu_01Qe1UJ5XuQHWBggq8kvp37P x3 recent=0 RunCounts { commands: 0, edits: 1, reads: 2, searches: 0, subagents: 0, other: 0 }]
    11 msg_011CfnB7wZXsD79UUd1hP4DP:0 Thinking { text: "", open: false, duration_ms: Some(841) }
    12 msg_011CfnB7wZXsD79UUd1hP4DP:1 Prose { text: [Text("✅ **Complete.** README.md has been updated from `CURRENT` to `UPDATED`.")], streaming: false, working_note: false }
    13 turn:1 TurnEnd { duration_ms: Some(9053), cost_usd: Some(0.0876338), failed: false }
== overview Overview { tasks: None, jobs: [], failed_servers: [], usage_near_limit: None, changes: None }
== context Some(ContextView { used_tokens: 17100, window_tokens: Some(200000), percent: Some(8), near_full: false }) sign-in None
== settings
  model  default "Default (recommended)" efforts=[low,medium,high,xhigh,max]
  model  opus "Opus 5.5" efforts=[low,medium,high,xhigh,max]
  model  fable "Fable 5.1" efforts=[low,medium,high,xhigh,max]
  model  sonnet "Sonnet 5.5" efforts=[low,medium,high,xhigh,max]
  model* haiku "Haiku 4.5" efforts=[]
  model  claude-sonnet-5 "Sonnet 5" efforts=[low,medium,high,xhigh,max]
  model  claude-opus-5 "Opus 5" efforts=[low,medium,high,xhigh,max]
  model  claude-fable-5 "Fable 5" efforts=[low,medium,high,xhigh,max]
  model  claude-opus-4-8 "Opus 4.8" efforts=[low,medium,high,xhigh,max]
  model  claude-opus-4-7 "Opus 4.7" efforts=[low,medium,high,xhigh,max]
  model  claude-opus-4-6 "Opus 4.6" efforts=[low,medium,high,max]
  model  claude-sonnet-4-6 "Sonnet 4.6" efforts=[low,medium,high,max]
  permission* "default" "Ask" normal
  permission  "acceptEdits" "Accept edits"
  permission  "plan" "Plan"
  permission  "auto" "Auto" unsettable
  command /deep-research source="" hint="" "Deep research harness — fan-out web searches, fetch sources, adversarially verify claims, synthesize a cited report. (dynamic workflow)"
  command /design source="" hint="consent | revoke" "Grant or revoke Claude agent access to your Design projects"
  command /design-sync source="" hint="[<project hint, e.g. \"Acme DS\">]" "Push a React design system to claude.ai/design. This runs a converter that bundles the real component code (from Storybook or a bare package) and uploads it. Use when the user runs /design-sync or says \"sync my design system to Claude Design\"."
  command /dataviz source="" hint="" "Use this skill whenever you are about to create ANY chart, graph, plot, dashboard, or data visualization, in ANY output medium — an HTML or React artifact, inline SVG, plotting code in any library (matplotlib, plotly, d3, Recharts, …), an image/PNG you will render and upload, or a chart shared into Slack. Read it BEFORE writing the first line of chart code, choosing chart colors, building a stat …
  command /update-config source="" hint="" "Use this skill to configure the Claude Code harness via settings.json. Automated behaviors (\"from now on when X\", \"each time X\", \"whenever X\", \"before/after X\") require hooks configured in settings.json - the harness executes these, not Claude, so memory/preferences cannot fulfill them. Also use for: permissions (\"allow X\", \"add permission\", \"move permission to\"), env vars (\"set X=…
  command /verify source="" hint="" "Verify that a code change actually does what it's supposed to by exercising it end-to-end and observing behavior — drive the affected flow, not just tests or typecheck. Run before committing nontrivial changes; bootstraps this repo's project verify skill if none exists yet. Don't invoke it on a diff that only touches tests, docs, or other code with no runtime surface to drive (a change to product…
  command /debug source="" hint="[issue description]" "Enable debug logging for this session and help diagnose issues"
  command /code-review source="" hint="[low|medium|high|xhigh|max|ultra] [--fix] [--comment] [<pr#>|<branch>|<path>] [--max-findings <n>|all]" "Review the current diff, or a PR number/branch/path target, for correctness bugs (plus reuse/simplification/efficiency cleanups where the model's review recipe covers them) at the given effort level (low|medium|high|xhigh|max: from few high-confidence findings up to many, some of them uncertain; ultra: deep multi-agent review in the cloud); with no level given, it reuses the level you typed last.…
  command /simplify source="" hint="[<target>]" "Review the changed code for reuse, simplification, efficiency, and altitude cleanups, then apply the fixes. Quality only — it does not hunt for bugs; use /code-review for that."
  command /batch source="" hint="<instruction>" "Research and plan a large-scale change, then execute it in parallel across 5–30 isolated worktree agents that each open a PR."
  command /fewer-permission-prompts source="" hint="" "Scan your transcripts for common read-only Bash and MCP tool calls, then add a prioritized allowlist to project .claude/settings.json to reduce permission prompts."
  command /loop source="" hint="[interval] [prompt]" "Run a prompt or slash command on a recurring interval (e.g. /loop 5m /foo). Omit the interval to let the model self-pace."
  command /schedule source="" hint="" "Create, update, list, or run scheduled cloud agents (routines) that execute on a cron schedule."
  command /claude-api source="" hint="" "Reference for the Claude API / Anthropic SDK — model ids, pricing, params, streaming, tool use, MCP, agents, caching, token counting, model migration.\nTRIGGER — read BEFORE opening the target file; don't skip because it \"looks like a one-liner\" — whenever: the prompt names Claude/Anthropic in any form (Claude, Anthropic, Fable, Opus, Sonnet, Haiku, `anthropic`, `@anthropic-ai`, `claude-*`, `us…
  command /workflow-authoring source="" hint="" "Reference for writing a Workflow tool script (script API and gotchas, resume, quality patterns, worked examples). Load before authoring a script for a workflow the user already opted into; it does not itself authorize running one."
  command /run source="" hint="" "Launch and drive this project's app to see a change working. Use when asked to run, start, or screenshot the app, or to confirm a change works in the real app (not just tests). First looks for a project skill that already covers launching the app; otherwise falls back to built-in patterns per project type (CLI, server, TUI, Electron, browser-driven, library)."
  command /run-skill-generator source="" hint="" "Author or improve the run-<unit> skill - a per-project skill that tells agents how to build, launch, and drive this project's app. Use when the user asks to set up the project, get it running, write run instructions, or verify build/run steps work from a clean environment."
  command /plugin-authoring source="" hint="" "Make a mod: a live pane, band, status line, toast or hook inside Claude Code (terminal or desktop Code tab), written as a plugin of function hooks that hot-reloads in this session. Load before writing or debugging a hooks module."
  command /advisor source="" hint="[fable|opus|sonnet|off]" "Let Claude consult a stronger model at key moments"
  command /autocompact source="" hint="[auto|<tokens>]" "Configure the auto-compact window size"
  command /clear source="" hint="[name]" "Start a new session with empty context; previous session stays on disk (resumable with /resume)"
  command /compact source="" hint="<optional custom summarization instructions>" "Free up context by summarizing the conversation so far"
  command /output-style source="" hint="[style]" "List output styles or switch to one"
  command /context source="" hint="" "Show current context usage"
  command /fast source="" hint="[on|off]" "Toggle fast mode (Opus 5.5)"
  command /focus source="" hint="[on|off]" "Toggle focus view: just your prompt, summary, and response"
  command /init source="" hint="" "Initialize a new CLAUDE.md file with codebase documentation"
  command /import source="" hint="" "Import config from another AI coding agent"
  command /__remote-workflow source="" hint="" "Run the workflow script delivered in this session environment (server-launched sessions only)"
  command /workflow-launch-exec source="" hint="" "Execute a server-launched workflow handoff (workflow_launch event sessions only)"
  command /reload-plugins source="" hint="[--force]" "Activate pending plugin changes in the current session"
  command /reload-skills source="" hint="" "Pick up skills added or changed on disk during this session"
  command /rename source="" hint="[name]" "Rename the current conversation"
  command /ultrareview source="" hint="" "Start a cloud agent that finds and verifies bugs in your branch (~15-25 min, $5-$25 USD) · Runs in a cloud session. See https://code.claude.com/docs/en/claude-code-on-the-web"
  command /security-review source="" hint="" "Complete a security review of the pending changes on the current branch"
  command /usage-credits source="" hint="" "Configure usage credits or request them from your admin when you hit a limit"
  command /extra-usage source="" hint="" "Renamed to /usage-credits"
  command /usage source="" hint="" "Show session cost, plan usage, and what's contributing to your limits"
  command /insights source="" hint="" "Generate a report analyzing your Claude Code sessions"
  command /recap source="" hint="" "Generate a one-line session recap now"
  command /skill-doctor source="" hint="" "Show which loaded skills are unused and costing context"
  command /goal source="" hint="" "Set a goal — keep working until the condition is met"
  command /design-consent source="" hint="" "Grant Claude agent access to your Design projects"
  command /design-revoke source="" hint="" "Revoke Claude agent access to your Design projects"
  command /list-agents source="" hint="" "List subagents, teammates, and other Claude sessions you can message"
  command /team-onboarding source="" hint="" "Help teammates ramp on Claude Code with a guide from your usage"
