## 0 initial
  composer Send activity=None queue=[] underway=[] refused=[]
## 8 recorded 7: input stdin-2
  row    1 boundary:1 Boundary { kind: Started, cause: "" }
  row    2 73746469-6e2d-4200-8000-000000000000 Prompt { text: [Text("Track this work with your task or todo tool: create three tasks named Draft, Review and Publish. Then mark Draft in progress, then mark Draft completed. Do nothing else, then stop.")], steered: false }
  composer Send activity=Some(Working) queue=[] underway=[] refused=[]
## 10 recorded 9: fact Stream type=system subtype=init uuid=54bce00f-6fcc-476c-acb8-4a9b31da6369
  row    1 boundary:1 Boundary { kind: Started, cause: "" }
## 16 recorded 15: fact Stream type=assistant uuid=850df5d8-0c3a-43fa-9b62-99624a3393f2
  row    3 msg_011CfREGjfwaE9xmtmbyn8Qe:0 Thinking { text: "", open: false, duration_ms: Some(8956) }
## 18 recorded 17: fact Stream type=assistant uuid=0caf8adf-9df5-4cdb-8aae-8240515ba204
  row    4 toolu_01YJafHWooM6hL1guvrWe39C Explore { verb: Search, subject: "select:TaskCreate,TaskUpdate", state: Running } run[toolu_01YJafHWooM6hL1guvrWe39C..toolu_01YJafHWooM6hL1guvrWe39C x1 recent=0 live RunCounts { commands: 0, edits: 0, reads: 0, searches: 1, subagents: 0, other: 0 }]
  composer Send activity=Some(Running { key: "toolu_01YJafHWooM6hL1guvrWe39C" }) queue=[] underway=[] refused=[]
## 20 recorded 19: fact Stream type=user uuid=d1bc29cf-26d0-4a40-ae63-25681ad72c94
  row    4 toolu_01YJafHWooM6hL1guvrWe39C Explore { verb: Search, subject: "select:TaskCreate,TaskUpdate", state: Succeeded } run[toolu_01YJafHWooM6hL1guvrWe39C..toolu_01YJafHWooM6hL1guvrWe39C x1 recent=0 live RunCounts { commands: 0, edits: 0, reads: 0, searches: 1, subagents: 0, other: 0 }]
  composer Send activity=Some(Working) queue=[] underway=[] refused=[]
## 28 recorded 27: fact Stream type=assistant uuid=531bf113-9ff9-417c-bb47-beaacf4f2128
  row    5 msg_011CfREHRhUSCeCTZDeGzW29:0 Thinking { text: "", open: false, duration_ms: Some(1834) }
## 46 recorded 45: fact Stream type=assistant uuid=889cf9f3-50bd-460e-8f2e-3fb7b0793695
  row    6 msg_011CfREHcYanPEt4uiTcGqr2:0 Thinking { text: "", open: false, duration_ms: Some(2075) }
## 52 recorded 51: fact Stream type=assistant uuid=fcb4f32c-30e5-40aa-9a9e-27dc3eeb7b5b
  row    7 msg_011CfREHjFfZi4DL3SGtnvt8:0 Thinking { text: "", open: false, duration_ms: Some(1327) }
## 62 recorded 61: fact Stream type=assistant uuid=2ea1c27c-0950-47c5-9aeb-c1a3ffd2785c
  row    8 msg_011CfREHpn3Hk84LGLeepJ2T:0 Thinking { text: "", open: false, duration_ms: Some(1500) }
## 64 recorded 63: fact Stream type=assistant uuid=c59899ef-19c3-4599-94e1-4ff5deb71872
  row    4 toolu_01YJafHWooM6hL1guvrWe39C Explore { verb: Search, subject: "select:TaskCreate,TaskUpdate", state: Succeeded } run[toolu_01YJafHWooM6hL1guvrWe39C..toolu_01YJafHWooM6hL1guvrWe39C x1 recent=0 RunCounts { commands: 0, edits: 0, reads: 0, searches: 1, subagents: 0, other: 0 }]
  row    9 msg_011CfREHpn3Hk84LGLeepJ2T:1 Prose { text: [Text("Done.")], streaming: false, working_note: false }
## 66 recorded 65: fact Stream type=result subtype=success uuid=86afc84d-d2b5-46c6-9b57-77002f1f48ff
  row    4 toolu_01YJafHWooM6hL1guvrWe39C Explore { verb: Search, subject: "select:TaskCreate,TaskUpdate", state: Succeeded } run[toolu_01YJafHWooM6hL1guvrWe39C..toolu_01YJafHWooM6hL1guvrWe39C x1 recent=0 RunCounts { commands: 0, edits: 0, reads: 0, searches: 1, subagents: 0, other: 0 }]
  row   10 turn:1 TurnEnd { duration_ms: Some(16117), cost_usd: Some(0.04450130000000001), failed: false }
  composer Send activity=None queue=[] underway=[] refused=[]
== chat
     1 boundary:1 Boundary { kind: Started, cause: "" }
     2 73746469-6e2d-4200-8000-000000000000 Prompt { text: [Text("Track this work with your task or todo tool: create three tasks named Draft, Review and Publish. Then mark Draft in progress, then mark Draft completed. Do nothing else, then stop.")], steered: false }
     3 msg_011CfREGjfwaE9xmtmbyn8Qe:0 Thinking { text: "", open: false, duration_ms: Some(8956) }
     4 toolu_01YJafHWooM6hL1guvrWe39C Explore { verb: Search, subject: "select:TaskCreate,TaskUpdate", state: Succeeded } run[toolu_01YJafHWooM6hL1guvrWe39C..toolu_01YJafHWooM6hL1guvrWe39C x1 recent=0 RunCounts { commands: 0, edits: 0, reads: 0, searches: 1, subagents: 0, other: 0 }]
     5 msg_011CfREHRhUSCeCTZDeGzW29:0 Thinking { text: "", open: false, duration_ms: Some(1834) }
     6 msg_011CfREHcYanPEt4uiTcGqr2:0 Thinking { text: "", open: false, duration_ms: Some(2075) }
     7 msg_011CfREHjFfZi4DL3SGtnvt8:0 Thinking { text: "", open: false, duration_ms: Some(1327) }
     8 msg_011CfREHpn3Hk84LGLeepJ2T:0 Thinking { text: "", open: false, duration_ms: Some(1500) }
     9 msg_011CfREHpn3Hk84LGLeepJ2T:1 Prose { text: [Text("Done.")], streaming: false, working_note: false }
    10 turn:1 TurnEnd { duration_ms: Some(16117), cost_usd: Some(0.04450130000000001), failed: false }
== overview Overview { tasks: Some(TasksView { done: 1, total: 3, current: "", entries: [TaskLine { subject: "Draft", mark: Done }, TaskLine { subject: "Review", mark: Todo }, TaskLine { subject: "Publish", mark: Todo }] }), jobs: [], failed_servers: [ServerView { name: "plugin:stripe:stripe", error: "", needs_auth: true }, ServerView { name: "claude.ai Google Drive", error: "", needs_auth: true }], usage_near_limit: None, changes: None }
== context Some(ContextView { used_tokens: 28640, window_tokens: Some(200000), percent: Some(14), near_full: false }) sign-in None
== settings
  model  default "Default (recommended)" efforts=[low,medium,high,xhigh,max]
  model  opus "Opus 5.5" efforts=[low,medium,high,xhigh,max]
  model  claude-fable-5-1 "Fable 5.1" efforts=[low,medium,high,xhigh,max]
  model  sonnet "Sonnet 5" efforts=[low,medium,high,xhigh,max]
  model* haiku "Haiku 4.5" efforts=[]
  model  claude-opus-5 "Opus 5" efforts=[low,medium,high,xhigh,max]
  model  claude-fable-5 "Fable 5" efforts=[low,medium,high,xhigh,max]
  model  claude-opus-4-8 "Opus 4.8" efforts=[low,medium,high,xhigh,max]
  model  claude-opus-4-7 "Opus 4.7" efforts=[low,medium,high,xhigh,max]
  model  claude-opus-4-6 "Opus 4.6" efforts=[low,medium,high,max]
  model  claude-sonnet-4-6 "Sonnet 4.6" efforts=[low,medium,high,max]
  permission* "default" "Ask" normal
  permission  "acceptEdits" "Accept edits"
  permission  "plan" "Plan"
  permission  "auto" "Auto" unsettable
  command /autopilot source="" hint="" "Execute confirmed software work on an unattended loop of fresh agents when it spans contexts or must continue while the operator is away. Requires an approved plan; decline work that fits one sitting unless explicitly requested. (user)"
  command /delegate source="" hint="" "Resolve or diagnose agent staffing by mapping a requested role and effort through the operator-owned roster to a mind and dispatch specification. Use when an agent or driver will dispatch work, or when a binding cannot launch. Do not use merely because ordinary work is being discussed or performed locally. (user)"
  command /frontend-design source="" hint="" "Create distinctive, production-grade frontend interfaces with high design quality. Use this skill when the user asks to build web components, pages, artifacts, posters, or applications (examples include websites, landing pages, dashboards, React components, HTML/CSS layouts, or when styling/beautifying any web UI). Generates creative, polished code and UI design that avoids generic AI aesthetics.…
  command /gardening source="" hint="" "Review and improve an operator's Linear backlog with them. Use when the operator asks to garden, clean up, shape, deduplicate, or reassess tracked work. Do not invoke merely because Linear is available or ordinary work reveals a possible follow-up. (user)"
  command /handoff source="" hint="" "Independently verify and present finished work when an ordinary diff and focused checks are not enough to judge it, including third-party branches or pull requests. Use compact proof for easily judged behavior and a decision page for consequential or difficult work. Do not invoke at project start or impose a page on ordinary small changes. (user)"
  command /intake source="" hint="" "Align and confirm a durable acceptance contract for consequential work that must cross contexts. Use after the operator commits to work when several requirements, boundaries, or success demonstrations remain unsettled. Skip for exploration, one or two locally resolvable questions, and already-confirmed requirements. (user)"
  command /deep-research source="" hint="" "Deep research harness — fan-out web searches, fetch sources, adversarially verify claims, synthesize a cited report. (dynamic workflow)"
  command /stripe:explain-error source="stripe" hint="error_code or error_message" "(stripe) Explain Stripe error codes and provide solutions with code examples"
  command /stripe:test-cards source="stripe" hint="scenario" "(stripe) Display Stripe test card numbers for various testing scenarios"
  command /stripe:connect-recommend source="stripe" hint="" "(stripe) Use this skill when the user asks about Stripe Connect configuration, charge patterns, Dashboard access, or how to get started with Connect, is building a marketplace, platform, multi-vendor store, gig platform, or subscription platform, needs to pay out sellers, vendors, or providers, mentions split payments, revenue sharing, multi-party payments, or similar payment distribution concept…
  command /stripe:connect-required-verification-information source="stripe" hint="" "(stripe) Use this skill when the user asks what information a Stripe Connect connected account must provide for verification, onboarding, KYC, or account requirements; when they need to compare requirements between connected-account setups; or when they ask which verification fields, documents, or business details are required for a particular platform country, account country, business type, das…
  command /stripe:metronome source="stripe" hint="" "(stripe) Guides Metronome usage-based billing integration decisions — event ingestion (single and batch, idempotency, billable metrics), contract design (rate cards, overrides, dimensional pricing, products), invoicing lifecycle (grace periods, finalization, Stripe sync), credit and commit management (prepaid, postpaid, thresholds, auto-recharge), and Stripe integration (arrears invoicing, tax pr…
  command /stripe:stripe-apps source="stripe" hint="" "(stripe) Use when building, modifying, or reviewing a Stripe App — or when the user describes something that implies one (e.g. \"add a panel to the customer page\", \"customize my Stripe Dashboard\", \"react to Stripe events from my app\", \"connect my service to Stripe without sharing API keys\"). Covers the full app development workflow (scaffold, preview, upload, versioning), UI extension arch…
  command /stripe:stripe-best-practices source="stripe" hint="" "(stripe) Guides Stripe integration decisions across development and test environment planning (separate sandboxes vs the shared test mode sandbox), API selection (Checkout Sessions vs PaymentIntents), Connect platform setup (Accounts v2, controller properties), billing/subscriptions, tax and registrations (Stripe Tax, automatic_tax, product tax codes), Treasury financial accounts, integration opt…
  command /stripe:stripe-directory source="stripe" hint="" "(stripe) Identifies external providers, merchants, nonprofits, platforms, APIs, and software services, and resolves the documented way to engage them — to pay, donate, subscribe, book, provision, or integrate with them. MUST be used BEFORE web search, model memory, or any other directory/vendor-lookup skill for ANY request that requires selecting, finding, or engaging an external provider or orga…
  command /stripe:stripe-docs source="stripe" hint="" "(stripe) Use when the user or agent needs to read, search, or look up Stripe documentation or API reference. Prefer this over curl or WebFetch for any docs.stripe.com content. Use to fetch gated documentation."
  command /stripe:stripe-pay source="stripe" hint="" "(stripe) Helps users send funds to another Stripe business, transfer money to a Stripe Profile handle or network ID, or ask whether an agent can pay a Stripe business. Use Stripe Directory to find or verify a recipient when the user doesn't provide an exact Stripe Profile handle or network ID."
  command /stripe:stripe-projects source="stripe" hint="" "(stripe) Use when the user wants to provision infrastructure or third-party services using Stripe Projects. Triggers: \"I need a database\", \"set up auth\", \"add caching\", \"give me a Postgres\", \"provision Redis\", \"I need hosting\", \"add a vector DB\", \"get me an API key for X\", \"get credentials for X\", \"sign up for a service\", \"set up monitoring\", \"show me the catalog\", \"what …
  command /stripe:upgrade-stripe source="stripe" hint="" "(stripe) Guide for upgrading Stripe API versions and SDKs"
  command /design source="" hint="consent | revoke" "Grant or revoke Claude agent access to your Design projects"
  command /design-sync source="" hint="[<project hint, e.g. \"Acme DS\">]" "Push a React design system to claude.ai/design. This runs a converter that bundles the real component code (from Storybook or a bare package) and uploads it. Use when the user runs /design-sync or says \"sync my design system to Claude Design\"."
  command /dataviz source="" hint="" "Use this skill whenever you are about to create ANY chart, graph, plot, dashboard, or data visualization, in ANY output medium — an HTML or React artifact, inline SVG, plotting code in any library (matplotlib, plotly, d3, Recharts, …), an image/PNG you will render and upload, or a chart shared into Slack. Read it BEFORE writing the first line of chart code, choosing chart colors, building a stat …
  command /update-config source="" hint="" "Use this skill to configure the Claude Code harness via settings.json. Automated behaviors (\"from now on when X\", \"each time X\", \"whenever X\", \"before/after X\") require hooks configured in settings.json - the harness executes these, not Claude, so memory/preferences cannot fulfill them. Also use for: permissions (\"allow X\", \"add permission\", \"move permission to\"), env vars (\"set X=…
  command /verify source="" hint="" "Verify that a code change actually does what it's supposed to by exercising it end-to-end and observing behavior — drive the affected flow, not just tests or typecheck. Run before committing nontrivial changes; bootstraps this repo's project verify skill if none exists yet. Don't invoke it on a diff that only touches tests, docs, or other code with no runtime surface to drive (a change to product…
  command /debug source="" hint="[issue description]" "Enable debug logging for this session and help diagnose issues"
  command /code-review source="" hint="[low|medium|high|xhigh|max|ultra] [--fix] [--comment] [<pr#>|<branch>|<path>]" "Review the current diff, or a PR number/branch/path target, for correctness bugs (plus reuse/simplification/efficiency cleanups where the model's review recipe covers them) at the given effort level (low/medium: fewer, high-confidence findings; high→max: broader coverage, may include uncertain findings; ultra: deep multi-agent review in the cloud); with no level given, it reuses the level you typ…
  command /simplify source="" hint="[<target>]" "Review the changed code for reuse, simplification, efficiency, and altitude cleanups, then apply the fixes. Quality only — it does not hunt for bugs; use /code-review for that."
  command /batch source="" hint="<instruction>" "Research and plan a large-scale change, then execute it in parallel across 5–30 isolated worktree agents that each open a PR."
  command /fewer-permission-prompts source="" hint="" "Scan your transcripts for common read-only Bash and MCP tool calls, then add a prioritized allowlist to project .claude/settings.json to reduce permission prompts."
  command /loop source="" hint="[interval] [prompt]" "Run a prompt or slash command on a recurring interval (e.g. /loop 5m /foo). Omit the interval to let the model self-pace."
  command /schedule source="" hint="" "Create, update, list, or run scheduled cloud agents (routines) that execute on a cron schedule."
  command /claude-api source="" hint="" "Reference for the Claude API / Anthropic SDK — model ids, pricing, params, streaming, tool use, MCP, agents, caching, token counting, model migration.\nTRIGGER — read BEFORE opening the target file; don't skip because it \"looks like a one-liner\" — whenever: the prompt names Claude/Anthropic in any form (Claude, Anthropic, Fable, Opus, Sonnet, Haiku, `anthropic`, `@anthropic-ai`, `claude-*`, `us…
  command /workflow-authoring source="" hint="" "Reference for writing a Workflow tool script (script API and gotchas, resume, quality patterns, worked examples). Load before authoring a script for a workflow the user already opted into; it does not itself authorize running one."
  command /run source="" hint="" "Launch and drive this project's app to see a change working. Use when asked to run, start, or screenshot the app, or to confirm a change works in the real app (not just tests). First looks for a project skill that already covers launching the app; otherwise falls back to built-in patterns per project type (CLI, server, TUI, Electron, browser-driven, library)."
  command /run-skill-generator source="" hint="" "Author or improve the run-<unit> skill - a per-project skill that tells agents how to build, launch, and drive this project's app. Use when the user asks to set up the project, get it running, write run instructions, or verify build/run steps work from a clean environment."
  command /advisor source="" hint="[fable|opus|sonnet|off]" "Let Claude consult a stronger model at key moments"
  command /autocompact source="" hint="[auto|<tokens>]" "Configure the auto-compact window size"
  command /clear source="" hint="[name]" "Start a new session with empty context; previous session stays on disk (resumable with /resume)"
  command /compact source="" hint="<optional custom summarization instructions>" "Free up context by summarizing the conversation so far"
  command /output-style source="" hint="[style]" "List output styles or switch to one"
  command /context source="" hint="" "Show current context usage"
  command /fast source="" hint="[on|off]" "Toggle fast mode (Opus 5.5)"
  command /focus source="" hint="[on|off]" "Toggle focus view: just your prompt, summary, and response"
  command /init source="" hint="" "Initialize a new CLAUDE.md file with codebase documentation"
  command /import source="" hint="" "Import config from another AI coding agent"
  command /__remote-workflow source="" hint="" "Run the workflow script delivered in this session environment (server-launched sessions only)"
  command /workflow-launch-exec source="" hint="" "Execute a server-launched workflow handoff (workflow_launch event sessions only)"
  command /reload-plugins source="" hint="[--force]" "Activate pending plugin changes in the current session"
  command /reload-skills source="" hint="" "Pick up skills added or changed on disk during this session"
  command /rename source="" hint="[name]" "Rename the current conversation"
  command /ultrareview source="" hint="" "Start a cloud agent that finds and verifies bugs in your branch (~15-25 min, $5-$25 USD) · Runs in a cloud session. See https://code.claude.com/docs/en/claude-code-on-the-web"
  command /security-review source="" hint="" "Complete a security review of the pending changes on the current branch"
  command /usage-credits source="" hint="" "Configure usage credits or request them from your admin when you hit a limit"
  command /extra-usage source="" hint="" "Renamed to /usage-credits"
  command /usage source="" hint="" "Show session cost, plan usage, and what's contributing to your limits"
  command /insights source="" hint="" "Generate a report analyzing your Claude Code sessions"
  command /recap source="" hint="" "Generate a one-line session recap now"
  command /skill-doctor source="" hint="" "Show which loaded skills are unused and costing context"
  command /goal source="" hint="" "Set a goal — keep working until the condition is met"
  command /design-consent source="" hint="" "Grant Claude agent access to your Design projects"
  command /design-revoke source="" hint="" "Revoke Claude agent access to your Design projects"
  command /list-agents source="" hint="" "List subagents, teammates, and other Claude sessions you can message"
  command /team-onboarding source="" hint="" "Help teammates ramp on Claude Code with a guide from your usage"
  command /docs source="" hint="" "docs (living docs people share, comment on and edit; use only when the user asks for one: names a doc, document, page, memo, spec, PRD, runbook or write-up, asks for somewhere to share or keep editing something, or says yes to your doc offer; a plan, comparison, summary or notes asked in chat stays in chat (at most a one-line doc offer); a report, status update, recap or \"something I can send th…
  command /docx source="" hint="" "Use this skill whenever the user wants to create, read, edit, or manipulate Word documents (.docx) or Word templates (.dotx). Triggers include: any mention of Microsoft Word Documents, such as 'Word doc', 'word document', '.docx', '.dotx', 'microsoft doc'. Also use when extracting or reorganizing content from .docx or .dotx files, inserting or replacing images in documents, find-and-replace in Wo…
  command /google-workspace source="" hint="" "Read this before the first Google Drive, Docs, Sheets or Slides connector call whenever the task creates or changes a Google file. Use this skill whenever the user wants to create or change a Google Doc, Sheet or Slides file in their Google Drive. Triggers include: a request that names Google Docs, Sheets, Slides or Drive and asks to make, edit, format, copy or rename a file; a docs.google.com li…
  command /import-memory source="" hint="" "Import a memory export from another AI assistant into Claude's memory — conversationally, additively, and with the content treated as data. (claude.ai sync)"
  command /morning source="" hint="" "Render the user's morning brief as a styled HTML artifact, or set it up as a recurring weekday task. Use only when the user explicitly asks to run, see, or set up their morning brief, or if they invoke /morning by name. A question about their day, schedule, or calendar is not by itself a request for the brief; answer it directly instead. (claude.ai sync)"
  command /pdf source="" hint="" "Use this skill whenever the user wants to do anything with PDF files. This includes reading or extracting text/tables from PDFs, combining or merging multiple PDFs into one, splitting PDFs apart, rotating pages, adding watermarks, creating new PDFs, filling PDF forms, encrypting/decrypting PDFs, extracting images, and OCR on scanned PDFs to make them searchable. If the user mentions a .pdf file o…
  command /pptx source="" hint="" "Use this skill any time a .pptx or .potx file is involved in any way — as input, output, or both. This includes: creating slide decks, pitch decks, or presentations as PowerPoint (.pptx) files; reading, parsing, or extracting text from any .pptx or .potx file (even if the extracted content will be used elsewhere, like in an email, summary, or creating a different type of slide deck); editing, mod…
  command /skill-creator source="" hint="" "Create new skills, modify and improve existing skills, and measure skill performance. Use when users want to create a skill from scratch, edit, or optimize an existing skill, run evals to test a skill, benchmark skill performance with variance analysis, or optimize a skill's description for better triggering accuracy. (claude.ai sync)"
  command /xlsx source="" hint="" "Use this skill any time a spreadsheet file is the primary input or output. This means any task where the user wants to: open, read, edit, or fix an existing .xlsx, .xlsm, .xltx, .csv, or .tsv file (e.g., adding columns, computing formulas, formatting, charting, cleaning messy data); create a new spreadsheet from scratch or from other data sources; or convert between tabular file formats. Trigger …
