## 0 initial
snapshot STARTING queue=[] working_on=- at=0 asks=[] session=? model=? effort=? mode=? models=[] commands=0 context=? tasks=? active=[] usage=? servers=? sign_in=? background=?
## 2 recorded 1: fact Stream type=control_response
effect write "{\"request\":{\"subtype\":\"get_settings\"},\"request_id\":\"amux-1\",\"type\":\"control_request\"}"
snapshot IDLE queue=[] working_on=- at=1788551062582 asks=[] session=? model=? effort=? mode=? models=[default{low/medium/high/xhigh/max},opus[1m]{low/medium/high/xhigh/max},claude-fable-5-1[1m]{low/medium/high/xhigh/max},sonnet{low/medium/high/xhigh/max},haiku] commands=68 context=? tasks=? active=[] usage=? servers=? sign_in=SIGN_IN_STATE_SIGNED_IN <REDACTED_IDENTIFIER> background=?
## 4 recorded 3: input stdin-2
effect reply stdin-2 accepted
effect user 73746469-6e2d-4200-8000-000000000000 "Call the mcp__external__ask_the_operator tool with word set to PELICAN, then reply with exactly what it returned."
item boundary:1 boundary final at=1788551062585 text="" BOUNDARY_KIND_STARTED session=- version=-
item 73746469-6e2d-4200-8000-000000000000 prompt final input=stdin-2 at=1788551062585 text="Call the mcp__external__ask_the_operator tool with word set to PELICAN, then reply with exactly what it returned."
snapshot WORKING queue=[] working_on=- at=1788551062585 asks=[] session=? model=? effort=? mode=? models=[default{low/medium/high/xhigh/max},opus[1m]{low/medium/high/xhigh/max},claude-fable-5-1[1m]{low/medium/high/xhigh/max},sonnet{low/medium/high/xhigh/max},haiku] commands=68 context=? tasks=? active=[] usage=? servers=? sign_in=SIGN_IN_STATE_SIGNED_IN <REDACTED_IDENTIFIER> background=?
## 6 recorded 5: fact Stream type=system subtype=init uuid=64f5bf20-fd9b-4f7b-b19e-94e0051320c1
item boundary:1 boundary final at=1788551063100 text="" BOUNDARY_KIND_STARTED session=e238f16e-46d8-4814-83fd-166cd180deda version=2.1.260
snapshot WORKING queue=[] working_on=- at=1788551063100 asks=[] session=e238f16e-46d8-4814-83fd-166cd180deda model=claude-haiku-4-5-20251001 effort=? mode=default models=[default{low/medium/high/xhigh/max},opus[1m]{low/medium/high/xhigh/max},claude-fable-5-1[1m]{low/medium/high/xhigh/max},sonnet{low/medium/high/xhigh/max},haiku] commands=68 context=? tasks=? active=[] usage=? servers=HEALTH_STATE_HEALTHY[external:TOOL_SERVER_STATUS_READY,plugin:stripe:stripe:TOOL_SERVER_STATUS_READY,linear-server:TOOL_SERVER_STATUS_READY,claude.ai Google Drive:TOOL_SERVER_STATUS_NEEDS_AUTH,claude.ai Google Calendar:TOOL_SERVER_STATUS_READY,claude.ai Gmail:TOOL_SERVER_STATUS_READY] sign_in=SIGN_IN_STATE_SIGNED_IN <REDACTED_IDENTIFIER> background=?
## 8 recorded 7: fact Stream type=rate_limit_event uuid=bf21448e-bf57-4a00-bd51-05d63d49ddb9
snapshot WORKING queue=[] working_on=- at=1788551063495 asks=[] session=e238f16e-46d8-4814-83fd-166cd180deda model=claude-haiku-4-5-20251001 effort=? mode=default models=[default{low/medium/high/xhigh/max},opus[1m]{low/medium/high/xhigh/max},claude-fable-5-1[1m]{low/medium/high/xhigh/max},sonnet{low/medium/high/xhigh/max},haiku] commands=68 context=? tasks=? active=[] usage=USAGE_STATE_OK 5h:6% 7d:39% servers=HEALTH_STATE_HEALTHY[external:TOOL_SERVER_STATUS_READY,plugin:stripe:stripe:TOOL_SERVER_STATUS_READY,linear-server:TOOL_SERVER_STATUS_READY,claude.ai Google Drive:TOOL_SERVER_STATUS_NEEDS_AUTH,claude.ai Google Calendar:TOOL_SERVER_STATUS_READY,claude.ai Gmail:TOOL_SERVER_STATUS_READY] sign_in=SIGN_IN_STATE_SIGNED_IN <REDACTED_IDENTIFIER> background=?
## 16 recorded 15: fact Stream type=assistant uuid=9aa2e3c8-9663-45fa-a5a5-2d748015d598
item msg_011CeiyMonyQkCsamPhvvdb6:0 thinking final at=1788551065792 text=""
snapshot WORKING queue=[] working_on=- at=1788551065792 asks=[] session=e238f16e-46d8-4814-83fd-166cd180deda model=claude-haiku-4-5-20251001 effort=? mode=default models=[default{low/medium/high/xhigh/max},opus[1m]{low/medium/high/xhigh/max},claude-fable-5-1[1m]{low/medium/high/xhigh/max},sonnet{low/medium/high/xhigh/max},haiku] commands=68 context=25020/? tasks=? active=[] usage=USAGE_STATE_OK 5h:6% 7d:39% servers=HEALTH_STATE_HEALTHY[external:TOOL_SERVER_STATUS_READY,plugin:stripe:stripe:TOOL_SERVER_STATUS_READY,linear-server:TOOL_SERVER_STATUS_READY,claude.ai Google Drive:TOOL_SERVER_STATUS_NEEDS_AUTH,claude.ai Google Calendar:TOOL_SERVER_STATUS_READY,claude.ai Gmail:TOOL_SERVER_STATUS_READY] sign_in=SIGN_IN_STATE_SIGNED_IN <REDACTED_IDENTIFIER> background=?
## 18 recorded 17: fact Stream type=assistant uuid=896256c6-0f01-4b7e-843e-1f09e147c25a
item toolu_0118rZrfDTg63Kst5bzq3YSn tool final at=1788551066030 text="" external·ask_the_operator TOOL_STATE_RUNNING input="{\"word\":\"PELICAN\"}"
## 20 recorded 19: fact Stream type=control_request
snapshot NEEDS_YOU queue=[] working_on=- at=1788551066042 asks=[6e0f252e-5de4-4e04-a784-b667e233eb67->toolu_0118rZrfDTg63Kst5bzq3YSn permission:ask_the_operator@external/localSettings mcp__external__ask_the_operator deny-can-stop] session=e238f16e-46d8-4814-83fd-166cd180deda model=claude-haiku-4-5-20251001 effort=? mode=default models=[default{low/medium/high/xhigh/max},opus[1m]{low/medium/high/xhigh/max},claude-fable-5-1[1m]{low/medium/high/xhigh/max},sonnet{low/medium/high/xhigh/max},haiku] commands=68 context=25020/? tasks=? active=[] usage=USAGE_STATE_OK 5h:6% 7d:39% servers=HEALTH_STATE_HEALTHY[external:TOOL_SERVER_STATUS_READY,plugin:stripe:stripe:TOOL_SERVER_STATUS_READY,linear-server:TOOL_SERVER_STATUS_READY,claude.ai Google Drive:TOOL_SERVER_STATUS_NEEDS_AUTH,claude.ai Google Calendar:TOOL_SERVER_STATUS_READY,claude.ai Gmail:TOOL_SERVER_STATUS_READY] sign_in=SIGN_IN_STATE_SIGNED_IN <REDACTED_IDENTIFIER> background=?
## 22 recorded 21: input stdin-3
effect write "{\"response\":{\"request_id\":\"6e0f252e-5de4-4e04-a784-b667e233eb67\",\"response\":{\"behavior\":\"allow\",\"updatedInput\":{\"word\":\"PELICAN\"}},\"subtype\":\"success\"},\"type\":\"control_response\"}"
effect reply stdin-3 accepted
item toolu_0118rZrfDTg63Kst5bzq3YSn tool final at=1788551066030 text="" external·ask_the_operator TOOL_STATE_RUNNING decision=DECISION_OUTCOME_ALLOWED input="{\"word\":\"PELICAN\"}"
snapshot WORKING queue=[] working_on=- at=1788551066047 asks=[] session=e238f16e-46d8-4814-83fd-166cd180deda model=claude-haiku-4-5-20251001 effort=? mode=default models=[default{low/medium/high/xhigh/max},opus[1m]{low/medium/high/xhigh/max},claude-fable-5-1[1m]{low/medium/high/xhigh/max},sonnet{low/medium/high/xhigh/max},haiku] commands=68 context=25020/? tasks=? active=[] usage=USAGE_STATE_OK 5h:6% 7d:39% servers=HEALTH_STATE_HEALTHY[external:TOOL_SERVER_STATUS_READY,plugin:stripe:stripe:TOOL_SERVER_STATUS_READY,linear-server:TOOL_SERVER_STATUS_READY,claude.ai Google Drive:TOOL_SERVER_STATUS_NEEDS_AUTH,claude.ai Google Calendar:TOOL_SERVER_STATUS_READY,claude.ai Gmail:TOOL_SERVER_STATUS_READY] sign_in=SIGN_IN_STATE_SIGNED_IN <REDACTED_IDENTIFIER> background=?
## 24 recorded 23: fact Stream type=control_request
item ask:864d404c-3373-4c07-a136-f5e9eb9cf488 ask final at=1788551066062 text="" form external open
snapshot NEEDS_YOU queue=[] working_on=- at=1788551066062 asks=[864d404c-3373-4c07-a136-f5e9eb9cf488->ask:864d404c-3373-4c07-a136-f5e9eb9cf488 form:external "Confirm the word PELICAN."] session=e238f16e-46d8-4814-83fd-166cd180deda model=claude-haiku-4-5-20251001 effort=? mode=default models=[default{low/medium/high/xhigh/max},opus[1m]{low/medium/high/xhigh/max},claude-fable-5-1[1m]{low/medium/high/xhigh/max},sonnet{low/medium/high/xhigh/max},haiku] commands=68 context=25020/? tasks=? active=[] usage=USAGE_STATE_OK 5h:6% 7d:39% servers=HEALTH_STATE_HEALTHY[external:TOOL_SERVER_STATUS_READY,plugin:stripe:stripe:TOOL_SERVER_STATUS_READY,linear-server:TOOL_SERVER_STATUS_READY,claude.ai Google Drive:TOOL_SERVER_STATUS_NEEDS_AUTH,claude.ai Google Calendar:TOOL_SERVER_STATUS_READY,claude.ai Gmail:TOOL_SERVER_STATUS_READY] sign_in=SIGN_IN_STATE_SIGNED_IN <REDACTED_IDENTIFIER> background=?
## 26 recorded 25: input stdin-4
effect write "{\"response\":{\"request_id\":\"864d404c-3373-4c07-a136-f5e9eb9cf488\",\"response\":{\"action\":\"accept\",\"content\":{\"confirmed\":\"PELICAN\"}},\"subtype\":\"success\"},\"type\":\"control_response\"}"
effect reply stdin-4 accepted
item ask:864d404c-3373-4c07-a136-f5e9eb9cf488 ask final at=1788551066062 text="" form external ASK_OUTCOME_ANSWERED fields=["confirmed"]
snapshot WORKING queue=[] working_on=- at=1788551066063 asks=[] session=e238f16e-46d8-4814-83fd-166cd180deda model=claude-haiku-4-5-20251001 effort=? mode=default models=[default{low/medium/high/xhigh/max},opus[1m]{low/medium/high/xhigh/max},claude-fable-5-1[1m]{low/medium/high/xhigh/max},sonnet{low/medium/high/xhigh/max},haiku] commands=68 context=25020/? tasks=? active=[] usage=USAGE_STATE_OK 5h:6% 7d:39% servers=HEALTH_STATE_HEALTHY[external:TOOL_SERVER_STATUS_READY,plugin:stripe:stripe:TOOL_SERVER_STATUS_READY,linear-server:TOOL_SERVER_STATUS_READY,claude.ai Google Drive:TOOL_SERVER_STATUS_NEEDS_AUTH,claude.ai Google Calendar:TOOL_SERVER_STATUS_READY,claude.ai Gmail:TOOL_SERVER_STATUS_READY] sign_in=SIGN_IN_STATE_SIGNED_IN <REDACTED_IDENTIFIER> background=?
## 28 recorded 27: fact Stream type=user uuid=46a508ed-77b9-4fa8-957b-b1a9632d830a
item toolu_0118rZrfDTg63Kst5bzq3YSn tool final at=1788551066030 text="" external·ask_the_operator TOOL_STATE_SUCCEEDED decision=DECISION_OUTCOME_ALLOWED ended=1788551066069 input="{\"word\":\"PELICAN\"}" out="PELICAN"
## 30 recorded 29: fact Stream type=assistant uuid=5f1da508-b38f-4af8-a02d-f57de2c86ab4
item msg_011CeiyN1wiM3Dzg9UpjPo5J:0 thinking final at=1788551067120 text=""
snapshot WORKING queue=[] working_on=- at=1788551067120 asks=[] session=e238f16e-46d8-4814-83fd-166cd180deda model=claude-haiku-4-5-20251001 effort=? mode=default models=[default{low/medium/high/xhigh/max},opus[1m]{low/medium/high/xhigh/max},claude-fable-5-1[1m]{low/medium/high/xhigh/max},sonnet{low/medium/high/xhigh/max},haiku] commands=68 context=25313/? tasks=? active=[] usage=USAGE_STATE_OK 5h:6% 7d:39% servers=HEALTH_STATE_HEALTHY[external:TOOL_SERVER_STATUS_READY,plugin:stripe:stripe:TOOL_SERVER_STATUS_READY,linear-server:TOOL_SERVER_STATUS_READY,claude.ai Google Drive:TOOL_SERVER_STATUS_NEEDS_AUTH,claude.ai Google Calendar:TOOL_SERVER_STATUS_READY,claude.ai Gmail:TOOL_SERVER_STATUS_READY] sign_in=SIGN_IN_STATE_SIGNED_IN <REDACTED_IDENTIFIER> background=?
## 32 recorded 31: fact Stream type=assistant uuid=382445fc-a798-4979-8b42-270379ae497b
item msg_011CeiyN1wiM3Dzg9UpjPo5J:1 message final at=1788551067191 text="PELICAN"
## 34 recorded 33: fact Stream type=rate_limit_event uuid=dee78e32-7f67-4ccb-912a-1b593c092f39
snapshot WORKING queue=[] working_on=- at=1788551067193 asks=[] session=e238f16e-46d8-4814-83fd-166cd180deda model=claude-haiku-4-5-20251001 effort=? mode=default models=[default{low/medium/high/xhigh/max},opus[1m]{low/medium/high/xhigh/max},claude-fable-5-1[1m]{low/medium/high/xhigh/max},sonnet{low/medium/high/xhigh/max},haiku] commands=68 context=25313/? tasks=? active=[] usage=USAGE_STATE_OK 5h:7% 7d:39% servers=HEALTH_STATE_HEALTHY[external:TOOL_SERVER_STATUS_READY,plugin:stripe:stripe:TOOL_SERVER_STATUS_READY,linear-server:TOOL_SERVER_STATUS_READY,claude.ai Google Drive:TOOL_SERVER_STATUS_NEEDS_AUTH,claude.ai Google Calendar:TOOL_SERVER_STATUS_READY,claude.ai Gmail:TOOL_SERVER_STATUS_READY] sign_in=SIGN_IN_STATE_SIGNED_IN <REDACTED_IDENTIFIER> background=?
## 36 recorded 35: fact Stream type=result subtype=success uuid=e3dade6a-329b-4f67-9baf-e251bb864ad5
item turn:1 turn final at=1788551067197 text="" #1 TURN_OUTCOME_COMPLETED started=1788551063085 cost=0.055543
snapshot IDLE queue=[] working_on=- at=1788551067197 asks=[] session=e238f16e-46d8-4814-83fd-166cd180deda model=claude-haiku-4-5-20251001 effort=? mode=default models=[default{low/medium/high/xhigh/max},opus[1m]{low/medium/high/xhigh/max},claude-fable-5-1[1m]{low/medium/high/xhigh/max},sonnet{low/medium/high/xhigh/max},haiku] commands=68 context=25313/200000 tasks=? active=[] usage=USAGE_STATE_OK 5h:7% 7d:39% servers=HEALTH_STATE_HEALTHY[external:TOOL_SERVER_STATUS_READY,plugin:stripe:stripe:TOOL_SERVER_STATUS_READY,linear-server:TOOL_SERVER_STATUS_READY,claude.ai Google Drive:TOOL_SERVER_STATUS_NEEDS_AUTH,claude.ai Google Calendar:TOOL_SERVER_STATUS_READY,claude.ai Gmail:TOOL_SERVER_STATUS_READY] sign_in=SIGN_IN_STATE_SIGNED_IN <REDACTED_IDENTIFIER> background=?
turn_end 1 last=msg_011CeiyN1wiM3Dzg9UpjPo5J:1
