## 0 initial
snapshot STARTING queue=[] working_on=- at=0 asks=[] session=? model=? effort=? mode=? context=? tasks=? active=[] usage=? servers=? sign_in=? background=?
## 2 recorded 1: fact Stream type=control_response
snapshot STARTING queue=[] working_on=- at=1787960995822 asks=[] session=? model=? effort=? mode=? context=? tasks=? active=[] usage=? servers=? sign_in=SIGN_IN_STATE_SIGNED_IN <REDACTED_IDENTIFIER> background=?
## 4 recorded 3: input stdin-2
effect reply stdin-2 queued
snapshot STARTING queue=[stdin-2] working_on=- at=1787960995825 asks=[] session=? model=? effort=? mode=? context=? tasks=? active=[] usage=? servers=? sign_in=SIGN_IN_STATE_SIGNED_IN <REDACTED_IDENTIFIER> background=?
## 6 recorded 5: fact Stream type=system subtype=init uuid=46bfcfab-c7a4-44a2-b584-0e9d48cb36c9
effect user 73746469-6e2d-4200-8000-000000000000 "Use the Write tool once to create tool.txt containing exactly TOOL_OK, then reply exactly DONE."
item boundary:1 boundary final at=1787960996552 text="" BOUNDARY_KIND_STARTED session=8a09557f-e719-4329-8b4c-9ef4e3eeeaa1 version=2.1.247
item 73746469-6e2d-4200-8000-000000000000 prompt final input=stdin-2 at=1787960996552 text="Use the Write tool once to create tool.txt containing exactly TOOL_OK, then reply exactly DONE."
snapshot WORKING queue=[] working_on=- at=1787960996552 asks=[] session=8a09557f-e719-4329-8b4c-9ef4e3eeeaa1 model=claude-haiku-4-5-20251001 effort=? mode=default context=? tasks=? active=[] usage=? servers=HEALTH_STATE_HEALTHY[plugin:stripe:stripe:TOOL_SERVER_STATUS_READY,linear-server:TOOL_SERVER_STATUS_READY,claude.ai Google Drive:TOOL_SERVER_STATUS_NEEDS_AUTH,claude.ai Google Calendar:TOOL_SERVER_STATUS_READY,claude.ai Gmail:TOOL_SERVER_STATUS_READY] sign_in=SIGN_IN_STATE_SIGNED_IN <REDACTED_IDENTIFIER> background=?
## 8 recorded 7: fact Stream type=rate_limit_event uuid=c66838c7-6d83-48ec-9a2a-a13aa5033a81
snapshot WORKING queue=[] working_on=- at=1787960996871 asks=[] session=8a09557f-e719-4329-8b4c-9ef4e3eeeaa1 model=claude-haiku-4-5-20251001 effort=? mode=default context=? tasks=? active=[] usage=USAGE_STATE_NEAR_LIMIT five_hour:19% seven_day:83% servers=HEALTH_STATE_HEALTHY[plugin:stripe:stripe:TOOL_SERVER_STATUS_READY,linear-server:TOOL_SERVER_STATUS_READY,claude.ai Google Drive:TOOL_SERVER_STATUS_NEEDS_AUTH,claude.ai Google Calendar:TOOL_SERVER_STATUS_READY,claude.ai Gmail:TOOL_SERVER_STATUS_READY] sign_in=SIGN_IN_STATE_SIGNED_IN <REDACTED_IDENTIFIER> background=?
## 28 recorded 27: fact Stream type=assistant uuid=d48cd46e-5b3f-4651-a8cd-087aec4db558
item msg_011CeW3RSw8XsGhPL4YsQaaL:0 thinking final at=1787961000045 text="The user is asking me to:\n1. Use the Write tool to create a file called \"tool.txt\"\n2. The file should contain exactly \"TOOL_OK\"\n3. Then reply with exactly \"DONE\"\n\nThis is a straightforward task. Let me use the Write tool to create the file at the appropriate path. The working directory is <MACHINE_PATH>\n\nI should create the file at <MACHINE_PATH> with the content \"TOOL_OK\"."
snapshot WORKING queue=[] working_on=- at=1787961000045 asks=[] session=8a09557f-e719-4329-8b4c-9ef4e3eeeaa1 model=claude-haiku-4-5-20251001 effort=? mode=default context=28949/? tasks=? active=[] usage=USAGE_STATE_NEAR_LIMIT five_hour:19% seven_day:83% servers=HEALTH_STATE_HEALTHY[plugin:stripe:stripe:TOOL_SERVER_STATUS_READY,linear-server:TOOL_SERVER_STATUS_READY,claude.ai Google Drive:TOOL_SERVER_STATUS_NEEDS_AUTH,claude.ai Google Calendar:TOOL_SERVER_STATUS_READY,claude.ai Gmail:TOOL_SERVER_STATUS_READY] sign_in=SIGN_IN_STATE_SIGNED_IN <REDACTED_IDENTIFIER> background=?
## 30 recorded 29: fact Stream type=assistant uuid=b67852b5-bb7a-4124-b746-dc82a12170c7
item toolu_01JoMRZzFkMCxi3KJbtCe4MC tool final at=1787961000454 text="" Write TOOL_STATE_RUNNING input="{\"content\":\"TOOL_OK\",\"file_path\":\"<MACHINE_PATH>\"}"
## 32 recorded 31: fact Stream type=control_request
snapshot NEEDS_YOU queue=[] working_on=- at=1787961000479 asks=[614b94b3-080e-4cb8-9802-938c0100fdfc->toolu_01JoMRZzFkMCxi3KJbtCe4MC permission:Write/session mode=acceptEdits description="tool.txt" deny-can-stop] session=8a09557f-e719-4329-8b4c-9ef4e3eeeaa1 model=claude-haiku-4-5-20251001 effort=? mode=default context=28949/? tasks=? active=[] usage=USAGE_STATE_NEAR_LIMIT five_hour:19% seven_day:83% servers=HEALTH_STATE_HEALTHY[plugin:stripe:stripe:TOOL_SERVER_STATUS_READY,linear-server:TOOL_SERVER_STATUS_READY,claude.ai Google Drive:TOOL_SERVER_STATUS_NEEDS_AUTH,claude.ai Google Calendar:TOOL_SERVER_STATUS_READY,claude.ai Gmail:TOOL_SERVER_STATUS_READY] sign_in=SIGN_IN_STATE_SIGNED_IN <REDACTED_IDENTIFIER> background=?
## 34 recorded 33: input stdin-3
effect write "{\"response\":{\"request_id\":\"614b94b3-080e-4cb8-9802-938c0100fdfc\",\"response\":{\"behavior\":\"allow\",\"updatedInput\":{\"content\":\"TOOL_OK\",\"file_path\":\"<MACHINE_PATH>\"}},\"subtype\":\"success\"},\"type\":\"control_response\"}"
effect reply stdin-3 accepted
item toolu_01JoMRZzFkMCxi3KJbtCe4MC tool final at=1787961000454 text="" Write TOOL_STATE_RUNNING decision=DECISION_OUTCOME_ALLOWED input="{\"content\":\"TOOL_OK\",\"file_path\":\"<MACHINE_PATH>\"}"
snapshot WORKING queue=[] working_on=- at=1787961000480 asks=[] session=8a09557f-e719-4329-8b4c-9ef4e3eeeaa1 model=claude-haiku-4-5-20251001 effort=? mode=default context=28949/? tasks=? active=[] usage=USAGE_STATE_NEAR_LIMIT five_hour:19% seven_day:83% servers=HEALTH_STATE_HEALTHY[plugin:stripe:stripe:TOOL_SERVER_STATUS_READY,linear-server:TOOL_SERVER_STATUS_READY,claude.ai Google Drive:TOOL_SERVER_STATUS_NEEDS_AUTH,claude.ai Google Calendar:TOOL_SERVER_STATUS_READY,claude.ai Gmail:TOOL_SERVER_STATUS_READY] sign_in=SIGN_IN_STATE_SIGNED_IN <REDACTED_IDENTIFIER> background=?
## 36 recorded 35: fact Stream type=user uuid=3aacf8c5-7dab-4735-9a94-89f75986cdc9
item toolu_01JoMRZzFkMCxi3KJbtCe4MC tool final at=1787961000454 text="" Write TOOL_STATE_SUCCEEDED decision=DECISION_OUTCOME_ALLOWED ended=1787961000489 input="{\"content\":\"TOOL_OK\",\"file_path\":\"<MACHINE_PATH>\"}" out="File created successfully at: <MACHINE_PATH> (file state is …"
## 44 recorded 43: fact Stream type=assistant uuid=ed825acf-ce20-4ce8-ae6b-32a3306aad48
item msg_011CeW3RkCT4RhGdseDBvZGV:0 thinking final at=1787961001525 text="The file has been created successfully. Now I need to reply with exactly \"DONE\" as requested."
snapshot WORKING queue=[] working_on=- at=1787961001525 asks=[] session=8a09557f-e719-4329-8b4c-9ef4e3eeeaa1 model=claude-haiku-4-5-20251001 effort=? mode=default context=29397/? tasks=? active=[] usage=USAGE_STATE_NEAR_LIMIT five_hour:19% seven_day:83% servers=HEALTH_STATE_HEALTHY[plugin:stripe:stripe:TOOL_SERVER_STATUS_READY,linear-server:TOOL_SERVER_STATUS_READY,claude.ai Google Drive:TOOL_SERVER_STATUS_NEEDS_AUTH,claude.ai Google Calendar:TOOL_SERVER_STATUS_READY,claude.ai Gmail:TOOL_SERVER_STATUS_READY] sign_in=SIGN_IN_STATE_SIGNED_IN <REDACTED_IDENTIFIER> background=?
## 46 recorded 45: fact Stream type=assistant uuid=a5acac56-22e6-4c2c-b629-595b920a57cb
item msg_011CeW3RkCT4RhGdseDBvZGV:1 message final at=1787961001553 text="DONE"
## 48 recorded 47: fact Stream type=result subtype=success uuid=00df2739-7432-4b37-9c37-9148acd876a9
item turn:1 turn final at=1787961001559 text="" #1 TURN_OUTCOME_COMPLETED started=1787960996538 cost=0.028100
snapshot IDLE queue=[] working_on=- at=1787961001559 asks=[] session=8a09557f-e719-4329-8b4c-9ef4e3eeeaa1 model=claude-haiku-4-5-20251001 effort=? mode=default context=29397/200000 tasks=? active=[] usage=USAGE_STATE_NEAR_LIMIT five_hour:19% seven_day:83% servers=HEALTH_STATE_HEALTHY[plugin:stripe:stripe:TOOL_SERVER_STATUS_READY,linear-server:TOOL_SERVER_STATUS_READY,claude.ai Google Drive:TOOL_SERVER_STATUS_NEEDS_AUTH,claude.ai Google Calendar:TOOL_SERVER_STATUS_READY,claude.ai Gmail:TOOL_SERVER_STATUS_READY] sign_in=SIGN_IN_STATE_SIGNED_IN <REDACTED_IDENTIFIER> background=?
turn_end 1 last=msg_011CeW3RkCT4RhGdseDBvZGV:1
