## 0 initial
snapshot STARTING queue=[] working_on=- at=0 asks=[] session=? model=? effort=? mode=? context=? tasks=? active=[] usage=? servers=? sign_in=? background=?
## 2 recorded 1: fact Stream type=control_response
snapshot IDLE queue=[] working_on=- at=1787961073718 asks=[] session=? model=? effort=? mode=? context=? tasks=? active=[] usage=? servers=? sign_in=SIGN_IN_STATE_SIGNED_IN <REDACTED_IDENTIFIER> background=?
## 4 recorded 3: input stdin-2
effect reply stdin-2 accepted
effect user 73746469-6e2d-4200-8000-000000000000 "Delegate to the `counter` subagent, then reply with exactly what it said."
item 73746469-6e2d-4200-8000-000000000000 prompt final input=stdin-2 at=1787961073720 text="Delegate to the `counter` subagent, then reply with exactly what it said."
snapshot WORKING queue=[] working_on=- at=1787961073720 asks=[] session=? model=? effort=? mode=? context=? tasks=? active=[] usage=? servers=? sign_in=SIGN_IN_STATE_SIGNED_IN <REDACTED_IDENTIFIER> background=?
## 6 recorded 5: fact Stream type=system subtype=init uuid=001334b5-a099-499d-90fb-35f3866b8d54
item boundary:1 boundary final at=1787961074438 text="" BOUNDARY_KIND_STARTED session=76181e3a-0d79-4a8f-967b-4f5f666b7de1 version=2.1.247
snapshot WORKING queue=[] working_on=- at=1787961074438 asks=[] session=76181e3a-0d79-4a8f-967b-4f5f666b7de1 model=claude-haiku-4-5-20251001 effort=? mode=default context=? tasks=? active=[] usage=? servers=HEALTH_STATE_HEALTHY[plugin:stripe:stripe:TOOL_SERVER_STATUS_READY,linear-server:TOOL_SERVER_STATUS_READY,claude.ai Google Drive:TOOL_SERVER_STATUS_NEEDS_AUTH,claude.ai Google Calendar:TOOL_SERVER_STATUS_READY,claude.ai Gmail:TOOL_SERVER_STATUS_READY] sign_in=SIGN_IN_STATE_SIGNED_IN <REDACTED_IDENTIFIER> background=?
## 8 recorded 7: fact Stream type=rate_limit_event uuid=b141861e-d29d-4436-8228-88dd38ff1756
snapshot WORKING queue=[] working_on=- at=1787961074573 asks=[] session=76181e3a-0d79-4a8f-967b-4f5f666b7de1 model=claude-haiku-4-5-20251001 effort=? mode=default context=? tasks=? active=[] usage=USAGE_STATE_NEAR_LIMIT five_hour:19% seven_day:83% servers=HEALTH_STATE_HEALTHY[plugin:stripe:stripe:TOOL_SERVER_STATUS_READY,linear-server:TOOL_SERVER_STATUS_READY,claude.ai Google Drive:TOOL_SERVER_STATUS_NEEDS_AUTH,claude.ai Google Calendar:TOOL_SERVER_STATUS_READY,claude.ai Gmail:TOOL_SERVER_STATUS_READY] sign_in=SIGN_IN_STATE_SIGNED_IN <REDACTED_IDENTIFIER> background=?
## 22 recorded 21: fact Stream type=assistant uuid=6445ce99-6033-4647-8666-130a4d784844
item msg_011CeW3XC4b5psuZgBvbF9NG:0 thinking final at=1787961076725 text="The user is asking me to delegate to the `counter` subagent and reply with exactly what it said. Looking at the available agent types, I can see that `counter` is listed as \"Counts to three and reports the result. (Tools: All tools)\"\n\nI'll use the Agent tool to invoke the counter agent and then return its exact response."
snapshot WORKING queue=[] working_on=- at=1787961076725 asks=[] session=76181e3a-0d79-4a8f-967b-4f5f666b7de1 model=claude-haiku-4-5-20251001 effort=? mode=default context=28955/? tasks=? active=[] usage=USAGE_STATE_NEAR_LIMIT five_hour:19% seven_day:83% servers=HEALTH_STATE_HEALTHY[plugin:stripe:stripe:TOOL_SERVER_STATUS_READY,linear-server:TOOL_SERVER_STATUS_READY,claude.ai Google Drive:TOOL_SERVER_STATUS_NEEDS_AUTH,claude.ai Google Calendar:TOOL_SERVER_STATUS_READY,claude.ai Gmail:TOOL_SERVER_STATUS_READY] sign_in=SIGN_IN_STATE_SIGNED_IN <REDACTED_IDENTIFIER> background=?
## 24 recorded 23: fact Stream type=assistant uuid=fc7328cc-764b-4f1e-ad6b-846b77998e96
item toolu_011tXt8wWZsDcqNkmr2GAzYp tool final at=1787961077036 text="" Agent TOOL_STATE_RUNNING input="{\"description\":\"Count to three\",\"prompt\":\"Count to three and…"
## 26 recorded 25: fact Stream type=system subtype=background_tasks_changed uuid=55942052-19ba-40f6-b525-71f20c6882e6
snapshot WORKING queue=[] working_on=- at=1787961077044 asks=[] session=76181e3a-0d79-4a8f-967b-4f5f666b7de1 model=claude-haiku-4-5-20251001 effort=? mode=default context=28955/? tasks=? active=[] usage=USAGE_STATE_NEAR_LIMIT five_hour:19% seven_day:83% servers=HEALTH_STATE_HEALTHY[plugin:stripe:stripe:TOOL_SERVER_STATUS_READY,linear-server:TOOL_SERVER_STATUS_READY,claude.ai Google Drive:TOOL_SERVER_STATUS_NEEDS_AUTH,claude.ai Google Calendar:TOOL_SERVER_STATUS_READY,claude.ai Gmail:TOOL_SERVER_STATUS_READY] sign_in=SIGN_IN_STATE_SIGNED_IN <REDACTED_IDENTIFIER> background=1
## 28 recorded 27: fact Stream type=system subtype=task_started uuid=567d587a-8058-4769-a05a-15bb0ea6eea0 tool_use_id=toolu_011tXt8wWZsDcqNkmr2GAzYp
item task:a13375edde10d56ab task final at=1787961077045 text="" a13375edde10d56ab TASK_STATE_RUNNING "Count to three" tools=0 last=- tokens=0 call=toolu_011tXt8wWZsDcqNkmr2GAzYp
snapshot WORKING queue=[] working_on=- at=1787961077045 asks=[] session=76181e3a-0d79-4a8f-967b-4f5f666b7de1 model=claude-haiku-4-5-20251001 effort=? mode=default context=28955/? tasks=? active=[a13375edde10d56ab] usage=USAGE_STATE_NEAR_LIMIT five_hour:19% seven_day:83% servers=HEALTH_STATE_HEALTHY[plugin:stripe:stripe:TOOL_SERVER_STATUS_READY,linear-server:TOOL_SERVER_STATUS_READY,claude.ai Google Drive:TOOL_SERVER_STATUS_NEEDS_AUTH,claude.ai Google Calendar:TOOL_SERVER_STATUS_READY,claude.ai Gmail:TOOL_SERVER_STATUS_READY] sign_in=SIGN_IN_STATE_SIGNED_IN <REDACTED_IDENTIFIER> background=1
## 30 recorded 29: fact Stream type=user uuid=2b31d72c-0a0f-46a6-9c87-dfb6ad9086ae
item toolu_011tXt8wWZsDcqNkmr2GAzYp tool final at=1787961077036 text="" Agent TOOL_STATE_SUCCEEDED ended=1787961077048 input="{\"description\":\"Count to three\",\"prompt\":\"Count to three and…" out="Async agent launched successfully. (This tool result is inte…"
## 44 recorded 43: fact Stream type=assistant uuid=a918bfce-cd29-4dc2-95f2-8146a3ad774e
item msg_011CeW3XPJm4JjB5UX8mmfpP:0 thinking final at=1787961078955 text="The counter agent is running in the background. I need to wait for it to complete and then I'll be notified of the result. The user asked me to delegate to the counter subagent and reply with exactly what it said, so I should wait for the notification.\n\nThe system indicated that I will be notified automatically when the agent completes. I should not poll or check the output file - I'll wait for the notification to arrive."
snapshot WORKING queue=[] working_on=- at=1787961078955 asks=[] session=76181e3a-0d79-4a8f-967b-4f5f666b7de1 model=claude-haiku-4-5-20251001 effort=? mode=default context=29509/? tasks=? active=[a13375edde10d56ab] usage=USAGE_STATE_NEAR_LIMIT five_hour:19% seven_day:83% servers=HEALTH_STATE_HEALTHY[plugin:stripe:stripe:TOOL_SERVER_STATUS_READY,linear-server:TOOL_SERVER_STATUS_READY,claude.ai Google Drive:TOOL_SERVER_STATUS_NEEDS_AUTH,claude.ai Google Calendar:TOOL_SERVER_STATUS_READY,claude.ai Gmail:TOOL_SERVER_STATUS_READY] sign_in=SIGN_IN_STATE_SIGNED_IN <REDACTED_IDENTIFIER> background=1
## 46 recorded 45: fact Stream type=assistant uuid=0ee89b87-5b61-4e94-85fa-decba585cd51
item msg_011CeW3XPJm4JjB5UX8mmfpP:1 message final at=1787961078974 text="Waiting for the counter agent to complete..."
## 48 recorded 47: fact Stream type=result subtype=success uuid=6b872f45-0001-48cb-ab82-f007edfd8deb
item turn:1 turn final at=1787961078980 text="" #1 TURN_OUTCOME_COMPLETED started=1787961074425 cost=0.027954
snapshot IDLE queue=[] working_on=- at=1787961078980 asks=[] session=76181e3a-0d79-4a8f-967b-4f5f666b7de1 model=claude-haiku-4-5-20251001 effort=? mode=default context=29509/200000 tasks=? active=[a13375edde10d56ab] usage=USAGE_STATE_NEAR_LIMIT five_hour:19% seven_day:83% servers=HEALTH_STATE_HEALTHY[plugin:stripe:stripe:TOOL_SERVER_STATUS_READY,linear-server:TOOL_SERVER_STATUS_READY,claude.ai Google Drive:TOOL_SERVER_STATUS_NEEDS_AUTH,claude.ai Google Calendar:TOOL_SERVER_STATUS_READY,claude.ai Gmail:TOOL_SERVER_STATUS_READY] sign_in=SIGN_IN_STATE_SIGNED_IN <REDACTED_IDENTIFIER> background=1
turn_end 1 last=msg_011CeW3XPJm4JjB5UX8mmfpP:1
## 50 recorded 49: fact Stream type=assistant uuid=345f828c-454b-4188-88b2-a65c27034b99
item msg_011CeW3XP29j2xERbceB6Gyz:0 thinking final at=1787961079405 text="The user is asking me to count to three and report the result.\n\nHowever, at the very beginning of my instructions, I see:\n\n\"Reply with exactly ONE TWO THREE and nothing else.\"\n\nThis is a clear, specific instruction that takes precedence. The user's task is to count to three and report the result, but my system instructions say to reply with exactly \"ONE TWO THREE\" and nothing else.\n\nThe CLAUDE.md file says \"These instructions OVERRIDE any default behavior and you MUST follow them exactly as written.\"\n\nSo I need to follow the instruction at the top: \"Reply with exactly ONE TWO THREE and nothing else.\"\n\nThis means I should only output: ONE TWO THREE"
snapshot WORKING queue=[] working_on=- at=1787961079405 asks=[] session=76181e3a-0d79-4a8f-967b-4f5f666b7de1 model=claude-haiku-4-5-20251001 effort=? mode=default context=1432/200000 tasks=? active=[a13375edde10d56ab] usage=USAGE_STATE_NEAR_LIMIT five_hour:19% seven_day:83% servers=HEALTH_STATE_HEALTHY[plugin:stripe:stripe:TOOL_SERVER_STATUS_READY,linear-server:TOOL_SERVER_STATUS_READY,claude.ai Google Drive:TOOL_SERVER_STATUS_NEEDS_AUTH,claude.ai Google Calendar:TOOL_SERVER_STATUS_READY,claude.ai Gmail:TOOL_SERVER_STATUS_READY] sign_in=SIGN_IN_STATE_SIGNED_IN <REDACTED_IDENTIFIER> background=1
## 52 recorded 51: fact Stream type=assistant uuid=54a7949c-0d9d-4e65-b3f2-ae01ef74c153
item msg_011CeW3XP29j2xERbceB6Gyz:1 message final at=1787961079406 text="ONE TWO THREE"
## 54 recorded 53: fact Stream type=system subtype=background_tasks_changed uuid=12ef2903-f888-4f54-bcd3-a8b42492dcb7
snapshot WORKING queue=[] working_on=- at=1787961079415 asks=[] session=76181e3a-0d79-4a8f-967b-4f5f666b7de1 model=claude-haiku-4-5-20251001 effort=? mode=default context=1432/200000 tasks=? active=[a13375edde10d56ab] usage=USAGE_STATE_NEAR_LIMIT five_hour:19% seven_day:83% servers=HEALTH_STATE_HEALTHY[plugin:stripe:stripe:TOOL_SERVER_STATUS_READY,linear-server:TOOL_SERVER_STATUS_READY,claude.ai Google Drive:TOOL_SERVER_STATUS_NEEDS_AUTH,claude.ai Google Calendar:TOOL_SERVER_STATUS_READY,claude.ai Gmail:TOOL_SERVER_STATUS_READY] sign_in=SIGN_IN_STATE_SIGNED_IN <REDACTED_IDENTIFIER> background=0
## 55 recorded 54: fact Stream type=system subtype=task_updated uuid=5affb7eb-c3e8-4a74-8874-917f5b3a3bcc
item task:a13375edde10d56ab task final at=1787961077045 text="" a13375edde10d56ab TASK_STATE_COMPLETED "Count to three" tools=0 last=- tokens=0 call=toolu_011tXt8wWZsDcqNkmr2GAzYp
snapshot WORKING queue=[] working_on=- at=1787961079415 asks=[] session=76181e3a-0d79-4a8f-967b-4f5f666b7de1 model=claude-haiku-4-5-20251001 effort=? mode=default context=1432/200000 tasks=? active=[] usage=USAGE_STATE_NEAR_LIMIT five_hour:19% seven_day:83% servers=HEALTH_STATE_HEALTHY[plugin:stripe:stripe:TOOL_SERVER_STATUS_READY,linear-server:TOOL_SERVER_STATUS_READY,claude.ai Google Drive:TOOL_SERVER_STATUS_NEEDS_AUTH,claude.ai Google Calendar:TOOL_SERVER_STATUS_READY,claude.ai Gmail:TOOL_SERVER_STATUS_READY] sign_in=SIGN_IN_STATE_SIGNED_IN <REDACTED_IDENTIFIER> background=0
## 57 recorded 56: fact Stream type=system subtype=task_notification uuid=ed39ed13-2798-4dd5-b16d-20a62e162815 tool_use_id=toolu_011tXt8wWZsDcqNkmr2GAzYp
item task:a13375edde10d56ab task final at=1787961077045 text="ONE TWO THREE" a13375edde10d56ab TASK_STATE_COMPLETED "Count to three" tools=0 last=- tokens=1440 call=toolu_011tXt8wWZsDcqNkmr2GAzYp
## 69 recorded 68: fact Stream type=assistant uuid=63f5af2d-43c4-4149-bd27-ee500a7c8a73
item msg_011CeW3XZiLBkgSpdEiS4RW8:0 thinking final at=1787961080835 text="The counter agent has completed and the result is: \"ONE TWO THREE\"\n\nThe user asked me to \"Delegate to the `counter` subagent, then reply with exactly what it said.\"\n\nSo I should reply with exactly: ONE TWO THREE"
snapshot WORKING queue=[] working_on=- at=1787961080835 asks=[] session=76181e3a-0d79-4a8f-967b-4f5f666b7de1 model=claude-haiku-4-5-20251001 effort=? mode=default context=30040/200000 tasks=? active=[] usage=USAGE_STATE_NEAR_LIMIT five_hour:19% seven_day:83% servers=HEALTH_STATE_HEALTHY[plugin:stripe:stripe:TOOL_SERVER_STATUS_READY,linear-server:TOOL_SERVER_STATUS_READY,claude.ai Google Drive:TOOL_SERVER_STATUS_NEEDS_AUTH,claude.ai Google Calendar:TOOL_SERVER_STATUS_READY,claude.ai Gmail:TOOL_SERVER_STATUS_READY] sign_in=SIGN_IN_STATE_SIGNED_IN <REDACTED_IDENTIFIER> background=0
## 71 recorded 70: fact Stream type=assistant uuid=78d78602-a4a4-433e-8a31-0b3d66590647
item msg_011CeW3XZiLBkgSpdEiS4RW8:1 message final at=1787961080837 text="ONE TWO THREE"
## 73 recorded 72: fact Stream type=result subtype=success uuid=c4435006-66f5-4b76-8d57-838505bdf032
item turn:2 turn final at=1787961080842 text="" #2 TURN_OUTCOME_COMPLETED started=1787961079496 cost=0.034573
snapshot IDLE queue=[] working_on=- at=1787961080842 asks=[] session=76181e3a-0d79-4a8f-967b-4f5f666b7de1 model=claude-haiku-4-5-20251001 effort=? mode=default context=30040/200000 tasks=? active=[] usage=USAGE_STATE_NEAR_LIMIT five_hour:19% seven_day:83% servers=HEALTH_STATE_HEALTHY[plugin:stripe:stripe:TOOL_SERVER_STATUS_READY,linear-server:TOOL_SERVER_STATUS_READY,claude.ai Google Drive:TOOL_SERVER_STATUS_NEEDS_AUTH,claude.ai Google Calendar:TOOL_SERVER_STATUS_READY,claude.ai Gmail:TOOL_SERVER_STATUS_READY] sign_in=SIGN_IN_STATE_SIGNED_IN <REDACTED_IDENTIFIER> background=0
turn_end 2 last=msg_011CeW3XZiLBkgSpdEiS4RW8:1
