## 0 initial
snapshot STARTING queue=[] working_on=- at=0 asks=[] session=? model=? model_name=? effort=? mode=? context=? tasks=? active=[] usage=? servers=? sign_in=? background=?
## 2 recorded 1: fact Stream type=control_response
effect write "{\"request\":{\"subtype\":\"get_settings\"},\"request_id\":\"amux-1\",\"type\":\"control_request\"}"
effect catalogue 63033ec5 models=[default{low/medium/high/xhigh/max},opus[1m]{low/medium/high/xhigh/max},claude-fable-5[1m]{low/medium/high/xhigh/max},sonnet{low/medium/high/xhigh/max},haiku] commands=64 permissions=[default,acceptEdits,plan,auto] modes=[]
snapshot catalogue 63033ec5
snapshot IDLE queue=[] working_on=- at=1787961341118 asks=[] session=? model=? model_name=? effort=? mode=? context=? tasks=? active=[] usage=? servers=? sign_in=SIGN_IN_STATE_SIGNED_IN <REDACTED_IDENTIFIER> background=?
## 4 recorded 3: input stdin-2
effect reply stdin-2 accepted
effect user 73746469-6e2d-4200-8000-000000000000 "Reply with exactly MAINTENANCE_OK and nothing else."
item boundary:1 boundary final at=1787961341121 text="" BOUNDARY_KIND_STARTED session=- version=-
item 73746469-6e2d-4200-8000-000000000000 prompt final input=stdin-2 at=1787961341121 text="Reply with exactly MAINTENANCE_OK and nothing else."
snapshot WORKING queue=[] working_on=- at=1787961341121 asks=[] session=? model=? model_name=? effort=? mode=? context=? tasks=? active=[] usage=? servers=? sign_in=SIGN_IN_STATE_SIGNED_IN <REDACTED_IDENTIFIER> background=?
## 14 recorded 13: fact Stream type=control_response
effect write "{\"request\":{\"subtype\":\"get_settings\"},\"request_id\":\"amux-2\",\"type\":\"control_request\"}"
snapshot WORKING queue=[] working_on=- at=1787961341166 asks=[] session=? model=? model_name=? effort=? mode=? context=? tasks=? active=[] usage=? servers=HEALTH_STATE_HEALTHY[plugin:stripe:stripe:TOOL_SERVER_STATUS_STARTING,linear-server:TOOL_SERVER_STATUS_READY,claude.ai Google Drive:TOOL_SERVER_STATUS_NEEDS_AUTH,claude.ai Google Calendar:TOOL_SERVER_STATUS_STARTING,claude.ai Gmail:TOOL_SERVER_STATUS_STARTING] sign_in=SIGN_IN_STATE_SIGNED_IN <REDACTED_IDENTIFIER> background=?
## 21 recorded 20: fact Stream type=control_response
effect write "{\"request\":{\"subtype\":\"get_settings\"},\"request_id\":\"amux-3\",\"type\":\"control_request\"}"
## 23 recorded 22: fact Stream type=system subtype=background_tasks_changed uuid=2a3640fd-7b7e-4574-a9fa-3f59b7aa12a4
snapshot WORKING queue=[] working_on=- at=1787961341193 asks=[] session=? model=? model_name=? effort=? mode=? context=? tasks=? active=[] usage=? servers=HEALTH_STATE_HEALTHY[plugin:stripe:stripe:TOOL_SERVER_STATUS_STARTING,linear-server:TOOL_SERVER_STATUS_READY,claude.ai Google Drive:TOOL_SERVER_STATUS_NEEDS_AUTH,claude.ai Google Calendar:TOOL_SERVER_STATUS_STARTING,claude.ai Gmail:TOOL_SERVER_STATUS_STARTING] sign_in=SIGN_IN_STATE_SIGNED_IN <REDACTED_IDENTIFIER> background=[]
## 25 recorded 24: fact Stream type=system subtype=init uuid=4e2adb42-8d28-4a21-86cb-96cef100f8c3
item boundary:1 boundary final at=1787961341845 text="" BOUNDARY_KIND_STARTED session=13651c17-5060-4739-b5ed-b91b39fe0dff version=2.1.247
snapshot WORKING queue=[] working_on=- at=1787961341845 asks=[] session=13651c17-5060-4739-b5ed-b91b39fe0dff model=claude-haiku-4-5-20251001 model_name="Haiku 4.5" effort=? mode=default context=? tasks=? active=[] usage=? servers=HEALTH_STATE_HEALTHY[plugin:stripe:stripe:TOOL_SERVER_STATUS_READY,linear-server:TOOL_SERVER_STATUS_READY,claude.ai Google Drive:TOOL_SERVER_STATUS_NEEDS_AUTH,claude.ai Google Calendar:TOOL_SERVER_STATUS_READY,claude.ai Gmail:TOOL_SERVER_STATUS_READY] sign_in=SIGN_IN_STATE_SIGNED_IN <REDACTED_IDENTIFIER> background=[]
## 27 recorded 26: fact Stream type=rate_limit_event uuid=7ea235ca-1598-41d1-a20a-c423edd97710
snapshot WORKING queue=[] working_on=- at=1787961341937 asks=[] session=13651c17-5060-4739-b5ed-b91b39fe0dff model=claude-haiku-4-5-20251001 model_name="Haiku 4.5" effort=? mode=default context=? tasks=? active=[] usage=near 5h:19%(?) 7d:83%(near) servers=HEALTH_STATE_HEALTHY[plugin:stripe:stripe:TOOL_SERVER_STATUS_READY,linear-server:TOOL_SERVER_STATUS_READY,claude.ai Google Drive:TOOL_SERVER_STATUS_NEEDS_AUTH,claude.ai Google Calendar:TOOL_SERVER_STATUS_READY,claude.ai Gmail:TOOL_SERVER_STATUS_READY] sign_in=SIGN_IN_STATE_SIGNED_IN <REDACTED_IDENTIFIER> background=[]
## 37 recorded 36: fact Stream type=assistant uuid=66f8868d-6013-46c8-a3e3-135cfc74d30c
item msg_011CeW3rvQpCUmmycA12PXsr:0 thinking final at=1787961343491 text="The user is asking me to reply with exactly \"MAINTENANCE_OK\" and nothing else. This is a simple, straightforward request. I should comply exactly as stated."
snapshot WORKING queue=[] working_on=- at=1787961343491 asks=[] session=13651c17-5060-4739-b5ed-b91b39fe0dff model=claude-haiku-4-5-20251001 model_name="Haiku 4.5" effort=? mode=default context=27910/? tasks=? active=[] usage=near 5h:19%(?) 7d:83%(near) servers=HEALTH_STATE_HEALTHY[plugin:stripe:stripe:TOOL_SERVER_STATUS_READY,linear-server:TOOL_SERVER_STATUS_READY,claude.ai Google Drive:TOOL_SERVER_STATUS_NEEDS_AUTH,claude.ai Google Calendar:TOOL_SERVER_STATUS_READY,claude.ai Gmail:TOOL_SERVER_STATUS_READY] sign_in=SIGN_IN_STATE_SIGNED_IN <REDACTED_IDENTIFIER> background=[]
## 39 recorded 38: fact Stream type=assistant uuid=16dec490-b8e1-4506-9120-4edbf735ce8b
item msg_011CeW3rvQpCUmmycA12PXsr:1 message final at=1787961343507 text="MAINTENANCE_OK"
## 41 recorded 40: fact Stream type=result subtype=success uuid=a7ea334e-1dfd-45da-ae84-c2f8908ae444
item turn:1 turn final at=1787961343514 text="" #1 TURN_OUTCOME_COMPLETED started=1787961341832 cost=0.022547
snapshot IDLE queue=[] working_on=- at=1787961343514 asks=[] session=13651c17-5060-4739-b5ed-b91b39fe0dff model=claude-haiku-4-5-20251001 model_name="Haiku 4.5" effort=? mode=default context=27910/200000 tasks=? active=[] usage=near 5h:19%(?) 7d:83%(near) servers=HEALTH_STATE_HEALTHY[plugin:stripe:stripe:TOOL_SERVER_STATUS_READY,linear-server:TOOL_SERVER_STATUS_READY,claude.ai Google Drive:TOOL_SERVER_STATUS_NEEDS_AUTH,claude.ai Google Calendar:TOOL_SERVER_STATUS_READY,claude.ai Gmail:TOOL_SERVER_STATUS_READY] sign_in=SIGN_IN_STATE_SIGNED_IN <REDACTED_IDENTIFIER> background=[]
turn_end 1 last=msg_011CeW3rvQpCUmmycA12PXsr:1
