## 0 initial
snapshot STARTING queue=[] working_on=- at=0 asks=[] session=? model=? effort=? mode=? models=[] commands=0 context=? tasks=? active=[] usage=? servers=? sign_in=? background=?
## 2 recorded 1: fact Stream type=control_response
snapshot IDLE queue=[] working_on=- at=1788049043451 asks=[] session=? model=? effort=? mode=? models=[default{low/medium/high/xhigh/max},opus[1m]{low/medium/high/xhigh/max},claude-fable-5[1m]{low/medium/high/xhigh/max},sonnet{low/medium/high/xhigh/max},haiku] commands=65 context=? tasks=? active=[] usage=? servers=? sign_in=SIGN_IN_STATE_SIGNED_IN <REDACTED_IDENTIFIER> background=?
## 4 recorded 3: input stdin-2
effect reply stdin-2 accepted
effect user 73746469-6e2d-4200-8000-000000000000 "Remember the word ALBATROSS. Reply with exactly REMEMBERED."
item 73746469-6e2d-4200-8000-000000000000 prompt final input=stdin-2 at=1788049043453 text="Remember the word ALBATROSS. Reply with exactly REMEMBERED."
snapshot WORKING queue=[] working_on=- at=1788049043453 asks=[] session=? model=? effort=? mode=? models=[default{low/medium/high/xhigh/max},opus[1m]{low/medium/high/xhigh/max},claude-fable-5[1m]{low/medium/high/xhigh/max},sonnet{low/medium/high/xhigh/max},haiku] commands=65 context=? tasks=? active=[] usage=? servers=? sign_in=SIGN_IN_STATE_SIGNED_IN <REDACTED_IDENTIFIER> background=?
## 6 recorded 5: fact Stream type=system subtype=init uuid=e1ba7e5c-f3d9-4e59-bc7b-0b9b63e37175
item boundary:1 boundary final at=1788049044082 text="" BOUNDARY_KIND_STARTED session=efc457f2-80e8-4f87-b4f3-ccb9ea3c8927 version=2.1.251
snapshot WORKING queue=[] working_on=- at=1788049044082 asks=[] session=efc457f2-80e8-4f87-b4f3-ccb9ea3c8927 model=claude-haiku-4-5-20251001 effort=? mode=default models=[default{low/medium/high/xhigh/max},opus[1m]{low/medium/high/xhigh/max},claude-fable-5[1m]{low/medium/high/xhigh/max},sonnet{low/medium/high/xhigh/max},haiku] commands=65 context=? tasks=? active=[] usage=? servers=HEALTH_STATE_HEALTHY[plugin:stripe:stripe:TOOL_SERVER_STATUS_READY,linear-server:TOOL_SERVER_STATUS_READY,claude.ai Google Drive:TOOL_SERVER_STATUS_NEEDS_AUTH,claude.ai Google Calendar:TOOL_SERVER_STATUS_READY,claude.ai Gmail:TOOL_SERVER_STATUS_READY] sign_in=SIGN_IN_STATE_SIGNED_IN <REDACTED_IDENTIFIER> background=?
## 8 recorded 7: fact Stream type=rate_limit_event uuid=fadcb03f-7964-4609-a2e7-896f8e782801
snapshot WORKING queue=[] working_on=- at=1788049044232 asks=[] session=efc457f2-80e8-4f87-b4f3-ccb9ea3c8927 model=claude-haiku-4-5-20251001 effort=? mode=default models=[default{low/medium/high/xhigh/max},opus[1m]{low/medium/high/xhigh/max},claude-fable-5[1m]{low/medium/high/xhigh/max},sonnet{low/medium/high/xhigh/max},haiku] commands=65 context=? tasks=? active=[] usage=USAGE_STATE_OK five_hour:4% seven_day:12% servers=HEALTH_STATE_HEALTHY[plugin:stripe:stripe:TOOL_SERVER_STATUS_READY,linear-server:TOOL_SERVER_STATUS_READY,claude.ai Google Drive:TOOL_SERVER_STATUS_NEEDS_AUTH,claude.ai Google Calendar:TOOL_SERVER_STATUS_READY,claude.ai Gmail:TOOL_SERVER_STATUS_READY] sign_in=SIGN_IN_STATE_SIGNED_IN <REDACTED_IDENTIFIER> background=?
## 106 recorded 105: fact Stream type=assistant uuid=ddbc580b-7928-4060-ac9b-b248bf7e44c1
item msg_011CeXyKpGfAsJfgXs37stGJ:0 thinking final at=1788049046183 text="The user is asking me to remember the word \"ALBATROSS\" and reply with exactly \"REMEMBERED\". This is a straightforward instruction.\n\nHowever, I should also consider whether I should save this to memory. Looking at the memory instructions, ephemeral task details and current conversation context should not be saved to memory. This appears to be a test or verification task rather than something that needs to persist across conversations.\n\nI'll simply reply with \"REMEMBERED\" as instructed."
snapshot WORKING queue=[] working_on=- at=1788049046183 asks=[] session=efc457f2-80e8-4f87-b4f3-ccb9ea3c8927 model=claude-haiku-4-5-20251001 effort=? mode=default models=[default{low/medium/high/xhigh/max},opus[1m]{low/medium/high/xhigh/max},claude-fable-5[1m]{low/medium/high/xhigh/max},sonnet{low/medium/high/xhigh/max},haiku] commands=65 context=24433/? tasks=? active=[] usage=USAGE_STATE_OK five_hour:4% seven_day:12% servers=HEALTH_STATE_HEALTHY[plugin:stripe:stripe:TOOL_SERVER_STATUS_READY,linear-server:TOOL_SERVER_STATUS_READY,claude.ai Google Drive:TOOL_SERVER_STATUS_NEEDS_AUTH,claude.ai Google Calendar:TOOL_SERVER_STATUS_READY,claude.ai Gmail:TOOL_SERVER_STATUS_READY] sign_in=SIGN_IN_STATE_SIGNED_IN <REDACTED_IDENTIFIER> background=?
## 108 recorded 107: fact Stream type=assistant uuid=3e6b0976-1e34-4d51-9fa1-afbdaf443733
item msg_011CeXyKpGfAsJfgXs37stGJ:1 message final at=1788049046198 text="REMEMBERED"
## 110 recorded 109: fact Stream type=result subtype=success uuid=d33f2408-ea0b-4ffc-8a40-799c120337e9
item turn:1 turn final at=1788049046204 text="" #1 TURN_OUTCOME_COMPLETED started=1788049044067 cost=0.022605
snapshot IDLE queue=[] working_on=- at=1788049046204 asks=[] session=efc457f2-80e8-4f87-b4f3-ccb9ea3c8927 model=claude-haiku-4-5-20251001 effort=? mode=default models=[default{low/medium/high/xhigh/max},opus[1m]{low/medium/high/xhigh/max},claude-fable-5[1m]{low/medium/high/xhigh/max},sonnet{low/medium/high/xhigh/max},haiku] commands=65 context=24433/200000 tasks=? active=[] usage=USAGE_STATE_OK five_hour:4% seven_day:12% servers=HEALTH_STATE_HEALTHY[plugin:stripe:stripe:TOOL_SERVER_STATUS_READY,linear-server:TOOL_SERVER_STATUS_READY,claude.ai Google Drive:TOOL_SERVER_STATUS_NEEDS_AUTH,claude.ai Google Calendar:TOOL_SERVER_STATUS_READY,claude.ai Gmail:TOOL_SERVER_STATUS_READY] sign_in=SIGN_IN_STATE_SIGNED_IN <REDACTED_IDENTIFIER> background=?
turn_end 1 last=msg_011CeXyKpGfAsJfgXs37stGJ:1
## 112 recorded 111: input stdin-3
effect reply stdin-3 accepted
effect user 73746469-6e2d-4300-8000-000000000000 "Now also remember the word CORMORANT. Reply with exactly REMEMBERED."
item 73746469-6e2d-4300-8000-000000000000 prompt final input=stdin-3 at=1788049046205 text="Now also remember the word CORMORANT. Reply with exactly REMEMBERED."
snapshot WORKING queue=[] working_on=- at=1788049046205 asks=[] session=efc457f2-80e8-4f87-b4f3-ccb9ea3c8927 model=claude-haiku-4-5-20251001 effort=? mode=default models=[default{low/medium/high/xhigh/max},opus[1m]{low/medium/high/xhigh/max},claude-fable-5[1m]{low/medium/high/xhigh/max},sonnet{low/medium/high/xhigh/max},haiku] commands=65 context=24433/200000 tasks=? active=[] usage=USAGE_STATE_OK five_hour:4% seven_day:12% servers=HEALTH_STATE_HEALTHY[plugin:stripe:stripe:TOOL_SERVER_STATUS_READY,linear-server:TOOL_SERVER_STATUS_READY,claude.ai Google Drive:TOOL_SERVER_STATUS_NEEDS_AUTH,claude.ai Google Calendar:TOOL_SERVER_STATUS_READY,claude.ai Gmail:TOOL_SERVER_STATUS_READY] sign_in=SIGN_IN_STATE_SIGNED_IN <REDACTED_IDENTIFIER> background=?
## 126 recorded 125: fact Stream type=assistant uuid=bc6dec99-098c-4964-9ba0-4a94aad63458
item msg_011CeXyKyX1t4RuCoVfW18S9:0 thinking final at=1788049047700 text="The user is asking me to remember the word \"CORMORANT\" and reply with exactly \"REMEMBERED\". This is another straightforward instruction, similar to the previous one.\n\nAgain, this is an ephemeral task detail within the current conversation, so I won't save it to memory. I'll just reply with \"REMEMBERED\" as instructed."
snapshot WORKING queue=[] working_on=- at=1788049047700 asks=[] session=efc457f2-80e8-4f87-b4f3-ccb9ea3c8927 model=claude-haiku-4-5-20251001 effort=? mode=default models=[default{low/medium/high/xhigh/max},opus[1m]{low/medium/high/xhigh/max},claude-fable-5[1m]{low/medium/high/xhigh/max},sonnet{low/medium/high/xhigh/max},haiku] commands=65 context=24601/200000 tasks=? active=[] usage=USAGE_STATE_OK five_hour:4% seven_day:12% servers=HEALTH_STATE_HEALTHY[plugin:stripe:stripe:TOOL_SERVER_STATUS_READY,linear-server:TOOL_SERVER_STATUS_READY,claude.ai Google Drive:TOOL_SERVER_STATUS_NEEDS_AUTH,claude.ai Google Calendar:TOOL_SERVER_STATUS_READY,claude.ai Gmail:TOOL_SERVER_STATUS_READY] sign_in=SIGN_IN_STATE_SIGNED_IN <REDACTED_IDENTIFIER> background=?
## 128 recorded 127: fact Stream type=assistant uuid=dea61fa2-9460-4708-89c6-09dec4435905
item msg_011CeXyKyX1t4RuCoVfW18S9:1 message final at=1788049047701 text="REMEMBERED"
## 130 recorded 129: fact Stream type=result subtype=success uuid=5ad42b81-15ee-4494-b880-2eb1d61b5e62
item turn:2 turn final at=1788049047717 text="" #2 TURN_OUTCOME_COMPLETED started=1788049046206 cost=0.025828
snapshot IDLE queue=[] working_on=- at=1788049047717 asks=[] session=efc457f2-80e8-4f87-b4f3-ccb9ea3c8927 model=claude-haiku-4-5-20251001 effort=? mode=default models=[default{low/medium/high/xhigh/max},opus[1m]{low/medium/high/xhigh/max},claude-fable-5[1m]{low/medium/high/xhigh/max},sonnet{low/medium/high/xhigh/max},haiku] commands=65 context=24601/200000 tasks=? active=[] usage=USAGE_STATE_OK five_hour:4% seven_day:12% servers=HEALTH_STATE_HEALTHY[plugin:stripe:stripe:TOOL_SERVER_STATUS_READY,linear-server:TOOL_SERVER_STATUS_READY,claude.ai Google Drive:TOOL_SERVER_STATUS_NEEDS_AUTH,claude.ai Google Calendar:TOOL_SERVER_STATUS_READY,claude.ai Gmail:TOOL_SERVER_STATUS_READY] sign_in=SIGN_IN_STATE_SIGNED_IN <REDACTED_IDENTIFIER> background=?
turn_end 2 last=msg_011CeXyKyX1t4RuCoVfW18S9:1
## 132 recorded 131: input stdin-5
effect reply stdin-5 accepted
effect user 73746469-6e2d-4500-8000-000000000000 "List every word I asked you to remember, and nothing else."
item 73746469-6e2d-4500-8000-000000000000 prompt final input=stdin-5 at=1788049047717 text="List every word I asked you to remember, and nothing else."
snapshot WORKING queue=[] working_on=- at=1788049047717 asks=[] session=efc457f2-80e8-4f87-b4f3-ccb9ea3c8927 model=claude-haiku-4-5-20251001 effort=? mode=default models=[default{low/medium/high/xhigh/max},opus[1m]{low/medium/high/xhigh/max},claude-fable-5[1m]{low/medium/high/xhigh/max},sonnet{low/medium/high/xhigh/max},haiku] commands=65 context=24601/200000 tasks=? active=[] usage=USAGE_STATE_OK five_hour:4% seven_day:12% servers=HEALTH_STATE_HEALTHY[plugin:stripe:stripe:TOOL_SERVER_STATUS_READY,linear-server:TOOL_SERVER_STATUS_READY,claude.ai Google Drive:TOOL_SERVER_STATUS_NEEDS_AUTH,claude.ai Google Calendar:TOOL_SERVER_STATUS_READY,claude.ai Gmail:TOOL_SERVER_STATUS_READY] sign_in=SIGN_IN_STATE_SIGNED_IN <REDACTED_IDENTIFIER> background=?
## 138 recorded 137: fact Stream type=assistant uuid=48804f23-114a-4733-9b11-f301067f7dea
item msg_011CeXyLBWao6sWd7QVvXTek:0 thinking final at=1788049047717 text="The user asked me to remember the word \"ALBATROSS\" and reply with exactly \"REMEMBERED\". Then they asked me to list every word they asked me to remember, and nothing else.\n\nSo the word they asked me to remember is: ALBATROSS\n\nI should list just this word and nothing else."
snapshot WORKING queue=[] working_on=- at=1788049047717 asks=[] session=efc457f2-80e8-4f87-b4f3-ccb9ea3c8927 model=claude-haiku-4-5-20251001 effort=? mode=default models=[default{low/medium/high/xhigh/max},opus[1m]{low/medium/high/xhigh/max},claude-fable-5[1m]{low/medium/high/xhigh/max},sonnet{low/medium/high/xhigh/max},haiku] commands=65 context=24476/200000 tasks=? active=[] usage=USAGE_STATE_OK five_hour:4% seven_day:12% servers=HEALTH_STATE_HEALTHY[plugin:stripe:stripe:TOOL_SERVER_STATUS_READY,linear-server:TOOL_SERVER_STATUS_READY,claude.ai Google Drive:TOOL_SERVER_STATUS_NEEDS_AUTH,claude.ai Google Calendar:TOOL_SERVER_STATUS_READY,claude.ai Gmail:TOOL_SERVER_STATUS_READY] sign_in=SIGN_IN_STATE_SIGNED_IN <REDACTED_IDENTIFIER> background=?
## 139 recorded 138: fact Stream type=assistant uuid=c464d8f0-8ae6-4422-91ec-46e4cd2e8812
item msg_011CeXyLBWao6sWd7QVvXTek:1 message final at=1788049047717 text="ALBATROSS"
## 141 recorded 140: fact Stream type=result subtype=success uuid=5f6d7739-cfeb-47ac-8d51-9d613bd437d2
item turn:3 turn final at=1788049047717 text="" #3 TURN_OUTCOME_COMPLETED started=1788049046175 cost=0.002943
snapshot IDLE queue=[] working_on=- at=1788049047717 asks=[] session=efc457f2-80e8-4f87-b4f3-ccb9ea3c8927 model=claude-haiku-4-5-20251001 effort=? mode=default models=[default{low/medium/high/xhigh/max},opus[1m]{low/medium/high/xhigh/max},claude-fable-5[1m]{low/medium/high/xhigh/max},sonnet{low/medium/high/xhigh/max},haiku] commands=65 context=24476/200000 tasks=? active=[] usage=USAGE_STATE_OK five_hour:4% seven_day:12% servers=HEALTH_STATE_HEALTHY[plugin:stripe:stripe:TOOL_SERVER_STATUS_READY,linear-server:TOOL_SERVER_STATUS_READY,claude.ai Google Drive:TOOL_SERVER_STATUS_NEEDS_AUTH,claude.ai Google Calendar:TOOL_SERVER_STATUS_READY,claude.ai Gmail:TOOL_SERVER_STATUS_READY] sign_in=SIGN_IN_STATE_SIGNED_IN <REDACTED_IDENTIFIER> background=?
turn_end 3 last=msg_011CeXyLBWao6sWd7QVvXTek:1
