## 0 initial
snapshot STARTING queue=[] working_on=- at=1800000000000 asks=[] session=? model=? effort=? mode=? context=? tasks=? active=[] usage=? servers=? sign_in=? background=?
## 1 fact {"channel":"stream","json":{"claude_code_version":"2.1.282","model":"claude-opus-5-5","permissionMode":"default","session_id":"s1","subtype":"init","type":"system","uuid":"init-s1"}}
item boundary:1 boundary final at=1800000000000 text="" BOUNDARY_KIND_STARTED session=s1 version=2.1.282
snapshot IDLE queue=[] working_on=- at=1800000000000 asks=[] session=s1 model=claude-opus-5-5 effort=? mode=default context=? tasks=? active=[] usage=? servers=? sign_in=? background=?
## 2 input {"id":"p1","prompt":{"text":"/cost"}}
effect reply p1 accepted
effect user 70310000-0000-4000-8000-000000000000 "/cost"
item 70310000-0000-4000-8000-000000000000 prompt final input=p1 at=1800000000000 text="/cost"
snapshot WORKING queue=[] working_on=- at=1800000000000 asks=[] session=s1 model=claude-opus-5-5 effort=? mode=default context=? tasks=? active=[] usage=? servers=? sign_in=? background=?
## 3 fact {"channel":"stream","json":{"content":"Total cost: $0.12","subtype":"local_command_output","type":"system","uuid":"lc"}}
item lc slash final at=1800000000000 text="Total cost: $0.12" /cost args=""
## 4 fact {"channel":"stream","json":{"duration_ms":1000,"is_error":false,"subtype":"success","total_cost_usd":0.01,"type":"result","uuid":"r0"}}
item turn:1 turn final at=1800000000000 text="" #1 TURN_OUTCOME_COMPLETED started=1799999999000 cost=0.010000
snapshot IDLE queue=[] working_on=- at=1800000000000 asks=[] session=s1 model=claude-opus-5-5 effort=? mode=default context=? tasks=? active=[] usage=? servers=? sign_in=? background=?
turn_end 1 last=-
## 5 input {"id":"p2","prompt":{"text":"go"}}
effect reply p2 accepted
effect user 70320000-0000-4000-8000-000000000000 "go"
item 70320000-0000-4000-8000-000000000000 prompt final input=p2 at=1800000000000 text="go"
snapshot WORKING queue=[] working_on=- at=1800000000000 asks=[] session=s1 model=claude-opus-5-5 effort=? mode=default context=? tasks=? active=[] usage=? servers=? sign_in=? background=?
## 6 fact {"channel":"stream","json":{"api_refusal_explanation":"The request was declined by the safety system","content":"Switched model","direction":"down","fallback_model":"claude-sonnet-5","original_model":"claude-opus-5-5","request_id":null,"subtype":"model_refusal_fallback","trigger":"refusal","type":"system","uuid":"mr"}}
item mr model_switch final at=1800000000000 text="" claude-opus-5-5 -> claude-sonnet-5 "The request was declined by the safety system"
snapshot WORKING queue=[] working_on=- at=1800000000000 asks=[] session=s1 model=claude-sonnet-5 effort=? mode=default context=? tasks=? active=[] usage=? servers=? sign_in=? background=?
## 7 fact {"channel":"stream","json":{"content":"Declined","original_model":"claude-sonnet-5","request_id":null,"subtype":"model_refusal_no_fallback","type":"system","uuid":"mn"}}
item mn api_error final at=1800000000000 text="" refusal "Declined" retry=false 0/0
## 8 tick 1800000001000
## 9 fact {"channel":"stream","json":{"attempt":2,"error":"server_error","error_status":529,"max_retries":10,"retry_delay_ms":4000,"subtype":"api_retry","type":"system","uuid":"ar"}}
item ar api_error final at=1800000001000 text="" server_error "server_error (529)" retry=true 2/10 at=1800000005000
## 10 fact {"channel":"stream","json":{"message":{"content":[{"text":"On it.","type":"text"},{"id":"t1","input":{"working_on":"Fixing the parser"},"name":"mcp__amux__status","type":"tool_use"},{"id":"s1","name":"web_search","type":"server_tool_use"}],"id":"m1","model":"claude-sonnet-5","role":"assistant"},"type":"assistant","uuid":"m1"}}
item m1:0 message final at=1800000001000 text="On it."
item m1:2 unrecognized final at=1800000001000 text="" assistant/server_tool_use ""
snapshot WORKING queue=[] working_on="Fixing the parser" at=1800000001000 asks=[] session=s1 model=claude-sonnet-5 effort=? mode=default context=? tasks=? active=[] usage=? servers=? sign_in=? background=?
## 11 fact {"channel":"stream","json":{"message":{"content":[{"id":"t2","input":{"todos":[{"activeForm":"Parsing","content":"Parse","status":"in_progress"}]},"name":"TodoWrite","type":"tool_use"}],"id":"m2","model":"claude-sonnet-5","role":"assistant"},"type":"assistant","uuid":"m2"}}
## 12 fact {"channel":"stream","json":{"message":{"content":[{"content":"ok","tool_use_id":"t2","type":"tool_result"}],"role":"user"},"type":"user","uuid":"u2"}}
snapshot WORKING queue=[] working_on="Fixing the parser" at=1800000001000 asks=[] session=s1 model=claude-sonnet-5 effort=? mode=default context=? tasks=[1:TASK_LIST_STATUS_IN_PROGRESS:"Parse"] active=[] usage=? servers=? sign_in=? background=?
## 13 fact {"channel":"stream","json":{"error":"server_error","message":{"content":[{"text":"API Error: 529 overloaded","type":"text"}],"id":"m3","model":"claude-sonnet-5","role":"assistant"},"type":"assistant","uuid":"e3"}}
item e3 api_error final at=1800000001000 text="" server_error "API Error: 529 overloaded" retry=false 0/0
## 14 fact {"channel":"stream","json":{"duration_ms":1000,"is_error":false,"subtype":"success","total_cost_usd":0.25,"type":"result","uuid":"r1"}}
item turn:2 turn final at=1800000001000 text="" #2 TURN_OUTCOME_COMPLETED started=1800000000000 cost=0.250000
snapshot IDLE queue=[] working_on="Fixing the parser" at=1800000001000 asks=[] session=s1 model=claude-sonnet-5 effort=? mode=default context=? tasks=[1:TASK_LIST_STATUS_IN_PROGRESS:"Parse"] active=[] usage=? servers=? sign_in=? background=?
turn_end 2 last=m1:0
