## 0 initial
  composer Send activity=None queue=[] outbox=[]
## 1 fact {"channel":"rpc","json":{"id":2,"result":{"approvalPolicy":"on-request","model":"gpt-5.6-luna","reasoningEffort":null,"sandbox":{"type":"workspaceWrite"},"thread":{"cliVersion":"0.157.0","id":"t1","turns":[]}}}}
  row    1 boundary:1 Boundary { kind: Started, cause: "" }
## 2 input {"id":"p1","prompt":{"text":"Deploy it."}}
  row    2 prompt:7031 Prompt { text: [Text("Deploy it.")], steered: false }
  composer Send activity=Some(Working) queue=[] outbox=[]
## 5 fact {"channel":"rpc","json":{"id":7,"method":"item/commandExecution/requestApproval","params":{"availableDecisions":["accept",{"acceptWithExecpolicyAmendment":{"execpolicy_amendment":["curl","-s"]}},{"applyNetworkPolicyAmendment":{"network_policy_amendment":{"action":"allow","host":"api.example.com"}}},"decline","cancel"],"command":"/bin/zsh -lc 'curl -s https://api.example.com/status'","cwd":"/w…
  row    3 cmd-1 Command { command: "/bin/zsh -lc 'curl -s https://api.example.com/status'", state: Pending, exit_code: None, output_head: [], more_lines: 0, output_tail: [], duration_ms: None } attention
  ask 7 -> "cmd-1" 1/1 Open
    choices AllowOnce*, AllowSimilar { prefix: ["curl", "-s"] }, AllowNetwork { hosts: ["api.example.com"] }, Deny { stops: false }, DenyAndStop
    body Command { command: "/bin/zsh -lc 'curl -s https://api.example.com/status'", cwd: "/work", reason: "Reach the status API.", description: "" }
  composer Send activity=None queue=[] outbox=[]
## 6 input {"answer":{"answer":{"decision":"approve_network"},"ask":"7"},"id":"a1"}
  row    3 cmd-1 Command { command: "/bin/zsh -lc 'curl -s https://api.example.com/status'", state: Pending, exit_code: None, output_head: [], more_lines: 0, output_tail: [], duration_ms: None } decision=Decision { outcome: Allowed, scope: Some("network"), note: None, elsewhere: false }
  ask none
  composer Send activity=Some(Running { key: "cmd-1" }) queue=[] outbox=[]
## 8 fact {"channel":"rpc","json":{"method":"item/started","params":{"item":{"changes":[{"diff":"@@ -1 +1 @@\n-a\n+b\n","kind":{"move_path":null,"type":"update"},"path":"/work/a.txt"}],"id":"fc-1","status":"inProgress","type":"fileChange"},"startedAtMs":1800000000500,"threadId":"t1","turnId":"turn-1"}}}
  row    4 fc-1 FileChange { files: [FileRow { path: "/work/a.txt", change: Edited, added: 1, removed: 1 }], state: Running }
  composer Send activity=Some(Running { key: "fc-1" }) queue=[] outbox=[]
## 9 fact {"channel":"rpc","json":{"id":8,"method":"item/fileChange/requestApproval","params":{"grantRoot":"/work","itemId":"fc-1","reason":"Edit outside the workspace","threadId":"t1","turnId":"turn-1"}}}
  ask 8 -> "fc-1" 1/1 Open
    choices AllowOnce*, AllowForSession, Deny { stops: false }, DenyAndStop
    body Edit { path: "/work/a.txt", files: 1, added: 1, removed: 1, diff: "@@ -1 +1 @@\n-a\n+b\n", reason: "Edit outside the workspace", created: Some(false) }
  composer Send activity=None queue=[] outbox=[]
## 10 input {"answer":{"answer":{"decision":"approve_similar"},"ask":"8"},"id":"a3"}
  ask 8 -> "fc-1" 1/1 Rejected("unsupported")
    choices AllowOnce*, AllowForSession, Deny { stops: false }, DenyAndStop
    body Edit { path: "/work/a.txt", files: 1, added: 1, removed: 1, diff: "@@ -1 +1 @@\n-a\n+b\n", reason: "Edit outside the workspace", created: Some(false) }
## 11 input {"answer":{"answer":{"decision":"deny"},"ask":"8"},"id":"a4"}
  row    4 fc-1 FileChange { files: [FileRow { path: "/work/a.txt", change: Edited, added: 1, removed: 1 }], state: Running } decision=Decision { outcome: Denied, scope: None, note: None, elsewhere: false }
  ask none
  composer Send activity=Some(Running { key: "fc-1" }) queue=[] outbox=[]
## 12 fact {"channel":"rpc","json":{"method":"item/completed","params":{"completedAtMs":1800000000600,"item":{"changes":[{"diff":"@@ -1 +1 @@\n-a\n+b\n","kind":{"move_path":null,"type":"update"},"path":"/work/a.txt"}],"id":"fc-1","status":"declined","type":"fileChange"},"threadId":"t1","turnId":"turn-1"}}}
  row    4 fc-1 FileChange { files: [FileRow { path: "/work/a.txt", change: Edited, added: 1, removed: 1 }], state: Denied } decision=Decision { outcome: Denied, scope: None, note: None, elsewhere: false }
  composer Send activity=Some(Working) queue=[] outbox=[]
## 13 fact {"channel":"rpc","json":{"id":9,"method":"item/tool/requestUserInput","params":{"itemId":"call-1","questions":[{"header":"Token","id":"token","isOther":true,"isSecret":true,"options":null,"question":"Paste the deploy token."},{"header":"Env","id":"env","isOther":false,"isSecret":false,"options":[{"description":"Safe first.","label":"staging (Recommended)"},{"description":"Live.","label":"prod…
  row    5 ask:9 Ask(Questions { questions: [QuestionView { header: "Token", question: "Paste the deploy token.", multi_select: false, options: [], allow_other: true, secret: true }, QuestionView { header: "Env", question: "Which environment?", multi_select: false, options: [OptionView { label: "staging", description: "Safe first.", preview: "", recommended: true }, OptionView { label: "production", des…
  ask 9 -> "ask:9" 1/1 Open
    choices 
    body Question([QuestionView { header: "Token", question: "Paste the deploy token.", multi_select: false, options: [], allow_other: true, secret: true }, QuestionView { header: "Env", question: "Which environment?", multi_select: false, options: [OptionView { label: "staging", description: "Safe first.", preview: "", recommended: true }, OptionView { label: "production", description: "Live.", preview: "…
  composer Send activity=None queue=[] outbox=[]
## 14 input {"answer":{"answer":{"note":"rotate it after the deploy","selected":["tok-SECRET-1234",0]},"ask":"9"},"id":"a5"}
  row    5 ask:9 Ask(Questions { questions: [QuestionView { header: "Token", question: "Paste the deploy token.", multi_select: false, options: [], allow_other: true, secret: true }, QuestionView { header: "Env", question: "Which environment?", multi_select: false, options: [OptionView { label: "staging", description: "Safe first.", preview: "", recommended: true }, OptionView { label: "production", des…
  ask none
  composer Send activity=Some(Working) queue=[] outbox=[]
## 15 fact {"channel":"rpc","json":{"id":20,"method":"item/permissions/requestApproval","params":{"itemId":"exec-9","permissions":{"fileSystem":{"read":["/etc/shared"],"write":["/var/cache"]},"network":{"enabled":true}},"reason":"Read the shared config and reach the registry.","threadId":"t1","turnId":"turn-1"}}}
  row    6 ask:20 Ask(Grant { reason: "Read the shared config and reach the registry.", read: ["/etc/shared"], write: ["/var/cache"], network: true, hosts: [], granted: None, resolution: Open }) attention
  ask 20 -> "ask:20" 1/1 Open
    choices GrantForTurn*, GrantForSession, Deny { stops: false }
    body Access { reason: "Read the shared config and reach the registry.", read: ["/etc/shared"], write: ["/var/cache"], network: true, hosts: [] }
  composer Send activity=None queue=[] outbox=[]
## 16 input {"answer":{"answer":{"grant":{"read":["/etc/shared"],"write":["/elsewhere"]}},"ask":"20"},"id":"a6"}
  ask 20 -> "ask:20" 1/1 Rejected("unsupported")
    choices GrantForTurn*, GrantForSession, Deny { stops: false }
    body Access { reason: "Read the shared config and reach the registry.", read: ["/etc/shared"], write: ["/var/cache"], network: true, hosts: [] }
## 17 input {"answer":{"answer":{"grant":{"for_session":true,"network":true,"read":["/etc/shared"]}},"ask":"20"},"id":"a7"}
  row    6 ask:20 Ask(Grant { reason: "Read the shared config and reach the registry.", read: ["/etc/shared"], write: ["/var/cache"], network: true, hosts: [], granted: Some(Granted { read: ["/etc/shared"], write: [], network: true, for_session: true }), resolution: Answered })
  ask none
  composer Send activity=Some(Working) queue=[] outbox=[]
## 18 fact {"channel":"rpc","json":{"method":"item/started","params":{"item":{"arguments":{},"error":null,"id":"mcp-1","result":null,"server":"docs","status":"inProgress","tool":"sign_in","type":"mcpToolCall"},"startedAtMs":1800000000700,"threadId":"t1","turnId":"turn-1"}}}
  row    7 mcp-1 ToolCall { server: "docs", tool: "sign_in", fact: "", state: Running, result: "" }
  composer Send activity=Some(Running { key: "mcp-1" }) queue=[] outbox=[]
## 19 fact {"channel":"rpc","json":{"id":"elicit-1","method":"mcpServer/elicitation/request","params":{"message":"Sign in to the docs server.","mode":"url","serverName":"docs","threadId":"t1","turnId":"turn-1","url":"https://docs.example.com/login"}}}
  row    8 ask:"elicit-1" Ask(Link { server: "docs", message: "Sign in to the docs server.", url: "https://docs.example.com/login", resolution: Open }) attention
  ask "elicit-1" -> "ask:\"elicit-1\"" 1/1 Open
    choices OpenLink*, Decline
    body Link { server: "docs", message: "Sign in to the docs server.", url: "https://docs.example.com/login" }
  composer Send activity=None queue=[] outbox=[]
## 20 input {"answer":{"answer":{"link":{"action":"accept"}},"ask":"\"elicit-1\""},"id":"a8"}
  row    8 ask:"elicit-1" Ask(Link { server: "docs", message: "Sign in to the docs server.", url: "https://docs.example.com/login", resolution: Answered })
  ask none
  composer Send activity=Some(Running { key: "mcp-1" }) queue=[] outbox=[]
## 21 fact {"channel":"rpc","json":{"id":"elicit-2","method":"mcpServer/elicitation/request","params":{"message":"Which space?","mode":"form","requestedSchema":{"properties":{"space":{"type":"string"}},"type":"object"},"serverName":"docs","threadId":"t1","turnId":"turn-1"}}}
  row    9 ask:"elicit-2" Ask(Form { server: "docs", message: "Which space?", fields: [], resolution: Open }) attention
  ask "elicit-2" -> "ask:\"elicit-2\"" 1/1 Open
    choices Submit*, Decline
    body Form { server: "docs", message: "Which space?", schema_json: "{\"properties\":{\"space\":{\"type\":\"string\"}},\"type\":\"object\"}" }
  composer Send activity=None queue=[] outbox=[]
## 22 input {"answer":{"answer":{"form":{"action":"accept","content":{"space":"eng"}}},"ask":"\"elicit-2\""},"id":"a9"}
  row    9 ask:"elicit-2" Ask(Form { server: "docs", message: "Which space?", fields: ["space"], resolution: Answered })
  ask none
  composer Send activity=Some(Running { key: "mcp-1" }) queue=[] outbox=[]
## 23 fact {"channel":"rpc","json":{"method":"item/completed","params":{"completedAtMs":1800000000800,"item":{"arguments":{},"error":null,"id":"mcp-1","result":{"content":[{"text":"ok","type":"text"}]},"server":"docs","status":"completed","tool":"sign_in","type":"mcpToolCall"},"threadId":"t1","turnId":"turn-1"}}}
  row    7 mcp-1 ToolCall { server: "docs", tool: "sign_in", fact: "", state: Succeeded, result: "{\"content\":[{\"text\":\"ok\",\"type\":\"text\"}]}" }
  composer Send activity=Some(Working) queue=[] outbox=[]
## 24 fact {"channel":"rpc","json":{"id":30,"method":"item/commandExecution/requestApproval","params":{"availableDecisions":null,"command":"/bin/zsh -lc 'curl -s https://api.example.com/status'","cwd":"/work","itemId":"cmd-2","networkApprovalContext":{"host":"api.example.com","protocol":"https"},"proposedExecpolicyAmendment":["curl","-s"],"reason":"Reach the status API.","threadId":"t1","turnId":"turn-1…
  row   10 cmd-2 Command { command: "/bin/zsh -lc 'curl -s https://api.example.com/status'", state: Pending, exit_code: None, output_head: [], more_lines: 0, output_tail: [], duration_ms: None } attention
  ask 30 -> "cmd-2" 1/1 Open
    choices AllowOnce*, AllowForSession, Deny { stops: false }, DenyAndStop
    body Command { command: "/bin/zsh -lc 'curl -s https://api.example.com/status'", cwd: "/work", reason: "Reach the status API.", description: "" }
  composer Send activity=None queue=[] outbox=[]
## 25 fact {"channel":"rpc","json":{"method":"serverRequest/resolved","params":{"requestId":30,"threadId":"t1"}}}
  row   10 cmd-2 Command { command: "/bin/zsh -lc 'curl -s https://api.example.com/status'", state: Pending, exit_code: None, output_head: [], more_lines: 0, output_tail: [], duration_ms: None } decision=Decision { outcome: Dismissed, scope: None, note: None, elsewhere: true }
  ask none
  composer Send activity=Some(Running { key: "cmd-2" }) queue=[] outbox=[]
## 26 fact {"channel":"rpc","json":{"id":33,"method":"item/tool/requestUserInput","params":{"itemId":"call-2","questions":[{"header":"Region","id":"region","isOther":true,"isSecret":false,"options":null,"question":"Which region?"}],"threadId":"t1","turnId":"turn-1"}}}
  row   11 ask:33 Ask(Questions { questions: [QuestionView { header: "Region", question: "Which region?", multi_select: false, options: [], allow_other: true, secret: false }], answers: [], note: None, resolution: Open }) attention
  ask 33 -> "ask:33" 1/1 Open
    choices 
    body Question([QuestionView { header: "Region", question: "Which region?", multi_select: false, options: [], allow_other: true, secret: false }])
  composer Send activity=None queue=[] outbox=[]
## 27 fact {"channel":"rpc","json":{"method":"serverRequest/resolved","params":{"requestId":33,"threadId":"t1"}}}
  row   11 ask:33 Ask(Questions { questions: [QuestionView { header: "Region", question: "Which region?", multi_select: false, options: [], allow_other: true, secret: false }], answers: [], note: None, resolution: Dismissed })
  ask none
  composer Send activity=Some(Running { key: "cmd-2" }) queue=[] outbox=[]
## 28 fact {"channel":"rpc","json":{"id":31,"method":"account/chatgptAuthTokens/refresh","params":{"reason":"unauthorized"}}}
  row   12 unrecognized:2 Unrecognized { what: "account/chatgptAuthTokens/refresh", summary: "a request amux cannot answer" }
  composer Send activity=Some(Working) queue=[] outbox=[]
## 29 fact {"channel":"rpc","json":{"id":34,"method":"item/commandExecution/requestApproval","params":{"availableDecisions":["accept",{"acceptWithExecpolicyAmendment":{"execpolicy_amendment":["touch"]}},"cancel"],"command":"/bin/zsh -lc 'touch notes.txt'","cwd":"/work","itemId":"cmd-4","proposedExecpolicyAmendment":["touch"],"reason":"Create notes.txt.","threadId":"t1","turnId":"turn-1"}}}
  row   13 cmd-4 Command { command: "/bin/zsh -lc 'touch notes.txt'", state: Pending, exit_code: None, output_head: [], more_lines: 0, output_tail: [], duration_ms: None } attention
  ask 34 -> "cmd-4" 1/1 Open
    choices AllowOnce*, AllowSimilar { prefix: ["touch"] }, Deny { stops: false }, DenyAndStop
    body Command { command: "/bin/zsh -lc 'touch notes.txt'", cwd: "/work", reason: "Create notes.txt.", description: "" }
  composer Send activity=None queue=[] outbox=[]
## 30 input {"answer":{"answer":{"decision":"deny"},"ask":"34"},"id":"a9"}
  row   13 cmd-4 Command { command: "/bin/zsh -lc 'touch notes.txt'", state: Pending, exit_code: None, output_head: [], more_lines: 0, output_tail: [], duration_ms: None } decision=Decision { outcome: Denied, scope: None, note: None, elsewhere: false }
  ask none
  composer Send activity=Some(Running { key: "cmd-4" }) queue=[] outbox=[]
## 31 fact {"channel":"rpc","json":{"method":"item/completed","params":{"item":{"aggregatedOutput":null,"command":"/bin/zsh -lc 'touch notes.txt'","commandActions":[],"cwd":"/work","durationMs":null,"exitCode":null,"id":"cmd-4","status":"declined","type":"commandExecution"},"threadId":"t1","turnId":"turn-1"}}}
  row   13 cmd-4 Command { command: "/bin/zsh -lc 'touch notes.txt'", state: Denied, exit_code: None, output_head: [], more_lines: 0, output_tail: [], duration_ms: Some(0) } decision=Decision { outcome: Denied, scope: None, note: None, elsewhere: false }
  composer Send activity=Some(Working) queue=[] outbox=[]
## 32 fact {"channel":"rpc","json":{"id":32,"method":"item/commandExecution/requestApproval","params":{"availableDecisions":["accept",{"acceptWithExecpolicyAmendment":{"execpolicy_amendment":["curl","-s"]}},{"applyNetworkPolicyAmendment":{"network_policy_amendment":{"action":"allow","host":"api.example.com"}}},"decline","cancel"],"command":"/bin/zsh -lc 'curl -s https://api.example.com/status'","cwd":"/…
  row   14 cmd-3 Command { command: "/bin/zsh -lc 'curl -s https://api.example.com/status'", state: Pending, exit_code: None, output_head: [], more_lines: 0, output_tail: [], duration_ms: None } attention
  ask 32 -> "cmd-3" 1/1 Open
    choices AllowOnce*, AllowSimilar { prefix: ["curl", "-s"] }, AllowNetwork { hosts: ["api.example.com"] }, Deny { stops: false }, DenyAndStop
    body Command { command: "/bin/zsh -lc 'curl -s https://api.example.com/status'", cwd: "/work", reason: "Reach the status API.", description: "" }
  composer Send activity=None queue=[] outbox=[]
## 33 fact {"channel":"rpc","json":{"method":"turn/completed","params":{"threadId":"t1","turn":{"id":"turn-1","status":"interrupted"}}}}
  row    3 cmd-1 Command { command: "/bin/zsh -lc 'curl -s https://api.example.com/status'", state: Cancelled, exit_code: None, output_head: [], more_lines: 0, output_tail: [], duration_ms: None } decision=Decision { outcome: Allowed, scope: Some("network"), note: None, elsewhere: false }
  row   10 cmd-2 Command { command: "/bin/zsh -lc 'curl -s https://api.example.com/status'", state: Cancelled, exit_code: None, output_head: [], more_lines: 0, output_tail: [], duration_ms: None } decision=Decision { outcome: Dismissed, scope: None, note: None, elsewhere: true }
  row   14 cmd-3 Command { command: "/bin/zsh -lc 'curl -s https://api.example.com/status'", state: Cancelled, exit_code: None, output_head: [], more_lines: 0, output_tail: [], duration_ms: None } decision=Decision { outcome: Dismissed, scope: None, note: None, elsewhere: false }
  row   15 turn:1 Stopped
  ask none
== chat
     1 boundary:1 Boundary { kind: Started, cause: "" }
     2 prompt:7031 Prompt { text: [Text("Deploy it.")], steered: false }
     3 cmd-1 Command { command: "/bin/zsh -lc 'curl -s https://api.example.com/status'", state: Cancelled, exit_code: None, output_head: [], more_lines: 0, output_tail: [], duration_ms: None } decision=Decision { outcome: Allowed, scope: Some("network"), note: None, elsewhere: false }
     4 fc-1 FileChange { files: [FileRow { path: "/work/a.txt", change: Edited, added: 1, removed: 1 }], state: Denied } decision=Decision { outcome: Denied, scope: None, note: None, elsewhere: false }
     5 ask:9 Ask(Questions { questions: [QuestionView { header: "Token", question: "Paste the deploy token.", multi_select: false, options: [], allow_other: true, secret: true }, QuestionView { header: "Env", question: "Which environment?", multi_select: false, options: [OptionView { label: "staging", description: "Safe first.", preview: "", recommended: true }, OptionView { label: "production", des…
     6 ask:20 Ask(Grant { reason: "Read the shared config and reach the registry.", read: ["/etc/shared"], write: ["/var/cache"], network: true, hosts: [], granted: Some(Granted { read: ["/etc/shared"], write: [], network: true, for_session: true }), resolution: Answered })
     7 mcp-1 ToolCall { server: "docs", tool: "sign_in", fact: "", state: Succeeded, result: "{\"content\":[{\"text\":\"ok\",\"type\":\"text\"}]}" }
     8 ask:"elicit-1" Ask(Link { server: "docs", message: "Sign in to the docs server.", url: "https://docs.example.com/login", resolution: Answered })
     9 ask:"elicit-2" Ask(Form { server: "docs", message: "Which space?", fields: ["space"], resolution: Answered })
    10 cmd-2 Command { command: "/bin/zsh -lc 'curl -s https://api.example.com/status'", state: Cancelled, exit_code: None, output_head: [], more_lines: 0, output_tail: [], duration_ms: None } decision=Decision { outcome: Dismissed, scope: None, note: None, elsewhere: true }
    11 ask:33 Ask(Questions { questions: [QuestionView { header: "Region", question: "Which region?", multi_select: false, options: [], allow_other: true, secret: false }], answers: [], note: None, resolution: Dismissed })
    12 unrecognized:2 Unrecognized { what: "account/chatgptAuthTokens/refresh", summary: "a request amux cannot answer" }
    13 cmd-4 Command { command: "/bin/zsh -lc 'touch notes.txt'", state: Denied, exit_code: None, output_head: [], more_lines: 0, output_tail: [], duration_ms: Some(0) } decision=Decision { outcome: Denied, scope: None, note: None, elsewhere: false }
    14 cmd-3 Command { command: "/bin/zsh -lc 'curl -s https://api.example.com/status'", state: Cancelled, exit_code: None, output_head: [], more_lines: 0, output_tail: [], duration_ms: None } decision=Decision { outcome: Dismissed, scope: None, note: None, elsewhere: false }
    15 turn:1 Stopped
== overview Overview { tasks: None, jobs: [], failed_servers: [], usage_near_limit: None, changes: None }
== context None sign-in None
== settings
  model* reported gpt-5.6-luna "" efforts=[]
  permission* reported "default" "" unsettable
