## 0 initial
  composer Send activity=None queue=[] underway=[] refused=[]
## 5 recorded 4: fact Rpc "{\"id\":\"agent-thread\",\"result\":{\"activePermissionProfile\":{\"extends\":n…
  row    1 boundary:1 Boundary { kind: Started, cause: "" }
## 17 recorded 16: input 0xff822a81aa6d4fa3821574e670bd8c3d
  row    2 prompt:ff822a81aa6d4fa3821574e670bd8c3d Prompt { text: [Text("Reply with the single word pong and nothing else. Do not plan anything.")], steered: false }
  composer Send activity=Some(Working) queue=[] underway=[] refused=[]
## 40 recorded 39: fact Rpc method=item/started
  row    3 msg_07968efaa2c25d91016ac5c009ac4c819198cbf64bca95be6f Prose { text: [], streaming: true, working_note: false }
## 42 recorded 41: fact Rpc method=item/agentMessage/delta
  row    3 msg_07968efaa2c25d91016ac5c009ac4c819198cbf64bca95be6f Prose { text: [Text("pong")], streaming: true, working_note: false }
## 44 recorded 43: fact Rpc method=item/completed
  row    3 msg_07968efaa2c25d91016ac5c009ac4c819198cbf64bca95be6f Prose { text: [Text("pong")], streaming: false, working_note: false }
## 50 recorded 49: fact Rpc method=turn/completed
  row    4 turn:1 TurnEnd { duration_ms: Some(3798), cost_usd: None, failed: false }
  composer Send activity=None queue=[] underway=[] refused=[]
== chat
     1 boundary:1 Boundary { kind: Started, cause: "" }
     2 prompt:ff822a81aa6d4fa3821574e670bd8c3d Prompt { text: [Text("Reply with the single word pong and nothing else. Do not plan anything.")], steered: false }
     3 msg_07968efaa2c25d91016ac5c009ac4c819198cbf64bca95be6f Prose { text: [Text("pong")], streaming: false, working_note: false }
     4 turn:1 TurnEnd { duration_ms: Some(3798), cost_usd: None, failed: false }
== overview Overview { tasks: None, jobs: [], failed_servers: [], usage_near_limit: None, changes: None }
== context Some(ContextView { used_tokens: 18016, window_tokens: Some(258400), percent: Some(6), near_full: false }) sign-in None
== settings
  model* gpt-6.1-sol "GPT-6.1-Sol" efforts=[low,medium,high,xhigh,max,ultra] default=low
  model  gpt-6-astra "GPT-6-Astra" efforts=[low,medium,high,xhigh,max,ultra] default=medium
  model  gpt-6-sol "GPT-6-Sol" efforts=[low,medium,high,xhigh,max,ultra] default=medium
  model  gpt-6-luna "GPT-6-Luna" efforts=[low,medium,high,xhigh,max] default=medium
  model  gpt-5.6-sol "GPT-5.6-Sol" efforts=[low,medium,high,xhigh,max,ultra] default=low
  model  gpt-5.6-terra "GPT-5.6-Terra" efforts=[low,medium,high,xhigh,max,ultra] default=medium
  model  gpt-5.6-luna "GPT-5.6-Luna" efforts=[low,medium,high,xhigh,max] default=medium
  effort* low (default)
  effort  medium
  effort  high
  effort  xhigh
  effort  max
  effort  ultra
  permission* "read-only" "Read only"
  permission  "default" "Default" normal
  permission  "auto" "Auto"
  permission  "full-access" "Full access" never_asks
  mode  "default" "Default" normal
  mode* "plan" "Plan"
  changes: model Pick · effort Pick · permission Pick · mode Pick
  command /autopilot source="user" hint="" "Execute confirmed software work on an unattended loop of fresh agents when it spans contexts or must continue while the operator is away. Requires an approved plan; decline work that fits one sitting unless explicitly requested."
  command /delegate source="user" hint="" "Resolve or diagnose agent staffing by mapping a requested role and effort through the operator-owned roster to a mind and dispatch specification. Use when an agent or driver will dispatch work, or when a binding cannot launch. Do not use merely because ordinary work is being discussed or performed locally."
  command /frontend-design source="user" hint="" "Create distinctive, production-grade frontend interfaces with high design quality. Use this skill when the user asks to build web components, pages, artifacts, posters, or applications (examples include websites, landing pages, dashboards, React components, HTML/CSS layouts, or when styling/beautifying any web UI). Generates creative, polished code and UI design that avoids generic AI aesthetics.…
  command /gardening source="user" hint="" "Review and improve an operator's Linear backlog with them. Use when the operator asks to garden, clean up, shape, deduplicate, or reassess tracked work. Do not invoke merely because Linear is available or ordinary work reveals a possible follow-up."
  command /handoff source="user" hint="" "Independently verify and present finished work when an ordinary diff and focused checks are not enough to judge it, including third-party branches or pull requests. Use compact proof for easily judged behavior and a decision page for consequential or difficult work. Do not invoke at project start or impose a page on ordinary small changes."
  command /intake source="user" hint="" "Align and confirm a durable acceptance contract for consequential work that must cross contexts. Use after the operator commits to work when several requirements, boundaries, or success demonstrations remain unsettled. Skip for exploration, one or two locally resolvable questions, and already-confirmed requirements."
  command /imagegen source="system" hint="" "Generate or edit raster images when the task benefits from AI-created bitmap visuals such as photos, illustrations, textures, sprites, mockups, or transparent-background cutouts. Use when Codex should create a brand-new image, transform an existing image, or derive visual variants from references, and the output should be a bitmap asset rather than repo-native code or vector. Do not use when the …
  command /openai-docs source="system" hint="" "Use for Codex models/pricing, scheduled tasks, skills, settings, setup, troubleshooting, customization, automations, and self-knowledge—including 'you,' 'your,' 'this app,' or 'this coding agent' when they refer to Codex—and for OpenAI APIs/products and ChatGPT Work. Also use for model choice/migration, prompting, SDKs, Responses, Realtime, agents, evals, and Chat/Work/Codex comparisons. Do not u…
  command /review-agent source="system" hint="" "Perform a read-only, defect-first review of a specified code change and return every actionable finding. Use when another agent delegates review of uncommitted changes, a base-branch diff, a commit, or custom review instructions."
  command /skill-creator source="system" hint="" "Create or update a Codex skill with appropriately scoped instructions and any needed supporting resources."
  command /skill-installer source="system" hint="" "Install Codex skills into $CODEX_HOME/skills from a curated list or a GitHub repo path. Use when a user asks to list installable skills, install a curated skill, or install a skill from another repo (including private repos)."
  controls: model=Some("GPT-6.1-Sol") effort=Some("low") permission=Some("read-only") mode=Some("plan")
