## 0 initial
  composer Send activity=None queue=[] underway=[] refused=[]
## 5 recorded 4: fact Rpc "{\"id\":\"agent-thread\",\"result\":{\"activePermissionProfile\":{\"extends\":n…
  row    1 boundary:1 Boundary { kind: Started, cause: "" }
## 16 recorded 15: input 0xff98779ef26e4be0be4a292bc0758421
  row    2 prompt:ff98779ef26e4be0be4a292bc0758421 Prompt { text: [Text("Use your tool for asking the user questions once, asking me two questions in that one call: 'Which colour?' with the options Red and Blue, and 'Which size?' with the options Small and Large. After I answer, use it once more to ask me one question, 'Which shape?' with the options Circle and Square. Then reply with the single word do…
  composer Send activity=Some(Working) queue=[] underway=[] refused=[]
## 41 recorded 40: fact Rpc method=item/tool/requestUserInput
  row    3 ask:0 [Open:  skipped=0] Ask(Questions { questions: [QuestionView { header: "Colour", question: "Which colour?", multi_select: false, options: [OptionView { label: "Red", description: "Red", preview: "", recommended: false }, OptionView { label: "Blue", description: "Blue", preview: "", recommended: false }], allow_other: true, secret: false }, QuestionView { header: "Size", question: "Which …
  ask 0 -> "ask:0" 1/1 Open
    choices 
    body Question([QuestionView { header: "Colour", question: "Which colour?", multi_select: false, options: [OptionView { label: "Red", description: "Red", preview: "", recommended: false }, OptionView { label: "Blue", description: "Blue", preview: "", recommended: false }], allow_other: true, secret: false }, QuestionView { header: "Size", question: "Which size?", multi_select: false, options: [OptionVie…
  composer Send activity=None queue=[] underway=[] refused=[]
## 43 recorded 42: input stdin-9
  row    3 ask:0 [Answered: Colour = (skipped); Size = Small skipped=1] Ask(Questions { questions: [QuestionView { header: "Colour", question: "Which colour?", multi_select: false, options: [OptionView { label: "Red", description: "Red", preview: "", recommended: false }, OptionView { label: "Blue", description: "Blue", preview: "", recommended: false }], allow_other: true, secret: false }, QuestionView…
  ask none
  composer Send activity=Some(Working) queue=[] underway=[] refused=[]
## 54 recorded 53: fact Rpc method=item/tool/requestUserInput
  row    4 ask:1 [Open:  skipped=0] Ask(Questions { questions: [QuestionView { header: "Shape", question: "Which shape?", multi_select: false, options: [OptionView { label: "Circle", description: "Circle", preview: "", recommended: false }, OptionView { label: "Square", description: "Square", preview: "", recommended: false }], allow_other: true, secret: false }], answers: [], skipped: 0, reply: None, r…
  ask 1 -> "ask:1" 1/1 Open
    choices 
    body Question([QuestionView { header: "Shape", question: "Which shape?", multi_select: false, options: [OptionView { label: "Circle", description: "Circle", preview: "", recommended: false }, OptionView { label: "Square", description: "Square", preview: "", recommended: false }], allow_other: true, secret: false }])
  composer Send activity=None queue=[] underway=[] refused=[]
## 56 recorded 55: input 0x2737deea7ca544238185bcd0c9b1428c
  row    4 ask:1 [Replied: Shape = (skipped) skipped=1 reply="Never mind the shape. Reply with the single word done and nothing else."] Ask(Questions { questions: [QuestionView { header: "Shape", question: "Which shape?", multi_select: false, options: [OptionView { label: "Circle", description: "Circle", preview: "", recommended: false }, OptionView { label: "Square", description: "Square", preview: "",…
  ask none
  composer Send activity=Some(Working) queue=[QueuedRow { input_id: [39, 55, 222, 234, 124, 165, 68, 35, 129, 133, 188, 208, 201, 177, 66, 140], text: [Text("Never mind the shape. Reply with the single word done and nothing else.")], from_agent: None, mine: true, steered: false, can_withdraw: true, can_send_now: true }] underway=[] refused=[]
## 63 recorded 62: fact Rpc method=turn/completed
  row    5 turn:1 Stopped
  row    6 prompt:2737deea7ca544238185bcd0c9b1428c Prompt { text: [Text("Never mind the shape. Reply with the single word done and nothing else.")], steered: false }
  composer Send activity=Some(Working) queue=[] underway=[] refused=[]
## 75 recorded 74: fact Rpc method=item/started
  row    7 msg_07dffb6507ba6b27016ac5bffecb5c8191bc6456d97fe7f405 Prose { text: [], streaming: true, working_note: false }
## 77 recorded 76: fact Rpc method=item/agentMessage/delta
  row    7 msg_07dffb6507ba6b27016ac5bffecb5c8191bc6456d97fe7f405 Prose { text: [Text("done")], streaming: true, working_note: false }
## 79 recorded 78: fact Rpc method=item/completed
  row    7 msg_07dffb6507ba6b27016ac5bffecb5c8191bc6456d97fe7f405 Prose { text: [Text("done")], streaming: false, working_note: false }
## 85 recorded 84: fact Rpc method=turn/completed
  row    8 turn:2 TurnEnd { duration_ms: Some(1872), cost_usd: None, failed: false }
  composer Send activity=None queue=[] underway=[] refused=[]
== chat
     1 boundary:1 Boundary { kind: Started, cause: "" }
     2 prompt:ff98779ef26e4be0be4a292bc0758421 Prompt { text: [Text("Use your tool for asking the user questions once, asking me two questions in that one call: 'Which colour?' with the options Red and Blue, and 'Which size?' with the options Small and Large. After I answer, use it once more to ask me one question, 'Which shape?' with the options Circle and Square. Then reply with the single word do…
     3 ask:0 [Answered: Colour = (skipped); Size = Small skipped=1] Ask(Questions { questions: [QuestionView { header: "Colour", question: "Which colour?", multi_select: false, options: [OptionView { label: "Red", description: "Red", preview: "", recommended: false }, OptionView { label: "Blue", description: "Blue", preview: "", recommended: false }], allow_other: true, secret: false }, QuestionView…
     4 ask:1 [Replied: Shape = (skipped) skipped=1 reply="Never mind the shape. Reply with the single word done and nothing else."] Ask(Questions { questions: [QuestionView { header: "Shape", question: "Which shape?", multi_select: false, options: [OptionView { label: "Circle", description: "Circle", preview: "", recommended: false }, OptionView { label: "Square", description: "Square", preview: "",…
     5 turn:1 Stopped
     6 prompt:2737deea7ca544238185bcd0c9b1428c Prompt { text: [Text("Never mind the shape. Reply with the single word done and nothing else.")], steered: false }
     7 msg_07dffb6507ba6b27016ac5bffecb5c8191bc6456d97fe7f405 Prose { text: [Text("done")], streaming: false, working_note: false }
     8 turn:2 TurnEnd { duration_ms: Some(1872), cost_usd: None, failed: false }
== overview Overview { tasks: None, jobs: [], failed_servers: [], usage_near_limit: None, changes: None }
== context Some(ContextView { used_tokens: 18337, window_tokens: Some(258400), percent: Some(7), near_full: false }) sign-in None
== settings
  model* gpt-6.1-sol "GPT-6.1-Sol" efforts=[low,medium,high,xhigh,max,ultra] default=low
  model  gpt-6-astra "GPT-6-Astra" efforts=[low,medium,high,xhigh,max,ultra] default=medium
  model  gpt-6-sol "GPT-6-Sol" efforts=[low,medium,high,xhigh,max,ultra] default=medium
  model  gpt-6-luna "GPT-6-Luna" efforts=[low,medium,high,xhigh,max] default=medium
  model  gpt-5.6-sol "GPT-5.6-Sol" efforts=[low,medium,high,xhigh,max,ultra] default=low
  model  gpt-5.6-terra "GPT-5.6-Terra" efforts=[low,medium,high,xhigh,max,ultra] default=medium
  model  gpt-5.6-luna "GPT-5.6-Luna" efforts=[low,medium,high,xhigh,max] default=medium
  effort* low (default)
  effort  medium
  effort  high
  effort  xhigh
  effort  max
  effort  ultra
  permission* "read-only" "Read only"
  permission  "default" "Default" normal
  permission  "auto" "Auto"
  permission  "full-access" "Full access" never_asks
  mode  "default" "Default" normal
  mode* "plan" "Plan"
  command /autopilot source="user" hint="" "Execute confirmed software work on an unattended loop of fresh agents when it spans contexts or must continue while the operator is away. Requires an approved plan; decline work that fits one sitting unless explicitly requested."
  command /delegate source="user" hint="" "Resolve or diagnose agent staffing by mapping a requested role and effort through the operator-owned roster to a mind and dispatch specification. Use when an agent or driver will dispatch work, or when a binding cannot launch. Do not use merely because ordinary work is being discussed or performed locally."
  command /frontend-design source="user" hint="" "Create distinctive, production-grade frontend interfaces with high design quality. Use this skill when the user asks to build web components, pages, artifacts, posters, or applications (examples include websites, landing pages, dashboards, React components, HTML/CSS layouts, or when styling/beautifying any web UI). Generates creative, polished code and UI design that avoids generic AI aesthetics.…
  command /gardening source="user" hint="" "Review and improve an operator's Linear backlog with them. Use when the operator asks to garden, clean up, shape, deduplicate, or reassess tracked work. Do not invoke merely because Linear is available or ordinary work reveals a possible follow-up."
  command /handoff source="user" hint="" "Independently verify and present finished work when an ordinary diff and focused checks are not enough to judge it, including third-party branches or pull requests. Use compact proof for easily judged behavior and a decision page for consequential or difficult work. Do not invoke at project start or impose a page on ordinary small changes."
  command /intake source="user" hint="" "Align and confirm a durable acceptance contract for consequential work that must cross contexts. Use after the operator commits to work when several requirements, boundaries, or success demonstrations remain unsettled. Skip for exploration, one or two locally resolvable questions, and already-confirmed requirements."
  command /imagegen source="system" hint="" "Generate or edit raster images when the task benefits from AI-created bitmap visuals such as photos, illustrations, textures, sprites, mockups, or transparent-background cutouts. Use when Codex should create a brand-new image, transform an existing image, or derive visual variants from references, and the output should be a bitmap asset rather than repo-native code or vector. Do not use when the …
  command /openai-docs source="system" hint="" "Use for Codex models/pricing, scheduled tasks, skills, settings, setup, troubleshooting, customization, automations, and self-knowledge—including 'you,' 'your,' 'this app,' or 'this coding agent' when they refer to Codex—and for OpenAI APIs/products and ChatGPT Work. Also use for model choice/migration, prompting, SDKs, Responses, Realtime, agents, evals, and Chat/Work/Codex comparisons. Do not u…
  command /review-agent source="system" hint="" "Perform a read-only, defect-first review of a specified code change and return every actionable finding. Use when another agent delegates review of uncommitted changes, a base-branch diff, a commit, or custom review instructions."
  command /skill-creator source="system" hint="" "Create or update a Codex skill with appropriately scoped instructions and any needed supporting resources."
  command /skill-installer source="system" hint="" "Install Codex skills into $CODEX_HOME/skills from a curated list or a GitHub repo path. Use when a user asks to list installable skills, install a curated skill, or install a skill from another repo (including private repos)."
