## 0 initial
snapshot STARTING queue=[] working_on=- at=0 asks=[] session=? model=? mode=? context=? tasks=? background=?
## 1 fact {"channel":"agent","json":{"keymap":"claude-2.1","permission_menus":{"folded":[2],"per_suggestion":[1]},"type":"launch","version":"2.1.251"}}
## 3 recorded 1: fact Hook hook_event_name=SessionStart
effect follow "<TRANSCRIPT_1>"
item boundary:1 boundary final at=1788072024209 text="" BOUNDARY_KIND_STARTED session=05406442-d223-4b45-bb62-4d95d5243722 version=2.1.251 keymap=claude-2.1
snapshot IDLE queue=[] working_on=- at=1788072024209 asks=[] session=05406442-d223-4b45-bb62-4d95d5243722 model=claude-haiku-4-5-20251001 mode=? context=? tasks=? background=?
## 6 recorded 4: fact Transcript type=permission-mode
snapshot IDLE queue=[] working_on=- at=1788072024275 asks=[] session=05406442-d223-4b45-bb62-4d95d5243722 model=claude-haiku-4-5-20251001 mode=default context=? tasks=? background=?
## 11 recorded 9: fact Transcript type=user uuid=410435d4-7294-4bf6-a76b-f6cd41757813
item 410435d4-7294-4bf6-a76b-f6cd41757813 prompt final at=1788072024378 text="Reply exactly READY_FOR_RELINK and nothing else."
snapshot WORKING queue=[] working_on=- at=1788072024378 asks=[] session=05406442-d223-4b45-bb62-4d95d5243722 model=claude-haiku-4-5-20251001 mode=default context=? tasks=? background=?
## 22 recorded 20: fact Hook hook_event_name=Stop
snapshot WORKING queue=[] working_on=- at=1788072025931 asks=[] session=05406442-d223-4b45-bb62-4d95d5243722 model=claude-haiku-4-5-20251001 mode=default context=? tasks=? background=[]
## 24 recorded 22: fact Transcript type=assistant uuid=21907f08-88b6-43be-aeb1-3a2b186e3eef
item 21907f08-88b6-43be-aeb1-3a2b186e3eef thinking final at=1788072025952 text=""
snapshot WORKING queue=[] working_on=- at=1788072026335 asks=[] session=05406442-d223-4b45-bb62-4d95d5243722 model=claude-haiku-4-5-20251001 mode=default context=34316 tasks=? background=[]
## 25 recorded 23: fact Transcript type=assistant uuid=67516796-dd9c-482d-8786-2a1948429361
item 67516796-dd9c-482d-8786-2a1948429361 message final at=1788072025956 text="READY_FOR_RELINK"
## 28 recorded 26: fact Transcript type=system subtype=turn_duration uuid=5d2eb5aa-52a8-4761-b3fc-87f5322376bf
item turn:1 turn final at=1788072026105 text="" #1 TURN_OUTCOME_COMPLETED started=1788072024380
snapshot IDLE queue=[] working_on=- at=1788072026336 asks=[] session=05406442-d223-4b45-bb62-4d95d5243722 model=claude-haiku-4-5-20251001 mode=default context=34316 tasks=? background=[]
turn_end 1 last=67516796-dd9c-482d-8786-2a1948429361
## 32 recorded 30: fact Hook hook_event_name=SessionStart
effect follow "<TRANSCRIPT_2>"
item boundary:2 boundary final at=1788072026388 text="" BOUNDARY_KIND_CLEARED session=c6a3fc4c-4db5-43b9-926e-32aacea58821 version=2.1.251 keymap=claude-2.1
snapshot IDLE queue=[] working_on=- at=1788072026388 asks=[] session=c6a3fc4c-4db5-43b9-926e-32aacea58821 model=claude-haiku-4-5-20251001 mode=default context=? tasks=? background=[]
