## 0 initial
snapshot STARTING queue=[] working_on=- at=0 asks=[] session=? model=? model_name=? mode=? context=? tasks=? background=?
## 1 fact {"channel":"agent","json":{"keymap":"claude-2.1","permission_menus":{"folded":[2],"per_suggestion":[1]},"type":"launch","version":"2.1.251"}}
effect catalogue e1e7cada models=[] commands=0 permissions=[default,acceptEdits,plan,auto] modes=[]
snapshot catalogue e1e7cada
snapshot STARTING queue=[] working_on=- at=0 asks=[] session=? model=? model_name=? mode=? context=? tasks=? background=?
## 3 recorded 1: fact Hook hook_event_name=SessionStart
effect follow "<TRANSCRIPT_1>"
item boundary:1 boundary final at=1788074787809 text="" BOUNDARY_KIND_STARTED session=f6fef710-9678-4718-b315-d6dde1ac6d23 version=2.1.251 keymap=claude-2.1
snapshot IDLE queue=[] working_on=- at=1788074787809 asks=[] session=f6fef710-9678-4718-b315-d6dde1ac6d23 model=claude-sonnet-5 model_name="Sonnet 5" mode=? context=? tasks=? background=?
## 6 recorded 4: fact Transcript type=permission-mode
snapshot IDLE queue=[] working_on=- at=1788074787884 asks=[] session=f6fef710-9678-4718-b315-d6dde1ac6d23 model=claude-sonnet-5 model_name="Sonnet 5" mode=plan context=? tasks=? background=?
## 12 recorded 10: fact Transcript type=user uuid=9d93461f-f7ed-44fd-8de0-6196ce28c7df
item 9d93461f-f7ed-44fd-8de0-6196ce28c7df prompt final at=1788074787988 text="Plan changing README.md's only line from CURRENT to UPDATED, then call ExitPlanMode. Do not ask questions."
snapshot WORKING queue=[] working_on=- at=1788074787988 asks=[] session=f6fef710-9678-4718-b315-d6dde1ac6d23 model=claude-sonnet-5 model_name="Sonnet 5" mode=plan context=? tasks=? background=?
## 29 recorded 27: fact Transcript type=assistant uuid=8627bf34-f7e1-439f-8010-21bdf821e0ba
item 8627bf34-f7e1-439f-8010-21bdf821e0ba thinking final at=1788074790834 text=""
snapshot WORKING queue=[] working_on=- at=1788074792416 asks=[] session=f6fef710-9678-4718-b315-d6dde1ac6d23 model=claude-sonnet-5 model_name="Sonnet 5" mode=plan context=49611 tasks=? background=?
## 41 recorded 39: fact Hook hook_event_name=PreToolUse tool_use_id=toolu_01Egc5HsizMsVn1xBhztAhiU
snapshot WORKING queue=[] working_on=- at=1788074794392 asks=[] session=f6fef710-9678-4718-b315-d6dde1ac6d23 model=claude-sonnet-5 model_name="Sonnet 5" mode=plan context=49611 tasks=? background=? running=toolu_01Egc5HsizMsVn1xBhztAhiU ToolSearch since=1788074794392
## 43 recorded 41: fact Hook hook_event_name=PostToolUse tool_use_id=toolu_01Egc5HsizMsVn1xBhztAhiU
snapshot WORKING queue=[] working_on=- at=1788074794407 asks=[] session=f6fef710-9678-4718-b315-d6dde1ac6d23 model=claude-sonnet-5 model_name="Sonnet 5" mode=plan context=49611 tasks=? background=?
## 45 recorded 43: fact Transcript type=assistant uuid=9469b1c1-d28d-4a71-8c6c-28658c858a73
item toolu_01Egc5HsizMsVn1xBhztAhiU tool final at=1788074794534 text="" ToolSearch TOOL_STATE_RUNNING search input="{\"max_results\":1,\"query\":\"select:ExitPlanMode\"}"
snapshot WORKING queue=[] working_on=- at=1788074794478 asks=[] session=f6fef710-9678-4718-b315-d6dde1ac6d23 model=claude-sonnet-5 model_name="Sonnet 5" mode=plan context=50392 tasks=? background=?
## 46 recorded 44: fact Transcript type=user uuid=8e194933-7efd-4b89-a49e-a8a2b8b489b4
item toolu_01Egc5HsizMsVn1xBhztAhiU tool final at=1788074794534 text="" ToolSearch TOOL_STATE_SUCCEEDED search ended=1788074794575 input="{\"max_results\":1,\"query\":\"select:ExitPlanMode\"}"
## 49 recorded 47: fact Hook hook_event_name=PreToolUse tool_use_id=toolu_012mL17q3UZCtEJ343VAWHka
item toolu_012mL17q3UZCtEJ343VAWHka plan final at=1788074796223 text="# Context\n\nThe user asked to change README.md's only line from `CURRENT` to `UPDATED`. This is a trivial, explicitly-specified text change.\n\n# Plan\n\n- Edit `README.md`, replacing its sole line's content `CURRENT` with `UPDATED`.\n\n# Verification\n\n- Read README.md after the edit to confirm it contains `UPDATED` and not `CURRENT`.\n" PLAN_VERDICT_UNDECIDED
snapshot WORKING queue=[] working_on=- at=1788074796223 asks=[] session=f6fef710-9678-4718-b315-d6dde1ac6d23 model=claude-sonnet-5 model_name="Sonnet 5" mode=plan context=50392 tasks=? background=? running=toolu_012mL17q3UZCtEJ343VAWHka ExitPlanMode since=1788074796223
## 51 recorded 49: fact Hook hook_event_name=PermissionRequest
snapshot NEEDS_YOU queue=[] working_on=- at=1788074796252 asks=[ask:1->toolu_012mL17q3UZCtEJ343VAWHka plan:[PLAN_CHOICE_START,PLAN_CHOICE_START_ACCEPTING_EDITS,PLAN_CHOICE_KEEP_PLANNING]] session=f6fef710-9678-4718-b315-d6dde1ac6d23 model=claude-sonnet-5 model_name="Sonnet 5" mode=plan context=50392 tasks=? background=? running=toolu_012mL17q3UZCtEJ343VAWHka ExitPlanMode since=1788074796223
## 53 recorded 51: fact Transcript type=assistant uuid=bd52d0ae-efe1-451a-8f6d-64ff488a0802
snapshot NEEDS_YOU queue=[] working_on=- at=1788074797569 asks=[ask:1->toolu_012mL17q3UZCtEJ343VAWHka plan:[PLAN_CHOICE_START,PLAN_CHOICE_START_ACCEPTING_EDITS,PLAN_CHOICE_KEEP_PLANNING]] session=f6fef710-9678-4718-b315-d6dde1ac6d23 model=claude-sonnet-5 model_name="Sonnet 5" mode=plan context=51419 tasks=? background=? running=toolu_012mL17q3UZCtEJ343VAWHka ExitPlanMode since=1788074796223
## 54 recorded 52: fact Transcript type=user uuid=8c2b6404-2e89-4148-a63b-7a535ea2e414
item toolu_012mL17q3UZCtEJ343VAWHka plan final at=1788074796223 text="# Context\n\nThe user asked to change README.md's only line from `CURRENT` to `UPDATED`. This is a trivial, explicitly-specified text change.\n\n# Plan\n\n- Edit `README.md`, replacing its sole line's content `CURRENT` with `UPDATED`.\n\n# Verification\n\n- Read README.md after the edit to confirm it contains `UPDATED` and not `CURRENT`.\n" PLAN_VERDICT_SENT_BACK note="Also explain why the change is needed"
snapshot WORKING queue=[] working_on=- at=1788074797569 asks=[] session=f6fef710-9678-4718-b315-d6dde1ac6d23 model=claude-sonnet-5 model_name="Sonnet 5" mode=plan context=51419 tasks=? background=?
