## 0 initial
snapshot STARTING queue=[] working_on=- at=0 asks=[] session=? model=? mode=? context=? tasks=? background=?
## 1 fact {"channel":"agent","json":{"keymap":"claude-2.1","type":"launch","version":"2.1.251"}}
## 3 recorded 1: fact Hook hook_event_name=SessionStart
effect follow "<TRANSCRIPT_1>"
item boundary:1 boundary final at=1788075568956 text="" BOUNDARY_KIND_STARTED session=d688f3cb-9fa0-4965-b912-44a93bf7593a version=2.1.251 keymap=claude-2.1
snapshot IDLE queue=[] working_on=- at=1788075568956 asks=[] session=d688f3cb-9fa0-4965-b912-44a93bf7593a model=claude-sonnet-5 mode=? context=? tasks=? background=?
## 6 recorded 4: fact Transcript type=permission-mode
snapshot IDLE queue=[] working_on=- at=1788075569060 asks=[] session=d688f3cb-9fa0-4965-b912-44a93bf7593a model=claude-sonnet-5 mode=auto context=? tasks=? background=?
## 10 recorded 8: fact Transcript type=user uuid=104f3301-c165-4ce0-bf5e-7c98043943cc
item 104f3301-c165-4ce0-bf5e-7c98043943cc prompt final at=1788075569060 text="Use one AskUserQuestion call containing two questions: first a single-select Color question with Red and Blue; second a multi-select Tools question with Hammer, Saw, and Drill. Then repeat both answers."
snapshot WORKING queue=[] working_on=- at=1788075569060 asks=[] session=d688f3cb-9fa0-4965-b912-44a93bf7593a model=claude-sonnet-5 mode=auto context=? tasks=? background=?
## 21 recorded 19: fact Hook hook_event_name=PreToolUse tool_use_id=toolu_01RvcE5CZ5FufiVEqtUdnTxL
item toolu_01RvcE5CZ5FufiVEqtUdnTxL tool final at=1788075571359 text="" AskUserQuestion TOOL_STATE_RUNNING input="{\"questions\":[{\"header\":\"Color\",\"multiSelect\":false,\"options…"
## 23 recorded 21: fact Hook hook_event_name=PermissionRequest
snapshot NEEDS_YOU queue=[] working_on=- at=1788075571379 asks=[ask:1->toolu_01RvcE5CZ5FufiVEqtUdnTxL question:2+other,3m+other] session=d688f3cb-9fa0-4965-b912-44a93bf7593a model=claude-sonnet-5 mode=auto context=? tasks=? background=?
## 25 recorded 23: fact Hook hook_event_name=PostToolUse tool_use_id=toolu_01RvcE5CZ5FufiVEqtUdnTxL
item toolu_01RvcE5CZ5FufiVEqtUdnTxL tool final at=1788075571359 text="" AskUserQuestion TOOL_STATE_SUCCEEDED decision=DECISION_OUTCOME_ALLOWED elsewhere ended=1788075571364 input="{\"questions\":[{\"header\":\"Color\",\"multiSelect\":false,\"options…"
snapshot WORKING queue=[] working_on=- at=1788075575399 asks=[] session=d688f3cb-9fa0-4965-b912-44a93bf7593a model=claude-sonnet-5 mode=auto context=? tasks=? background=?
## 26 recorded 24: fact Transcript type=assistant uuid=08e35b36-0962-40b2-97bf-ff7634f9bc3d
snapshot WORKING queue=[] working_on=- at=1788075575399 asks=[] session=d688f3cb-9fa0-4965-b912-44a93bf7593a model=claude-sonnet-5 mode=auto context=48328 tasks=? background=?
## 27 recorded 25: fact Transcript type=user uuid=87d78350-2c3b-460d-84e1-48fa6e7dbe6d
item toolu_01RvcE5CZ5FufiVEqtUdnTxL tool final at=1788075571359 text="" AskUserQuestion TOOL_STATE_SUCCEEDED decision=DECISION_OUTCOME_ALLOWED elsewhere ended=1788075571364 input="{\"questions\":[{\"header\":\"Color\",\"multiSelect\":false,\"options…" out="Your questions have been answered: \"Pick a color:\"=\"Blue\", \"…"
## 36 recorded 34: fact Hook hook_event_name=Stop
snapshot WORKING queue=[] working_on=- at=1788075575400 asks=[] session=d688f3cb-9fa0-4965-b912-44a93bf7593a model=claude-sonnet-5 mode=auto context=48328 tasks=? background=0
## 38 recorded 36: fact Transcript type=assistant uuid=33f3e8ff-c6ef-4b5b-bd00-6c890e2d723d
item 33f3e8ff-c6ef-4b5b-bd00-6c890e2d723d message final at=1788075575397 text="Color: Blue. Tools: Hammer, Drill."
snapshot WORKING queue=[] working_on=- at=1788075575449 asks=[] session=d688f3cb-9fa0-4965-b912-44a93bf7593a model=claude-sonnet-5 mode=auto context=48643 tasks=? background=0
## 40 recorded 38: fact Transcript type=system subtype=turn_duration uuid=bcb07b02-89d0-4fae-8952-2edad8fa4e2d
item turn:1 turn final at=1788075575440 text="" #1 TURN_OUTCOME_COMPLETED started=1788075572096
snapshot IDLE queue=[] working_on=- at=1788075575449 asks=[] session=d688f3cb-9fa0-4965-b912-44a93bf7593a model=claude-sonnet-5 mode=auto context=48643 tasks=? background=0
turn_end 1 last=33f3e8ff-c6ef-4b5b-bd00-6c890e2d723d
